<html>
<body>
<pre>
<h1>µVision Build Log</h1>
<h2>Tool Versions:</h2>
IDE-Version: ¦ÌVision V5.12.0.0
Copyright (C) 2014 ARM Ltd and ARM Germany GmbH. All rights reserved.
License Information: yang canhua, ych, LIC=JDA12-98BBB-24MSS-LB3XW-85HIR-A5TX2
 
Tool Versions:
Toolchain:       MDK-ARM Professional  Version: 5.12.0.0
Toolchain Path:  C:\Keil_v5\ARM\ARMCC\Bin
C Compiler:      Armcc.exe V5.05 (build 41)
Assembler:       Armasm.exe V5.05 (build 41)
Linker/Locator:  ArmLink.exe V5.05 (build 41)
Library Manager: ArmAr.exe V5.05 (build 41)
Hex Converter:   FromElf.exe V5.05 (build 41)
CPU DLL:         SARMCM3.DLL V5.12.0.0
Dialog DLL:      DARMCM1.DLL V1.11.00.0
    Target DLL: Segger\JL2CM3.dll
Dialog DLL:      TARMCM1.DLL V1.08.00.0
 
<h2>Project:</h2>
C:\Users\Canhua.Yang\Desktop\project\SI6600_Demo_rls\Demo.uvprojx
Project File Date:  02/27/2016

<h2>Output:</h2>
Rebuild target 'Target 1'
compiling system_SI6600.c...
assembling startup_SI6600.s...
compiling sysclk.c...
compiling uart_demo2.c...
compiling UartSlave.c...
compiling sw_lib.c...
linking...
Program Size: Code=1836 RO-data=96 RW-data=8 ZI-data=3168  
FromELF: creating hex file...
After Build - User command #1: fromelf --bin -o .\si6600iap.bin .\Demo.axf
After Build - User command #2: bintoc si6600iap .\si6600iap.bin > .\si6600iap.c
/*** Generated by bintoc. Don't edit! ***/
unsigned char si6600iap[] =
{
0x68,0x0C,0x00,0x20,0x25,0xF9,0x03,0xA0,0x2D,0xF9,0x03,0xA0,0x2F,0xF9,0x03,0xA0,
0x00,0x00,0x00,0x00,0x00,0x00,0x00,0x00,0x00,0x00,0x00,0x00,0x00,0x00,0x00,0x00,
0x00,0x00,0x00,0x00,0x00,0x00,0x00,0x00,0x00,0x00,0x00,0x00,0x31,0xF9,0x03,0xA0,
0x00,0x00,0x00,0x00,0x00,0x00,0x00,0x00,0x33,0xF9,0x03,0xA0,0x35,0xF9,0x03,0xA0,
0x00,0xF0,0x02,0xF8,0x00,0xF0,0x3E,0xF8,0x0C,0xA0,0x30,0xC8,0x08,0x38,0x24,0x18,
0x2D,0x18,0xA2,0x46,0x67,0x1E,0xAB,0x46,0x54,0x46,0x5D,0x46,0xAC,0x42,0x01,0xD1,
0x00,0xF0,0x30,0xF8,0x7E,0x46,0x0F,0x3E,0x0F,0xCC,0xB6,0x46,0x01,0x26,0x33,0x42,
0x00,0xD0,0xFB,0x1A,0xA2,0x46,0xAB,0x46,0x33,0x43,0x18,0x47,0xF0,0x06,0x00,0x00,
0x10,0x07,0x00,0x00,0x10,0x3A,0x02,0xD3,0x78,0xC8,0x78,0xC1,0xFA,0xD8,0x52,0x07,
0x01,0xD3,0x30,0xC8,0x30,0xC1,0x01,0xD5,0x04,0x68,0x0C,0x60,0x70,0x47,0x00,0x00,
0x00,0x23,0x00,0x24,0x00,0x25,0x00,0x26,0x10,0x3A,0x01,0xD3,0x78,0xC1,0xFB,0xD8,
0x52,0x07,0x00,0xD3,0x30,0xC1,0x00,0xD5,0x0B,0x60,0x70,0x47,0x1F,0xB5,0x1F,0xBD,
0x10,0xB5,0x10,0xBD,0x00,0xF0,0x21,0xFB,0x11,0x46,0xFF,0xF7,0xF7,0xFF,0x00,0xF0,
0x46,0xF8,0x00,0xF0,0x39,0xFB,0x03,0xB4,0xFF,0xF7,0xF2,0xFF,0x03,0xBC,0x00,0xF0,
0x3D,0xFB,0x00,0x00,0x05,0x48,0x01,0x68,0x8D,0x46,0x05,0x48,0x01,0x68,0x05,0x4A,
0x05,0x4B,0x13,0x60,0x08,0x47,0x00,0xBF,0x00,0xBF,0x00,0xBF,0x00,0x00,0x00,0xA0,
0x04,0x00,0x00,0xA0,0x60,0x00,0x02,0x40,0x01,0x00,0x00,0x00,0x04,0x49,0x03,0x48,
0x08,0x60,0x70,0x47,0x02,0x49,0x01,0x48,0x08,0x60,0x70,0x47,0x00,0x24,0xF4,0x00,
0x00,0x00,0x00,0x20,0x07,0x48,0x80,0x47,0x07,0x48,0x00,0x47,0xFE,0xE7,0xFE,0xE7,
0xFE,0xE7,0xFE,0xE7,0xFE,0xE7,0xFE,0xE7,0x04,0x48,0x05,0x49,0x03,0x4A,0x05,0x4B,
0x70,0x47,0x00,0x00,0x15,0xF9,0x03,0xA0,0x41,0xF8,0x03,0xA0,0x68,0x08,0x00,0x20,
0x68,0x0C,0x00,0x20,0x68,0x08,0x00,0x20,0x40,0x1E,0xFD,0xD2,0x70,0x47,0x06,0x48,
0x00,0xF0,0x0C,0xF8,0x01,0x20,0x80,0x07,0x00,0xF0,0x1B,0xF8,0x00,0xF0,0x59,0xF9,
0x00,0xF0,0x4E,0xFA,0xFC,0xE7,0x00,0x00,0x40,0x2C,0x01,0x40,0x81,0x6A,0x3F,0x22,
0x92,0x04,0x91,0x43,0x81,0x62,0x81,0x6A,0x09,0x22,0x92,0x04,0x11,0x43,0x81,0x62,
0x41,0x68,0xC0,0x22,0x91,0x43,0x41,0x60,0x41,0x68,0x40,0x22,0x11,0x43,0x41,0x60,
0x70,0x47,0x00,0x21,0x01,0x61,0x80,0x22,0xC2,0x60,0x0D,0x22,0x02,0x60,0x41,0x60,
0xC1,0x60,0x03,0x21,0xC1,0x60,0x01,0x21,0x81,0x60,0x70,0x47,0x08,0xB5,0x00,0x23,
0x00,0x93,0x93,0x42,0x0A,0xD2,0xCB,0x5C,0x03,0x60,0x43,0x69,0x9B,0x06,0xFC,0xD5,
0x43,0x69,0x5B,0x06,0xFC,0xD5,0x00,0x9B,0x5B,0x1C,0xF1,0xE7,0x00,0x68,0x69,0x46,
0x08,0x70,0x08,0xBD,0x18,0xB5,0x00,0x23,0x00,0x93,0x93,0x42,0x08,0xD2,0x43,0x69,
0xDB,0x07,0xFC,0xD0,0x03,0x68,0x00,0x9C,0x0B,0x55,0x00,0x9B,0x5B,0x1C,0xF3,0xE7,
0x18,0xBD,0x05,0x20,0x00,0x02,0x02,0x68,0xF8,0x49,0x8A,0x63,0x42,0x68,0xCA,0x63,
0x82,0x68,0xF6,0x49,0x40,0x31,0x0A,0x60,0xC2,0x68,0x4A,0x60,0x02,0x69,0x8A,0x60,
0x42,0x69,0xCA,0x60,0x82,0x69,0x0A,0x61,0xC0,0x69,0x48,0x61,0x70,0x47,0x30,0xB5,
0xEF,0x4A,0x00,0x20,0xED,0x49,0xD3,0x43,0x44,0x1E,0x0A,0x63,0x0B,0x63,0x85,0x00,
0x6D,0x18,0xAC,0x63,0x40,0x1C,0x08,0x28,0xF7,0xD3,0x30,0xBD,0xF7,0xB5,0xE9,0x48,
0x15,0x46,0x82,0x42,0x03,0xD2,0x6A,0x18,0x52,0x1E,0x82,0x42,0x01,0xD3,0x00,0x20,
0xFE,0xBD,0xE2,0x4A,0x01,0x20,0x10,0x62,0x00,0x24,0x8F,0x08,0x0B,0xE0,0x00,0x98,
0xA6,0x00,0x30,0x18,0x40,0x1C,0x00,0xF0,0x34,0xFA,0x00,0x99,0x00,0x02,0x89,0x5D,
0x08,0x43,0xA8,0x51,0x64,0x1C,0xA7,0x42,0xF1,0xD8,0x01,0x20,0xFE,0xBD,0xD7,0x49,
0x02,0x20,0x08,0x62,0x00,0x20,0x05,0x22,0x01,0x46,0x52,0x07,0x83,0x02,0x9B,0x18,
0x19,0x60,0x40,0x1C,0xFE,0x28,0xF9,0xD3,0x70,0x47,0xD0,0x48,0x02,0x21,0x01,0x62,
0x00,0x21,0x02,0x15,0x11,0x60,0x01,0x21,0x01,0x62,0x1F,0x20,0xCC,0x4A,0x80,0x01,
0x82,0x63,0xD1,0x43,0xC1,0x63,0x83,0x6B,0x93,0x42,0x04,0xD1,0xC0,0x6B,0x88,0x42,
0x01,0xD1,0x01,0x20,0x70,0x47,0x00,0x20,0x70,0x47,0x00,0xB5,0xFF,0xF7,0xD7,0xFF,
0xFF,0xF7,0xE3,0xFF,0xC4,0x4A,0x00,0x21,0x51,0x70,0x00,0xBD,0x38,0xB5,0x04,0x46,
0x34,0x30,0x10,0x22,0xFF,0x21,0x05,0x46,0x00,0xF0,0xCD,0xF9,0x00,0x28,0x05,0xD0,
0x7D,0x21,0x08,0x22,0xC9,0x00,0x28,0x46,0x00,0xF0,0xA0,0xF9,0xE1,0x22,0xD2,0x00,
0x04,0x21,0x20,0x46,0xFF,0xF7,0x9A,0xFF,0x03,0x22,0x52,0x02,0x10,0x21,0x20,0x1D,
0xFF,0xF7,0x94,0xFF,0x05,0x22,0x20,0x46,0x12,0x02,0x20,0x21,0x14,0x30,0xFF,0xF7,
0x8D,0xFF,0x01,0x22,0x92,0x02,0x10,0x21,0x28,0x46,0xFF,0xF7,0x87,0xFF,0x07,0x22,
0x20,0x46,0x12,0x02,0x04,0x21,0x44,0x30,0xFF,0xF7,0x80,0xFF,0x55,0x20,0x69,0x46,
0x08,0x70,0xAA,0x4A,0x04,0x21,0x68,0x46,0xFF,0xF7,0x78,0xFF,0xA6,0x49,0x01,0x20,
0x48,0x70,0x38,0xBD,0x30,0xB5,0x85,0xB0,0x04,0x46,0x03,0x21,0x10,0x22,0x49,0x02,
0x68,0x46,0x00,0xF0,0x6B,0xF9,0x10,0x22,0x21,0x46,0x68,0x46,0x00,0xF0,0x78,0xF9,
0x01,0x24,0x00,0x28,0x2D,0xD0,0xE1,0x21,0x04,0x22,0xC9,0x00,0x68,0x46,0x00,0xF0,
0x5D,0xF9,0x68,0x46,0x00,0x78,0x00,0x28,0x20,0xD0,0x20,0x28,0x1C,0xD2,0x97,0x4D,
0x04,0x22,0x08,0x35,0x29,0x46,0x04,0xA8,0x00,0xF0,0x50,0xF9,0x04,0x99,0x00,0x20,
0x22,0x46,0x82,0x40,0x0A,0x42,0x02,0xD1,0x40,0x1C,0x20,0x28,0xF8,0xD3,0x6A,0x46,
0x12,0x78,0x82,0x42,0x08,0xD9,0x84,0x40,0xA1,0x43,0x04,0x91,0x2A,0x46,0x04,0x21,
0x04,0xA8,0xFF,0xF7,0x3B,0xFF,0x01,0xE0,0xFF,0xF7,0x7F,0xFF,0x00,0x20,0x05,0xB0,
0x30,0xBD,0x85,0x48,0x44,0x70,0x01,0x20,0xF9,0xE7,0x1C,0xB5,0x83,0x49,0x04,0x22,
0x08,0x31,0x68,0x46,0x00,0xF0,0x2A,0xF9,0x00,0x24,0x00,0x98,0x01,0x22,0x11,0x46,
0xA1,0x40,0x01,0x42,0x02,0xD1,0x64,0x1C,0x20,0x2C,0xF8,0xD3,0xE1,0x21,0x04,0x22,
0xC9,0x00,0x01,0xA8,0x00,0xF0,0x1A,0xF9,0x68,0x46,0x00,0x79,0x00,0x1B,0xC0,0xB2,
0x1C,0xBD,0x75,0x48,0x00,0x21,0x01,0x70,0x41,0x70,0x70,0x47,0x74,0x49,0x79,0x20,
0x08,0x70,0x01,0x22,0x80,0x07,0xC1,0xE6,0x71,0x49,0x1F,0x20,0x08,0x70,0x01,0x22,
0x90,0x07,0xBB,0xE6,0xF8,0xB5,0x01,0x22,0x95,0x07,0x6D,0x49,0x28,0x46,0xFF,0xF7,
0xC9,0xFE,0x6B,0x4C,0x20,0x78,0x7F,0x28,0x0B,0xD0,0x09,0x22,0x61,0x1C,0x90,0x07,
0xFF,0xF7,0xC0,0xFE,0x0A,0x21,0x20,0x46,0x00,0xF0,0x22,0xF9,0x00,0x28,0x04,0xD0,
0x95,0xE0,0x01,0x22,0x62,0x49,0x28,0x46,0x6D,0xE0,0x5F,0x48,0x07,0x25,0x40,0x78,
0x2D,0x02,0x00,0x28,0x02,0xD1,0x28,0x79,0x55,0x28,0x10,0xD0,0xFF,0xF7,0xCF,0xFE,
0x21,0x78,0xB2,0x29,0x62,0xD0,0x19,0xDC,0x5A,0x4D,0x31,0x29,0x2D,0xD0,0x10,0xDC,
0x02,0x29,0x22,0xD0,0x11,0x29,0x46,0xD0,0x21,0x29,0x78,0xD1,0x93,0xE0,0x20,0x78,
0xB1,0x28,0xED,0xD0,0xB2,0x28,0xEB,0xD0,0xB3,0x28,0xE9,0xD0,0x7E,0x20,0x20,0x70,
0xE6,0xE7,0xB0,0x29,0x4D,0xD0,0xB1,0x29,0x69,0xD1,0x5A,0xE0,0xC2,0x29,0x76,0xD0,
0x06,0xDC,0xB3,0x29,0x60,0xD0,0xC0,0x29,0x67,0xD0,0xC1,0x29,0x5F,0xD1,0x68,0xE0,
0xC3,0x29,0x70,0xD0,0xC4,0x29,0x5A,0xD1,0x71,0xE0,0xF9,0x21,0x02,0x22,0x89,0x00,
0x43,0x48,0x00,0xF0,0xAB,0xF8,0x02,0x22,0x5F,0xE0,0xE0,0x1C,0x00,0xF0,0xF1,0xF8,
0x06,0x02,0xA0,0x78,0xA1,0x79,0x06,0x43,0xE0,0x79,0x07,0x02,0x20,0x7A,0x0F,0x43,
0x00,0x28,0x00,0xD0,0x76,0x19,0xFF,0xF7,0x89,0xFF,0x01,0x20,0x3A,0x46,0x38,0x49,
0x80,0x07,0xFF,0xF7,0x5F,0xFE,0x32,0x46,0x39,0x46,0x35,0x48,0xFF,0xF7,0x8E,0xFE,
0x00,0x28,0x37,0xD1,0x33,0xE0,0xE0,0x1C,0x00,0xF0,0xD3,0xF8,0x01,0x02,0xA0,0x78,
0xA3,0x79,0x01,0x43,0xE0,0x79,0x02,0x02,0x20,0x7A,0x1A,0x43,0x00,0x28,0x00,0xD0,
0x49,0x19,0x01,0x20,0x80,0x07,0xFF,0xF7,0x31,0xFE,0xF8,0xBD,0xFF,0xF7,0xBD,0xFE,
0xE6,0xE7,0xA0,0x78,0x00,0x28,0x01,0xD0,0xFF,0xF7,0xB7,0xFE,0xFF,0xF7,0x5E,0xFF,
0x48,0x22,0x23,0x49,0xD0,0x06,0xFF,0xF7,0x35,0xFE,0x21,0x48,0xFF,0xF7,0xB6,0xFE,
0x10,0xE0,0xFF,0xF7,0x53,0xFF,0x10,0x22,0x1D,0x49,0x90,0x06,0xFF,0xF7,0x2A,0xFE,
0x1B,0x48,0xFF,0xF7,0xE7,0xFE,0xCB,0xE7,0x28,0x79,0x55,0x28,0x02,0xD0,0xFF,0xF7,
0x4B,0xFF,0xF8,0xBD,0xFF,0xF7,0x42,0xFF,0xF8,0xBD,0xFF,0xF7,0x70,0xFE,0xF9,0xE7,
0x05,0xE0,0xFF,0xF7,0x1A,0xFF,0x20,0x70,0x01,0x22,0x11,0x49,0xC9,0xE7,0x01,0x22,
0x11,0x49,0xC6,0xE7,0xFF,0xE7,0x08,0x22,0x7D,0x21,0xC9,0x00,0xC1,0xE7,0x20,0x22,
0x05,0x21,0x09,0x02,0xBD,0xE7,0xFF,0xF7,0x14,0xFE,0x0C,0x48,0x41,0x68,0x01,0x22,
0x12,0x04,0x11,0x43,0x41,0x60,0xFF,0xF7,0x7D,0xFD,0xF8,0xBD,0x00,0x00,0x02,0x40,
0x5A,0x5A,0x5A,0x5A,0x00,0xF8,0x03,0xA0,0x04,0x00,0x00,0x20,0x04,0x07,0x00,0x00,
0x08,0x00,0x00,0x20,0x00,0x00,0x00,0xA0,0xE7,0x03,0x00,0x00,0x00,0x35,0x01,0x40,
0x70,0xB5,0x0C,0x4C,0x20,0x78,0x00,0x28,0x02,0xD0,0xFF,0xF7,0x13,0xFF,0x70,0xBD,
0x01,0x22,0x95,0x07,0x08,0x49,0x28,0x46,0xFF,0xF7,0xDC,0xFD,0x06,0x48,0x00,0x78,
0x7F,0x28,0xF4,0xD1,0x01,0x22,0x04,0x49,0x28,0x46,0xFF,0xF7,0xBF,0xFD,0x01,0x20,
0x20,0x70,0x70,0xBD,0x04,0x00,0x00,0x20,0x08,0x00,0x00,0x20,0x10,0xB5,0x00,0x23,
0x02,0xE0,0xCC,0x5C,0xC4,0x54,0x5B,0x1C,0x93,0x42,0xFA,0xD3,0x01,0x20,0x10,0xBD,
0x00,0x23,0x01,0xE0,0xC1,0x54,0x5B,0x1C,0x93,0x42,0xFB,0xD3,0x01,0x20,0x70,0x47,
0x30,0xB5,0x00,0x23,0x0B,0xE0,0xC5,0x5C,0xCC,0x5C,0xA5,0x42,0x02,0xD2,0x00,0x20,
0xC0,0x43,0x30,0xBD,0xA5,0x42,0x01,0xD9,0x01,0x20,0x30,0xBD,0x5B,0x1C,0x93,0x42,
0xF1,0xD3,0x00,0x20,0x30,0xBD,0x10,0xB5,0x00,0x23,0x05,0xE0,0xC4,0x5C,0x8C,0x42,
0x01,0xD0,0x00,0x20,0x10,0xBD,0x5B,0x1C,0x93,0x42,0xF7,0xD3,0x01,0x20,0x10,0xBD,
0x10,0xB5,0x03,0x46,0x00,0x78,0x00,0x29,0x05,0xD0,0x01,0x29,0x03,0xD0,0x02,0x29,
0x03,0xD0,0x01,0x22,0x0A,0xE0,0x01,0x20,0x10,0xBD,0x59,0x78,0x40,0x18,0xFF,0x28,
0xF9,0xD1,0x00,0x20,0x10,0xBD,0x9C,0x5C,0x60,0x40,0x52,0x1C,0x8A,0x42,0xFA,0xD3,
0x10,0xBD,0x03,0x78,0xC2,0x78,0x19,0x46,0x43,0x78,0x12,0x06,0x1B,0x02,0x19,0x43,
0x83,0x78,0xC0,0x78,0x1B,0x04,0x19,0x43,0x11,0x43,0x09,0x02,0x09,0x0A,0x00,0x06,
0x08,0x43,0x70,0x47,0x70,0x47,0x70,0x47,0x70,0x47,0x75,0x46,0x00,0xF0,0x22,0xF8,
0xAE,0x46,0x05,0x00,0x69,0x46,0x53,0x46,0xC0,0x08,0xC0,0x00,0x85,0x46,0x18,0xB0,
0x20,0xB5,0xFF,0xF7,0x09,0xFD,0x60,0xBC,0x00,0x27,0x49,0x08,0xB6,0x46,0x00,0x26,
0xC0,0xC5,0xC0,0xC5,0xC0,0xC5,0xC0,0xC5,0xC0,0xC5,0xC0,0xC5,0xC0,0xC5,0xC0,0xC5,
0x40,0x3D,0x49,0x00,0x8D,0x46,0x70,0x47,0x04,0x46,0xC0,0x46,0xC0,0x46,0x20,0x46,
0xFF,0xF7,0xC1,0xFC,0x00,0x48,0x70,0x47,0x08,0x08,0x00,0x20,0x01,0x49,0x18,0x20,
0xAB,0xBE,0xFE,0xE7,0x26,0x00,0x02,0x00,0x70,0x47,0x00,0x00,0x8C,0xFF,0x03,0xA0,
0x00,0x00,0x00,0x20,0x08,0x00,0x00,0x00,0x84,0xF8,0x03,0xA0,0x94,0xFF,0x03,0xA0,
0x08,0x00,0x00,0x20,0x60,0x0C,0x00,0x00,0xA0,0xF8,0x03,0xA0,0x00,0x24,0xF4,0x00,
0x00,0x00,0x00,0x00
};
".\Demo.axf" - 0 Error(s), 0 Warning(s).

<h2>Software Packages used:</h2>

Package Vendor: ARM
                http://www.keil.com/pack/ARM.CMSIS.4.3.0.pack
                ARM::CMSIS:CORE:4.1.0
                CMSIS (Cortex Microcontroller Software Interface Standard)
   * Component: CORE Version: 4.1.0

<h2>Collection of Component include folders:</h2>
  C:\Users\Canhua.Yang\Desktop\project\SI6600_Demo_rls\RTE
  C:\Keil_v5\ARM\PACK\ARM\CMSIS\4.3.0
  C:\Keil_v5\ARM\PACK\ARM\CMSIS\4.3.0\CMSIS\Include

<h2>Collection of Component Files used:</h2>

   * Component: ARM::CMSIS:CORE:4.1.0
</pre>
</body>
</html>
#40: expected an identifier
      __IO u32  MAIN_PL1;
.\DEVICE\SI6600.h(1076): error:  #79: expected a type specifier
      __IO u32  MAIN_PL1;
.\DEVICE\SI6600.h(1076): error:  #168: a function type is not allowed here
      __IO u32  MAIN_PL1;
.\DEVICE\SI6600.h(1077): error:  #40: expected an identifier
      __IO u32  MAIN_PL2;
.\DEVICE\SI6600.h(1077): error:  #79: expected a type specifier
      __IO u32  MAIN_PL2;
.\DEVICE\SI6600.h(1077): error:  #168: a function type is not allowed here
      __IO u32  MAIN_PL2;
.\DEVICE\SI6600.h(1078): error:  #40: expected an identifier
      __IO u32  MAIN_PL3;
.\DEVICE\SI6600.h(1078): error:  #79: expected a type specifier
      __IO u32  MAIN_PL3;
.\DEVICE\SI6600.h(1078): error:  #168: a function type is not allowed here
      __IO u32  MAIN_PL3;
.\DEVICE\SI6600.h(1079): error:  #40: expected an identifier
      __IO u32  MAIN_PL4;
.\DEVICE\SI6600.h(1079): error:  #79: expected a type specifier
      __IO u32  MAIN_PL4;
.\DEVICE\SI6600.h(1079): error:  #168: a function type is not allowed here
      __IO u32  MAIN_PL4;
.\DEVICE\SI6600.h(1080): error:  #40: expected an identifier
      __IO u32  MAIN_PL5;
.\DEVICE\SI6600.h(1080): error:  #79: expected a type specifier
      __IO u32  MAIN_PL5;
.\DEVICE\SI6600.h(1080): error:  #168: a function type is not allowed here
      __IO u32  MAIN_PL5;
.\DEVICE\SI6600.h(1081): error:  #40: expected an identifier
      __IO u32  MAIN_PL6;
.\DEVICE\SI6600.h(1081): error:  #79: expected a type specifier
      __IO u32  MAIN_PL6;
.\DEVICE\SI6600.h(1081): error:  #168: a function type is not allowed here
      __IO u32  MAIN_PL6;
.\DEVICE\SI6600.h(1082): error:  #40: expected an identifier
      __IO u32  MAIN_PL7;
.\DEVICE\SI6600.h(1082): error:  #79: expected a type specifier
      __IO u32  MAIN_PL7;
.\DEVICE\SI6600.h(1082): error:  #168: a function type is not allowed here
      __IO u32  MAIN_PL7;
.\DEVICE\SI6600.h(1083): error:  #40: expected an identifier
      __IO u32  INFO_PL;
.\DEVICE\SI6600.h(1083): error:  #79: expected a type specifier
      __IO u32  INFO_PL;
.\DEVICE\SI6600.h(1083): error:  #168: a function type is not allowed here
      __IO u32  INFO_PL;
USER\sw_lib.c: 0 warnings, 27 errors
".\Demo.axf" - 138 Error(s), 0 Warning(s).

<h2>Software Packages used:</h2>

Package Vendor: ARM
                http://www.keil.com/pack/ARM.CMSIS.4.3.0.pack
                ARM::CMSIS:CORE:4.1.0
                CMSIS (Cortex Microcontroller Software Interface Standard)
   * Component: CORE Version: 4.1.0

<h2>Collection of Component include folders:</h2>
  C:\Users\Canhua.Yang\Desktop\project\SI6600_Demo_rls\RTE
  C:\Keil_v5\ARM\PACK\ARM\CMSIS\4.3.0
  C:\Keil_v5\ARM\PACK\ARM\CMSIS\4.3.0\CMSIS\Include

<h2>Collection of Component Files used:</h2>

   * Component: ARM::CMSIS:CORE:4.1.0
Target not created.
