<html>
<body>
<pre>
<h1>µVision Build Log</h1>
<h2>Tool Versions:</h2>
IDE-Version: ¦ÌVision V5.12.0.0
Copyright (C) 2014 ARM Ltd and ARM Germany GmbH. All rights reserved.
License Information: a a, a, LIC=----
 
Tool Versions:
Toolchain:       MDK-Lite  Version: 5.12.0.0
Toolchain Path:  C:\Keil_v5\ARM\ARMCC\Bin
C Compiler:      Armcc.exe V5.05 (build 41)
Assembler:       Armasm.exe V5.05 (build 41)
Linker/Locator:  ArmLink.exe V5.05 (build 41)
Library Manager: ArmAr.exe V5.05 (build 41)
Hex Converter:   FromElf.exe V5.05 (build 41)
CPU DLL:         SARMCM3.DLL V5.12.0.0
Dialog DLL:      DARMCM1.DLL V1.11.00.0
Target DLL:      UL2CM3.DLL V1.153.0.0
Dialog DLL:      TARMCM1.DLL V1.08.00.0
 
<h2>Project:</h2>
E:\project\SI6600\ASIC_DEBUG\pattern\bootloader\example.uvprojx
Project File Date:  12/23/2015

<h2>Output:</h2>
Rebuild target 'Target 1'
compiling test.c...
assembling startup_NUC122.s...
linking...
Program Size: Code=156 RO-data=192 RW-data=0 ZI-data=1024  
FromELF: creating hex file...
After Build - User command #1: fromelf --vhx --32x1 -o .\example.bin .\example.axf
".\example.axf" - 0 Error(s), 0 Warning(s).

<h2>Collection of Component include folders:</h2>
  E:\project\SI6600\ASIC_DEBUG\pattern\bootloader\RTE
  C:\Keil_v5\ARM\PACK\ARM\CMSIS\4.2.0\Device\ARM\ARMCM0\Include

<h2>Collection of Component Files used:</h2>
</pre>
</body>
</html>
