 Files

 Timestamp is 56af0fb8 (Mon Feb 01 15:56:40 2016)

 Preferred load address is 10000000

 Start         Length     Name                   Class
 0001:00000000 0006dc9cH .text                   CODE
 0001:0006dca0 0000411fH .text$x                 CODE
 0001:00071dc0 000014f2H .text$yc                CODE
 0001:000732c0 000010e2H .text$yd                CODE
 0002:00000000 00000104H .CRT$XCA                DATA
 0002:00000104 0000010eH .CRT$XCC                DATA
 0002:00000214 00000113H .CRT$XCL                DATA
 0002:00000328 00000156H .CRT$XCU                DATA
 0002:00000480 00000104H .CRT$XCZ                DATA
 0002:00000584 00000104H .CRT$XIA                DATA
 0002:00000688 00000118H .CRT$XIC                DATA
 0002:000007a0 00000104H .CRT$XIY                DATA
 0002:000008a4 00000104H .CRT$XIZ                DATA
 0002:000009a8 00000104H .CRT$XPA                DATA
 0002:00000aac 00000104H .CRT$XPX                DATA
 0002:00000bb0 00000104H .CRT$XPXA               DATA
 0002:00000cb4 00000104H .CRT$XPZ                DATA
 0002:00000db8 00000104H .CRT$XTA                DATA
 0002:00000ebc 00000104H .CRT$XTB                DATA
 0002:00000fc0 00000104H .CRT$XTZ                DATA
 0002:000010d0 0000967eH .rdata                  DATA
 0002:0000a750 00000187H .rdata$debug            DATA
 0002:0000a8d8 000023cfH .rdata$r                DATA
 0002:0000ccb0 00000568H .rdata$sxdata           DATA
 0002:0000d218 00000104H .rtc$IAA                DATA
 0002:0000d31c 00000104H .rtc$IZZ                DATA
 0002:0000d420 00000104H .rtc$TAA                DATA
 0002:0000d524 00000104H .rtc$TZZ                DATA
 0002:0000d628 000050c8H .xdata$x                DATA
 0002:000126f0 00000104H ATL$__a                 DATA
 0002:000127f4 00000104H ATL$__z                 DATA
 0002:00012900 00000380H .edata                  DATA
 0003:00000000 000031bdH .data                   DATA
 0003:000031c0 00003f90H .bss                    DATA
 0004:00000000 000000c8H .idata$2                DATA
 0004:000000c8 00000014H .idata$3                DATA
 0004:000000dc 00000a78H .idata$4                DATA
 0004:00000b54 00000a78H .idata$5                DATA
 0004:000015cc 000021c9H .idata$6                DATA
 0005:00000000 00000020H .didat$2                DATA
 0005:00000020 00000020H .didat$3                DATA
 0005:00000040 00000038H .didat$4                DATA
 0005:00000078 00000038H .didat$5                DATA
 0005:000000b0 00000155H .didat$6                DATA
 0005:00000208 00000111H .didat$7                DATA
 0006:00000000 00000d1cH .rsrc$01                DATA
 0006:00000d20 000045f6H .rsrc$02                DATA

  Address         Publics by Value              Rva+Base       Lib:Object

 0000:00000000       __except_list              00000000     <absolute>
 0000:000000eb       ___safe_se_handler_count   000000eb     <absolute>
 0000:00000000       ___ImageBase               10000000     <linker-defined>
 0001:00000a10       ?GetEnvironmentVariableWThunk@ATL@@YGKPB_WPA_WK@Z 10001a10 f i Files.obj
 0001:00000a50       ?_AtlInstallStringThunk@ATL@@YAXPAPAXPAX1@Z 10001a50 f i Files.obj
 0001:00000ad0       ?InterlockedExchangePointer@@YGPAXPAPAXPAX@Z 10001ad0 f i Files.obj
 0001:00000af0       ?GetEnvironmentVariableWFake@ATL@@YGKPB_WPA_WK@Z 10001af0 f i Files.obj
 0001:00000d70       ?_AtlGetConversionACP@ATL@@YGIXZ 10001d70 f i Files.obj
 0001:00000d80       ?CompareStringWThunk@ATL@@YGHKKPB_WH0H@Z 10001d80 f i Files.obj
 0001:00000dd0       ?CompareStringWFake@ATL@@YGHKKPB_WH0H@Z 10001dd0 f i Files.obj
 0001:00001080       ??$AtlMultiply@H@ATL@@YAJPAHHH@Z 10002080 f i Files.obj
 0001:000010f0       ?_AtlVerifyStackAvailable@_ATL_SAFE_ALLOCA_IMPL@ATL@@YA_NK@Z 100020f0 f i Files.obj
 0001:00001200       ?AtlW2AHelper@@YGPADPADPB_WHI@Z 10002200 f i Files.obj
 0001:00001270       ?AtlThrowImpl@ATL@@YGXJ@Z  10002270 f i Files.obj
 0001:000012a0       ?GetStringTypeExWThunk@ATL@@YGHKKPB_WHPAG@Z 100022a0 f i Files.obj
 0001:000012f0       ?GetStringTypeExWFake@ATL@@YGHKKPB_WHPAG@Z 100022f0 f i Files.obj
 0001:00001450       ?lstrcmpiWThunk@ATL@@YGHPB_W0@Z 10002450 f i Files.obj
 0001:00001490       ?lstrcmpiWFake@ATL@@YGHPB_W0@Z 10002490 f i Files.obj
 0001:000016d0       ?CharLowerWThunk@ATL@@YGPA_WPA_W@Z 100026d0 f i Files.obj
 0001:00001710       ?CharLowerWFake@ATL@@YGPA_WPA_W@Z 10002710 f i Files.obj
 0001:000019a0       ?AtlA2WHelper@@YGPA_WPA_WPBDHI@Z 100029a0 f i Files.obj
 0001:00001a00       ?wcscpy_s@Checked@ATL@@YAXPA_WIPB_W@Z 10002a00 f i Files.obj
 0001:00001a30       ?AfxCrtErrorCheck@@YAHH@Z  10002a30 f i Files.obj
 0001:00001b00       ?CharUpperWThunk@ATL@@YGPA_WPA_W@Z 10002b00 f i Files.obj
 0001:00001b40       ?CharUpperWFake@ATL@@YGPA_WPA_W@Z 10002b40 f i Files.obj
 0001:00001dd0       ?_AfxInitManaged@@YAHXZ    10002dd0 f i Files.obj
 0001:00001de0       ?GetMessageMap@CFilesApp@@MBEPBUAFX_MSGMAP@@XZ 10002de0 f   Files.obj
 0001:00001df0       ?GetThisMessageMap@CFilesApp@@KGPBUAFX_MSGMAP@@XZ 10002df0 f   Files.obj
 0001:00001e00       ??0CFilesApp@@QAE@XZ       10002e00 f   Files.obj
 0001:00001e30       _FILES_CreateImage         10002e30 f   Files.obj
 0001:00001ec0       _FILES_CreateImageFromMapping 10002ec0 f   Files.obj
 0001:00001f50       _FILES_DuplicateImage      10002f50 f   Files.obj
 0001:00001ff0       _FILES_GetImageNbElement   10002ff0 f   Files.obj
 0001:00002040       _FILES_SetImageElement     10003040 f   Files.obj
 0001:000020b0       _FILES_GetImageElement     100030b0 f   Files.obj
 0001:00002100       _FILES_FilterImageForOperation 10003100 f   Files.obj
 0001:00002170       _FILES_DestroyImageElement 10003170 f   Files.obj
 0001:000021c0       _FILES_DestroyImage        100031c0 f   Files.obj
 0001:00002220       _FILES_ImageFromFile       10003220 f   Files.obj
 0001:000022e0       _FILES_ImageToFile         100032e0 f   Files.obj
 0001:00002340       _FILES_GetImageAlternate   10003340 f   Files.obj
 0001:00002390       _FILES_GetImageName        10003390 f   Files.obj
 0001:00002400       _FILES_SetImageName        10003400 f   Files.obj
 0001:00002460       _FILES_GetMemoryMapping    10003460 f   Files.obj
 0001:00002b50       ?Serialize@CObject@@UAEXAAVCArchive@@@Z 10003b50 f i Files.obj
 0001:00002b60       ??_GCFilesApp@@UAEPAXI@Z   10003b60 f i Files.obj
 0001:00002b60       ??_ECFilesApp@@UAEPAXI@Z   10003b60 f i Files.obj
 0001:00002ba0       ??3CObject@@SGXPAX@Z       10003ba0 f i Files.obj
 0001:00002bc0       ??1CFilesApp@@UAE@XZ       10003bc0 f i Files.obj
 0001:00002be0       ??2CObject@@SGPAXI@Z       10003be0 f i Files.obj
 0001:00002c00       ??1AFX_MAINTAIN_STATE2@@QAE@XZ 10003c00 f i Files.obj
 0001:00002c30       ?GetImageState@CImage@@QAEHXZ 10003c30 f i Files.obj
 0001:00002c50       ?GetNbElements@CImage@@QAEKXZ 10003c50 f i Files.obj
 0001:00002c70       ?GetSize@CPtrArray@@QBEHXZ 10003c70 f i Files.obj
 0001:00002c90       ?GetAlternate@CImage@@QAEEXZ 10003c90 f i Files.obj
 0001:00002cb0       ?GetName@CImage@@QAEHV?$CStringT@DV?$StrTraitMFC@DV?$ChTraitsCRT@D@ATL@@@@@ATL@@@Z 10003cb0 f i Files.obj
 0001:00002d40       ?SetName@CImage@@QAEXV?$CStringT@DV?$StrTraitMFC@DV?$ChTraitsCRT@D@ATL@@@@@ATL@@@Z 10003d40 f i Files.obj
 0001:00002dc0       ?GetSize@CStringArray@@QBEHXZ 10003dc0 f i Files.obj
 0001:00002de0       ??ACStringArray@@QAEAAV?$CStringT@DV?$StrTraitMFC@DV?$ChTraitsCRT@D@ATL@@@@@ATL@@H@Z 10003de0 f i Files.obj
 0001:00002e00       ?ElementAt@CStringArray@@QAEAAV?$CStringT@DV?$StrTraitMFC@DV?$ChTraitsCRT@D@ATL@@@@@ATL@@H@Z 10003e00 f i Files.obj
 0001:00002e40       ??0?$CAtlSafeAllocBufferManager@VCCRTAllocator@ATL@@@_ATL_SAFE_ALLOCA_IMPL@ATL@@QAE@XZ 10003e40 f i Files.obj
 0001:00002e60       ?Allocate@?$CAtlSafeAllocBufferManager@VCCRTAllocator@ATL@@@_ATL_SAFE_ALLOCA_IMPL@ATL@@QAEPAXK@Z 10003e60 f i Files.obj
 0001:00002ec0       ?Allocate@CCRTAllocator@ATL@@SAPAXI@Z 10003ec0 f i Files.obj
 0001:00002ee0       ??1?$CAtlSafeAllocBufferManager@VCCRTAllocator@ATL@@@_ATL_SAFE_ALLOCA_IMPL@ATL@@QAE@XZ 10003ee0 f i Files.obj
 0001:00002f30       ?Free@CCRTAllocator@ATL@@SAXPAX@Z 10003f30 f i Files.obj
 0001:00002f50       ??0?$CTempBuffer@D$0IA@VCCRTAllocator@ATL@@@ATL@@QAE@XZ 10003f50 f i Files.obj
 0001:00002f70       ??1?$CTempBuffer@D$0IA@VCCRTAllocator@ATL@@@ATL@@QAE@XZ 10003f70 f i Files.obj
 0001:00002fa0       ??B?$CTempBuffer@D$0IA@VCCRTAllocator@ATL@@@ATL@@QBEPADXZ 10003fa0 f i Files.obj
 0001:00002fc0       ?Allocate@?$CTempBuffer@D$0IA@VCCRTAllocator@ATL@@@ATL@@QAEPADI@Z 10003fc0 f i Files.obj
 0001:00002ff0       ??0?$CW2AEX@$0IA@@ATL@@QAE@PB_W@Z 10003ff0 f i Files.obj
 0001:00003030       ??1?$CW2AEX@$0IA@@ATL@@QAE@XZ 10004030 f i Files.obj
 0001:00003060       ??B?$CW2AEX@$0IA@@ATL@@QBEPADXZ 10004060 f i Files.obj
 0001:00003080       ??0?$CStringT@DV?$StrTraitMFC@DV?$ChTraitsCRT@D@ATL@@@@@ATL@@QAE@XZ 10004080 f i Files.obj
 0001:000030b0       ??0?$CStringT@DV?$StrTraitMFC@DV?$ChTraitsCRT@D@ATL@@@@@ATL@@QAE@PBD@Z 100040b0 f i Files.obj
 0001:00003150       ??1?$CStringT@DV?$StrTraitMFC@DV?$ChTraitsCRT@D@ATL@@@@@ATL@@QAE@XZ 10004150 f i Files.obj
 0001:00003170       ??4?$CStringT@DV?$StrTraitMFC@DV?$ChTraitsCRT@D@ATL@@@@@ATL@@QAEAAV01@ABV01@@Z 10004170 f i Files.obj
 0001:000031a0       ??4?$CStringT@DV?$StrTraitMFC@DV?$ChTraitsCRT@D@ATL@@@@@ATL@@QAEAAV01@PBD@Z 100041a0 f i Files.obj
 0001:000031d0       ?Compare@?$CStringT@DV?$StrTraitMFC@DV?$ChTraitsCRT@D@ATL@@@@@ATL@@QBEHPBD@Z 100041d0 f i Files.obj
 0001:00003230       ?AtlIsValidString@ATL@@YAHPBDI@Z 10004230 f i Files.obj
 0001:00003250       ??B?$CSimpleStringT@D$0A@@ATL@@QBEPBDXZ 10004250 f i Files.obj
 0001:00003270       ?GetLength@?$CSimpleStringT@D$0A@@ATL@@QBEHXZ 10004270 f i Files.obj
 0001:00003290       ?GetString@?$CSimpleStringT@D$0A@@ATL@@QBEPBDXZ 10004290 f i Files.obj
 0001:000032b0       ?AllocateBytes@?$CTempBuffer@D$0IA@VCCRTAllocator@ATL@@@ATL@@QAEPADI@Z 100042b0 f i Files.obj
 0001:00003300       ?FreeHeap@?$CTempBuffer@D$0IA@VCCRTAllocator@ATL@@@ATL@@AAEXXZ 10004300 f i Files.obj
 0001:00003320       ?Init@?$CW2AEX@$0IA@@ATL@@AAEXPB_WI@Z 10004320 f i Files.obj
 0001:00003470       ?AtlThrowLastWin32@ATL@@YGXXZ 10004470 f i Files.obj
 0001:000034d0       ?CheckImplicitLoad@?$CStringT@DV?$StrTraitMFC@DV?$ChTraitsCRT@D@ATL@@@@@ATL@@AAE_NPBX@Z 100044d0 f i Files.obj
 0001:00003530       ?LoadStringA@?$CStringT@DV?$StrTraitMFC@DV?$ChTraitsCRT@D@ATL@@@@@ATL@@QAEHI@Z 10004530 f i Files.obj
 0001:00003580       ?LoadStringA@?$CStringT@DV?$StrTraitMFC@DV?$ChTraitsCRT@D@ATL@@@@@ATL@@QAEHPAUHINSTANCE__@@I@Z 10004580 f i Files.obj
 0001:00003630       ?AtlGetStringResourceImage@ATL@@YAPBUATLSTRINGRESOURCEIMAGE@1@PAUHINSTANCE__@@I@Z 10004630 f i Files.obj
 0001:00003690       ?_AtlGetStringResourceImage@ATL@@YAPBUATLSTRINGRESOURCEIMAGE@1@PAUHINSTANCE__@@PAUHRSRC__@@I@Z 10004690 f i Files.obj
 0001:00003770       ?GetBuffer@?$CSimpleStringT@D$0A@@ATL@@QAEPADH@Z 10004770 f i Files.obj
 0001:00003790       ??0?$CSimpleStringT@D$0A@@ATL@@QAE@PAUIAtlStringMgr@1@@Z 10004790 f i Files.obj
 0001:00003800       ??1?$CSimpleStringT@D$0A@@ATL@@QAE@XZ 10004800 f i Files.obj
 0001:00003830       ?Release@CStringData@ATL@@QAEXXZ 10004830 f i Files.obj
 0001:00003880       ??4?$CSimpleStringT@D$0A@@ATL@@QAEAAV01@ABV01@@Z 10004880 f i Files.obj
 0001:00003930       ?IsLocked@CStringData@ATL@@QBE_NXZ 10004930 f i Files.obj
 0001:00003950       ??4?$CSimpleStringT@D$0A@@ATL@@QAEAAV01@PBD@Z 10004950 f i Files.obj
 0001:00003980       ?ReleaseBufferSetLength@?$CSimpleStringT@D$0A@@ATL@@QAEXH@Z 10004980 f i Files.obj
 0001:000039a0       ?GetData@?$CSimpleStringT@D$0A@@ATL@@ABEPAUCStringData@2@XZ 100049a0 f i Files.obj
 0001:000039c0       ?PrepareWrite@?$CSimpleStringT@D$0A@@ATL@@AAEPADH@Z 100049c0 f i Files.obj
 0001:00003a20       ?SetLength@?$CSimpleStringT@D$0A@@ATL@@AAEXH@Z 10004a20 f i Files.obj
 0001:00003a80       ?GetData@CAtlSafeAllocBufferNode@?$CAtlSafeAllocBufferManager@VCCRTAllocator@ATL@@@_ATL_SAFE_ALLOCA_IMPL@ATL@@QAEPAXXZ 10004a80 f i Files.obj
 0001:00003aa0       ?FindStringResourceInstance@?$StrTraitMFC@DV?$ChTraitsCRT@D@ATL@@@@SAPAUHINSTANCE__@@I@Z 10004aa0 f i Files.obj
 0001:00003ac0       ?GetDefaultManager@?$StrTraitMFC@DV?$ChTraitsCRT@D@ATL@@@@SAPAUIAtlStringMgr@ATL@@XZ 10004ac0 f i Files.obj
 0001:00003ad0       ?StringCompare@?$ChTraitsCRT@D@ATL@@SAHPBD0@Z 10004ad0 f i Files.obj
 0001:00003af0       ?ConvertToBaseType@?$ChTraitsCRT@D@ATL@@SAXPADHPB_WH@Z 10004af0 f i Files.obj
 0001:00003b20       ?AllocateHeap@?$CTempBuffer@D$0IA@VCCRTAllocator@ATL@@@ATL@@AAEXI@Z 10004b20 f i Files.obj
 0001:00003b70       ?SetString@?$CSimpleStringT@D$0A@@ATL@@QAEXPBD@Z 10004b70 f i Files.obj
 0001:00003ba0       ?StringLength@?$CSimpleStringT@D$0A@@ATL@@SAHPBD@Z 10004ba0 f i Files.obj
 0001:00003bd0       ?SetString@?$CSimpleStringT@D$0A@@ATL@@QAEXPBDH@Z 10004bd0 f i Files.obj
 0001:00003ca0       ?Empty@?$CSimpleStringT@D$0A@@ATL@@QAEXXZ 10004ca0 f i Files.obj
 0001:00003d30       ?CopyChars@?$CSimpleStringT@D$0A@@ATL@@SAXPADIPBDH@Z 10004d30 f i Files.obj
 0001:00003d60       ?Attach@?$CSimpleStringT@D$0A@@ATL@@AAEXPAUCStringData@2@@Z 10004d60 f i Files.obj
 0001:00003d80       ?data@CStringData@ATL@@QAEPAXXZ 10004d80 f i Files.obj
 0001:00003da0       ?PrepareWrite2@?$CSimpleStringT@D$0A@@ATL@@AAEXH@Z 10004da0 f i Files.obj
 0001:00003e60       ?IsShared@CStringData@ATL@@QBE_NXZ 10004e60 f i Files.obj
 0001:00003e80       ?CloneData@?$CSimpleStringT@D$0A@@ATL@@CAPAUCStringData@2@PAU32@@Z 10004e80 f i Files.obj
 0001:00003f60       ?AddRef@CStringData@ATL@@QAEXXZ 10004f60 f i Files.obj
 0001:00003f80       ?ThrowMemoryException@?$CSimpleStringT@D$0A@@ATL@@KAXXZ 10004f80 f i Files.obj
 0001:00003fa0       ?GetBaseTypeLength@?$ChTraitsCRT@D@ATL@@SAHPB_WH@Z 10004fa0 f i Files.obj
 0001:00003fd0       ?CopyCharsOverlapped@?$CSimpleStringT@D$0A@@ATL@@SAXPADIPBDH@Z 10004fd0 f i Files.obj
 0001:00004000       ?Fork@?$CSimpleStringT@D$0A@@ATL@@AAEXH@Z 10005000 f i Files.obj
 0001:000040f0       ?Reallocate@?$CSimpleStringT@D$0A@@ATL@@AAEXH@Z 100050f0 f i Files.obj
 0001:00004180       ??$AtlAdd@K@ATL@@YAJPAKKK@Z 10005180 f i Files.obj
 0001:000041b0       ?Format@?$CStringT@DV?$StrTraitMFC@DV?$ChTraitsCRT@D@ATL@@@@@ATL@@QAAXPBDZZ 100051b0 f i Files.obj
 0001:000041e0       ??$AtlAddThrow@K@ATL@@YAKKK@Z 100051e0 f i Files.obj
 0001:00004220       ??$AtlMultiplyThrow@I@ATL@@YAIII@Z 10005220 f i Files.obj
 0001:00004260       ??$AtlMultiply@I@ATL@@YAJPAIII@Z 10005260 f i Files.obj
 0001:000042b0       ??$AtlConvFreeMemory@D@ATL@@YAXPAD0H@Z 100052b0 f i Files.obj
 0001:000042d0       ??$AtlConvAllocMemory@D@ATL@@YAXPAPADHPADH@Z 100052d0 f i Files.obj
 0001:00004410       ?FormatV@?$CStringT@DV?$StrTraitMFC@DV?$ChTraitsCRT@D@ATL@@@@@ATL@@QAEXPBDPAD@Z 10005410 f i Files.obj
 0001:000044a0       ?GetFormattedLength@?$ChTraitsCRT@D@ATL@@SAHPBDPAD@Z 100054a0 f i Files.obj
 0001:000044c0       ?Format@?$ChTraitsCRT@D@ATL@@SAHPADIPBD0@Z 100054c0 f i Files.obj
 0001:000044f0       ??0Thank_you@Define_the_symbol__ATL_MIXED@@QAE@XZ 100054f0 f i Files.obj
 0001:00004510       ?one@Thank_you@Define_the_symbol__ATL_MIXED@@UAEXXZ 10005510 f i Files.obj
 0001:00004520       ??0CImage@@QAE@EHPAD@Z     10005520 f   image.obj
 0001:00004610       ??0CImage@@QAE@PAV0@@Z     10005610 f   image.obj
 0001:000047c0       ??0CImage@@QAE@PAUMAPPING@@HPAD@Z 100057c0 f   image.obj
 0001:00004970       ??0CImage@@QAE@EV?$CStringT@DV?$StrTraitMFC@DV?$ChTraitsCRT@D@ATL@@@@@ATL@@HPAD@Z 10005970 f   image.obj
 0001:00004c20       ?DumpToFile@CImage@@QAEHV?$CStringT@DV?$StrTraitMFC@DV?$ChTraitsCRT@D@ATL@@@@@ATL@@@Z 10005c20 f   image.obj
 0001:00004f50       ?LoadS19@CImage@@AAEHV?$CStringT@DV?$StrTraitMFC@DV?$ChTraitsCRT@D@ATL@@@@@ATL@@@Z 10005f50 f   image.obj
 0001:00005e50       ?LoadBIN@CImage@@AAEHV?$CStringT@DV?$StrTraitMFC@DV?$ChTraitsCRT@D@ATL@@@@@ATL@@@Z 10006e50 f   image.obj
 0001:00005ff0       ?LoadHEX@CImage@@AAEHV?$CStringT@DV?$StrTraitMFC@DV?$ChTraitsCRT@D@ATL@@@@@ATL@@@Z 10006ff0 f   image.obj
 0001:000068c0       ?SaveS19@CImage@@AAEHV?$CStringT@DV?$StrTraitMFC@DV?$ChTraitsCRT@D@ATL@@@@@ATL@@@Z 100078c0 f   image.obj
 0001:00006d50       ?SaveHEX@CImage@@AAEHV?$CStringT@DV?$StrTraitMFC@DV?$ChTraitsCRT@D@ATL@@@@@ATL@@@Z 10007d50 f   image.obj
 0001:00007200       ??1CImage@@UAE@XZ          10008200 f   image.obj
 0001:00007300       ?SetImageElement@CImage@@QAEHKHUIMAGEELEMENT@@@Z 10008300 f   image.obj
 0001:00007400       ?GetImageElement@CImage@@QAEHKPAUIMAGEELEMENT@@@Z 10008400 f   image.obj
 0001:00007490       ?DestroyImageElement@CImage@@QAEHK@Z 10008490 f   image.obj
 0001:00007530       ?FilterImageForOperation@CImage@@QAEHPAUMAPPING@@KH@Z 10008530 f   image.obj
 0001:00007ab0       ?ExistsElementsAtAddress@CImage@@AAEHK@Z 10008ab0 f   image.obj
 0001:00007b20       ?GetBuffer@CImage@@QAEHKKPAE@Z 10008b20 f   image.obj
 0001:00007ca0       ?CompareElems@@YAHPBX0@Z   10008ca0 f   image.obj
 0001:00007cd0       ?CompactElements@CImage@@AAEXXZ 10008cd0 f   image.obj
 0001:00008c30       ??0CObject@@IAE@XZ         10009c30 f i image.obj
 0001:00008c50       ??1CObject@@UAE@XZ         10009c50 f i image.obj
 0001:00008c60       ??_GCImage@@UAEPAXI@Z      10009c60 f i image.obj
 0001:00008c60       ??_ECImage@@UAEPAXI@Z      10009c60 f i image.obj
 0001:00008ca0       ?GetAt@CPtrArray@@QBEPAXH@Z 10009ca0 f i image.obj
 0001:00008ce0       ?Add@CPtrArray@@QAEHPAX@Z  10009ce0 f i image.obj
 0001:00008d20       ??0CFileException@@QAE@HJPBD@Z 10009d20 f i image.obj
 0001:00008dd0       ??1CException@@UAE@XZ      10009dd0 f i image.obj
 0001:00008df0       ??_GCFileException@@UAEPAXI@Z 10009df0 f i image.obj
 0001:00008df0       ??_ECFileException@@UAEPAXI@Z 10009df0 f i image.obj
 0001:00008e30       ??1CFileException@@UAE@XZ  10009e30 f i image.obj
 0001:00008e60       ?LDisplayError@CImage@@AAEXV?$CStringT@DV?$StrTraitMFC@DV?$ChTraitsCRT@D@ATL@@@@@ATL@@@Z 10009e60 f i image.obj
 0001:00008ee0       ?SeekToEnd@CFile@@QAE_KXZ  10009ee0 f i image.obj
 0001:00008f10       ?SeekToBegin@CFile@@QAEXXZ 10009f10 f i image.obj
 0001:00008f40       ?RemoveAll@CPtrArray@@QAEXXZ 10009f40 f i image.obj
 0001:00008f60       ?GetData@CPtrArray@@QAEPAPAXXZ 10009f60 f i image.obj
 0001:00008f80       ??0?$CStringT@DV?$StrTraitMFC@DV?$ChTraitsCRT@D@ATL@@@@@ATL@@QAE@ABV01@@Z 10009f80 f i image.obj
 0001:00008fb0       ??0?$CSimpleStringT@D$0A@@ATL@@QAE@ABV01@@Z 10009fb0 f i image.obj
 0001:00009000       ??0CIni@@QAE@XZ            1000a000 f   Ini.obj
 0001:00009030       ??0CIni@@QAE@PBD@Z         1000a030 f   Ini.obj
 0001:00009060       ??1CIni@@UAE@XZ            1000a060 f   Ini.obj
 0001:000090a0       ?SetPathName@CIni@@QAEXPBD@Z 1000a0a0 f   Ini.obj
 0001:00009100       ?GetPathName@CIni@@QBEKPADK@Z 1000a100 f   Ini.obj
 0001:00009160       ?GetPathName@CIni@@QBE?AV?$CStringT@DV?$StrTraitMFC@DV?$ChTraitsCRT@D@ATL@@@@@ATL@@XZ 1000a160 f   Ini.obj
 0001:000091a0       ?GetString@CIni@@QBEKPBD0PADK0@Z 1000a1a0 f   Ini.obj
 0001:00009230       ?GetString@CIni@@QBE?AV?$CStringT@DV?$StrTraitMFC@DV?$ChTraitsCRT@D@ATL@@@@@ATL@@PBD00@Z 1000a230 f   Ini.obj
 0001:000092e0       ?WriteString@CIni@@QBEHPBD00@Z 1000a2e0 f   Ini.obj
 0001:00009330       ?AppendString@CIni@@QBEHPBD00@Z 1000a330 f   Ini.obj
 0001:000093f0       ?GetArray@CIni@@QBEKPBD0PADK0H@Z 1000a3f0 f   Ini.obj
 0001:000094e0       ?GetArray@CIni@@QBEXPBD0PAVCStringArray@@0H@Z 1000a4e0 f   Ini.obj
 0001:00009590       ?WriteArray@CIni@@QBEHPBD0PBVCStringArray@@H0@Z 1000a590 f   Ini.obj
 0001:000096d0       ?GetInt@CIni@@QBEHPBD0HH@Z 1000a6d0 f   Ini.obj
 0001:00009760       ?GetUInt@CIni@@QBEIPBD0IH@Z 1000a760 f   Ini.obj
 0001:000097f0       ?GetBool@CIni@@QBEHPBD0H@Z 1000a7f0 f   Ini.obj
 0001:00009860       ?GetDouble@CIni@@QBENPBD0N@Z 1000a860 f   Ini.obj
 0001:000098e0       ?WriteInt@CIni@@QBEHPBD0HH@Z 1000a8e0 f   Ini.obj
 0001:00009950       ?WriteUInt@CIni@@QBEHPBD0IH@Z 1000a950 f   Ini.obj
 0001:000099c0       ?WriteDouble@CIni@@QBEHPBD0NH@Z 1000a9c0 f   Ini.obj
 0001:00009a70       ?IncreaseDouble@CIni@@QBEHPBD0NH@Z 1000aa70 f   Ini.obj
 0001:00009ac0       ?WriteBool@CIni@@QBEHPBD0H@Z 1000aac0 f   Ini.obj
 0001:00009af0       ?InvertBool@CIni@@QBEHPBD0@Z 1000aaf0 f   Ini.obj
 0001:00009b30       ?IncreaseInt@CIni@@QBEHPBD0HH@Z 1000ab30 f   Ini.obj
 0001:00009b80       ?IncreaseUInt@CIni@@QBEHPBD0IH@Z 1000ab80 f   Ini.obj
 0001:00009bd0       ?GetChar@CIni@@QBEDPBD0D@Z 1000abd0 f   Ini.obj
 0001:00009c20       ?WriteChar@CIni@@QBEHPBD0D@Z 1000ac20 f   Ini.obj
 0001:00009c50       ?GetDataBlock@CIni@@QBEKPBD0PAXKK@Z 1000ac50 f   Ini.obj
 0001:00009df0       ?WriteDataBlock@CIni@@QBEHPBD0PBXK@Z 1000adf0 f   Ini.obj
 0001:00009eb0       ?AppendDataBlock@CIni@@QBEHPBD0PBXK@Z 1000aeb0 f   Ini.obj
 0001:00009f70       ?GetPoint@CIni@@QBE?AUtagPOINT@@PBD0U2@@Z 1000af70 f   Ini.obj
 0001:00009fc0       ?GetRect@CIni@@QBE?AUtagRECT@@PBD0U2@@Z 1000afc0 f   Ini.obj
 0001:0000a030       ?WritePoint@CIni@@QBEHPBD0UtagPOINT@@@Z 1000b030 f   Ini.obj
 0001:0000a060       ?WriteRect@CIni@@QBEHPBD0UtagRECT@@@Z 1000b060 f   Ini.obj
 0001:0000a090       ?GetKeyLines@CIni@@QBEKPBDPADK@Z 1000b090 f   Ini.obj
 0001:0000a190       ?GetKeyNames@CIni@@QBEKPBDPADK@Z 1000b190 f   Ini.obj
 0001:0000a250       ?GetSectionNames@CIni@@QBEKPADK@Z 1000b250 f   Ini.obj
 0001:0000a330       ?GetSectionNames@CIni@@QBEXPAVCStringArray@@@Z 1000b330 f   Ini.obj
 0001:0000a3c0       ?GetKeyLines@CIni@@QBEXPBDPAVCStringArray@@@Z 1000b3c0 f   Ini.obj
 0001:0000a450       ?GetKeyNames@CIni@@QBEXPBDPAVCStringArray@@@Z 1000b450 f   Ini.obj
 0001:0000a4e0       ?DeleteSection@CIni@@QBEHPBD@Z 1000b4e0 f   Ini.obj
 0001:0000a510       ?DeleteKey@CIni@@QBEHPBD0@Z 1000b510 f   Ini.obj
 0001:0000a540       ?IsSectionExist@CIni@@QBEHPBD@Z 1000b540 f   Ini.obj
 0001:0000a5d0       ?IsKeyExist@CIni@@QBEHPBD0@Z 1000b5d0 f   Ini.obj
 0001:0000a640       ?CopySection@CIni@@QBEHPBD0H@Z 1000b640 f   Ini.obj
 0001:0000a730       ?CopyKey@CIni@@QBEHPBD000H@Z 1000b730 f   Ini.obj
 0001:0000a800       ?MoveSection@CIni@@QBEHPBD0H@Z 1000b800 f   Ini.obj
 0001:0000a850       ?MoveKey@CIni@@QBEHPBD000H@Z 1000b850 f   Ini.obj
 0001:0000a8b0       ?__GetStringDynamic@CIni@@IBEPADPBD00@Z 1000b8b0 f   Ini.obj
 0001:0000aa10       ?__StringSplit@CIni@@KAKPBDPADK0H@Z 1000ba10 f   Ini.obj
 0001:0000ac70       ?ParseDNTString@CIni@@SAHPBDP6GH0PAX@Z1@Z 1000bc70 f   Ini.obj
 0001:0000ace0       ?__SubStrCompare@CIni@@KGHPBDPAX@Z 1000bce0 f   Ini.obj
 0001:0000ad10       ?__KeyPairProc@CIni@@KGHPBDPAX@Z 1000bd10 f   Ini.obj
 0001:0000aea0       ?__SubStrAdd@CIni@@KGHPBDPAX@Z 1000bea0 f   Ini.obj
 0001:0000aee0       ?__ToBinaryString@CIni@@KAXIPADK@Z 1000bee0 f   Ini.obj
 0001:0000af50       ?__ValidateBase@CIni@@KAHH@Z 1000bf50 f   Ini.obj
 0001:0000af80       ?__IntToString@CIni@@KAXHPADH@Z 1000bf80 f   Ini.obj
 0001:0000afd0       ?__UIntToString@CIni@@KAXIPADH@Z 1000bfd0 f   Ini.obj
 0001:0000b050       ?StringToBool@CIni@@SAHPBDH@Z 1000c050 f   Ini.obj
 0001:0000b0c0       ?__TrimString@CIni@@KAHPAD@Z 1000c0c0 f   Ini.obj
 0001:0000b1d0       ?__StrDupEx@CIni@@KAPADPBD0@Z 1000c1d0 f   Ini.obj
 0001:0000bab0       ??_GCIni@@UAEPAXI@Z        1000cab0 f i Ini.obj
 0001:0000bab0       ??_ECIni@@UAEPAXI@Z        1000cab0 f i Ini.obj
 0001:0000baf0       __tcsncpy                  1000caf0 f i Ini.obj
 0001:0000bb10       ?RemoveAll@CStringArray@@QAEXXZ 1000cb10 f i Ini.obj
 0001:0000bb30       ?GetAt@CStringArray@@QBEABV?$CStringT@DV?$StrTraitMFC@DV?$ChTraitsCRT@D@ATL@@@@@ATL@@H@Z 1000cb30 f i Ini.obj
 0001:0000bb70       __tcscmp                   1000cb70 f i Ini.obj
 0001:0000bb90       __tcsicmp                  1000cb90 f i Ini.obj
 0001:0000bbb0       __tcsstr                   1000cbb0 f i Ini.obj
 0001:0000bbd0       __tcschr                   1000cbd0 f i Ini.obj
 0001:0000bbf0       ?Add@CStringArray@@QAEHPBD@Z 1000cbf0 f i Ini.obj
 0001:0000bc30       __tcsrev                   1000cc30 f i Ini.obj
 0001:0000bc50       ??Y?$CStringT@DV?$StrTraitMFC@DV?$ChTraitsCRT@D@ATL@@@@@ATL@@QAEAAV01@ABV?$CSimpleStringT@D$0A@@1@@Z 1000cc50 f i Ini.obj
 0001:0000bc80       ??Y?$CSimpleStringT@D$0A@@ATL@@QAEAAV01@ABV01@@Z 1000cc80 f i Ini.obj
 0001:0000bcb0       ?Append@?$CSimpleStringT@D$0A@@ATL@@QAEXABV12@@Z 1000ccb0 f i Ini.obj
 0001:0000bce0       ?Append@?$CSimpleStringT@D$0A@@ATL@@QAEXPBDH@Z 1000cce0 f i Ini.obj
 0001:0000bd90       ??0CSTFile@@QAE@PAD@Z      1000cd90 f   STFILE.obj
 0001:0000c0e0       ??0CSTFile@@QAE@PADGGG@Z   1000d0e0 f   STFILE.obj
 0001:0000c2a0       ??1CSTFile@@UAE@XZ         1000d2a0 f   STFILE.obj
 0001:0000c320       ?AppendImage@CSTFile@@QAEKPAX@Z 1000d320 f   STFILE.obj
 0001:0000c8c0       ?ReadImage@CSTFile@@QAEKHPAPAX@Z 1000d8c0 f   STFILE.obj
 0001:0000cc60       ?CalculateCRC@CSTFile@@AAEKXZ 1000dc60 f   STFILE.obj
 0001:0000cd20       ?AppendSuffix@CSTFile@@AAEKXZ 1000dd20 f   STFILE.obj
 0001:0000d310       ??1AFX_EXCEPTION_LINK@@QAE@XZ 1000e310 f i STFILE.obj
 0001:0000d330       ??_ECSTFile@@UAEPAXI@Z     1000e330 f i STFILE.obj
 0001:0000d330       ??_GCSTFile@@UAEPAXI@Z     1000e330 f i STFILE.obj
 0001:0000d363       ?AfxGetStaticModuleState@@YGPAVAFX_MODULE_STATE@@XZ 1000e363 f   nafxcw:dllmodul.obj
 0001:0000d368       _RawDllMain@12             1000e368 f   nafxcw:dllmodul.obj
 0001:0000d36e       ?AfxTermDllState@@YAXXZ    1000e36e f   nafxcw:dllmodul.obj
 0001:0000d381       ?AfxGetApp@@YGPAVCWinApp@@XZ 1000e381 f i nafxcw:dllmodul.obj
 0001:0000d38a       _InternalDllMain@12        1000e38a f   nafxcw:dllmodul.obj
 0001:0000d451       _DllMain@12                1000e451 f   nafxcw:dllmodul.obj
 0001:0000d481       ?AfxNewHandler@@YAHI@Z     1000e481 f   nafxcw:afxmem.obj
 0001:0000d486       ?AfxGetNewHandler@@YGP6AHI@ZXZ 1000e486 f   nafxcw:afxmem.obj
 0001:0000d48c       ?AfxSetNewHandler@@YGP6AHI@ZP6AHI@Z@Z 1000e48c f   nafxcw:afxmem.obj
 0001:0000d49e       ??2@YAPAXI@Z               1000e49e f   nafxcw:afxmem.obj
 0001:0000d4c9       ??3@YAXPAX@Z               1000e4c9 f   nafxcw:afxmem.obj
 0001:0000d4ce       ??_U@YAPAXI@Z              1000e4ce f   nafxcw:afxmem.obj
 0001:0000d4d3       ??_V@YAXPAX@Z              1000e4d3 f   nafxcw:afxmem.obj
 0001:0000d4d8       ?Process@COleException@@SGJPBVCException@@@Z 1000e4d8 f   nafxcw:olemisc.obj
 0001:0000d527       ?AfxUnmergeMenus@@YGXPAUHMENU__@@00@Z 1000e527 f   nafxcw:olemisc.obj
 0001:0000d5d3       ?_AfxFillFormatEtc@@YGPAUtagFORMATETC@@PAU1@G0@Z 1000e5d3 f   nafxcw:olemisc.obj
 0001:0000d611       ?_AfxOleDoConvert@@YGJPAUIStorage@@ABU_GUID@@@Z 1000e611 f   nafxcw:olemisc.obj
 0001:0000d6e1       ?_AfxOleDoTreatAsClass@@YGJPBDABU_GUID@@1@Z 1000e6e1 f   nafxcw:olemisc.obj
 0001:0000d76c       __tcsncpy_s                1000e76c f i nafxcw:olemisc.obj
 0001:0000d771       ?_AfxOleGetFirstMoniker@@YGPAUIMoniker@@PAU1@@Z 1000e771 f   nafxcw:olemisc.obj
 0001:0000d7d8       ?_AfxOleGetLenFilePrefixOfMoniker@@YGKPAUIMoniker@@@Z 1000e7d8 f   nafxcw:olemisc.obj
 0001:0000d869       ?_AfxDeleteMetafilePict@@YGXPAX@Z 1000e869 f   nafxcw:olemisc.obj
 0001:0000d892       ?_AfxXformSizeInPixelsToHimetric@@YGXPAUHDC__@@PAUtagSIZE@@1@Z 1000e892 f   nafxcw:olemisc.obj
 0001:0000d8f9       ?_AfxXformSizeInHimetricToPixels@@YGXPAUHDC__@@PAUtagSIZE@@1@Z 1000e8f9 f   nafxcw:olemisc.obj
 0001:0000d966       ?GetRuntimeClass@COleException@@UBEPAUCRuntimeClass@@XZ 1000e966 f   nafxcw:olemisc.obj
 0001:0000d96c       ?GetString@?$CSimpleStringT@_W$0A@@ATL@@QBEPB_WXZ 1000e96c f i nafxcw:olemisc.obj
 0001:0000d96f       ?GetData@?$CSimpleStringT@_W$0A@@ATL@@ABEPAUCStringData@2@XZ 1000e96f f i nafxcw:olemisc.obj
 0001:0000d975       ?FindStringResourceInstance@?$StrTraitMFC@_WV?$ChTraitsCRT@_W@ATL@@@@SAPAUHINSTANCE__@@I@Z 1000e975 f i nafxcw:olemisc.obj
 0001:0000d97f       ?GetDefaultManager@?$StrTraitMFC@_WV?$ChTraitsCRT@_W@ATL@@@@SAPAUIAtlStringMgr@ATL@@XZ 1000e97f f i nafxcw:olemisc.obj
 0001:0000d984       ?CopyChars@?$CSimpleStringT@_W$0A@@ATL@@SAXPA_WIPB_WH@Z 1000e984 f i nafxcw:olemisc.obj
 0001:0000d9a3       ??$AtlMultiply@K@ATL@@YAJPAKKK@Z 1000e9a3 f i nafxcw:olemisc.obj
 0001:0000d9c3       ?AtlCoTaskMemCAlloc@ATL@@YAPAXKK@Z 1000e9c3 f i nafxcw:olemisc.obj
 0001:0000d9f0       ?ocslen@@YAHPB_W@Z         1000e9f0 f i nafxcw:olemisc.obj
 0001:0000d9fb       _wmemcpy_s                 1000e9fb f i nafxcw:olemisc.obj
 0001:0000da1a       ?memcpy_s@Checked@ATL@@YAXPAXIPBXI@Z 1000ea1a f i nafxcw:olemisc.obj
 0001:0000da39       ?wmemcpy_s@Checked@ATL@@YAXPA_WIPB_WI@Z 1000ea39 f i nafxcw:olemisc.obj
 0001:0000da58       ?tcsncpy_s@Checked@ATL@@YAHPADIPBDI@Z 1000ea58 f i nafxcw:olemisc.obj
 0001:0000da77       ?GetBaseTypeLength@?$ChTraitsCRT@_W@ATL@@SAHPBD@Z 1000ea77 f i nafxcw:olemisc.obj
 0001:0000da91       ?GetBaseTypeLength@?$ChTraitsCRT@_W@ATL@@SAHPB_W@Z 1000ea91 f i nafxcw:olemisc.obj
 0001:0000da96       ?GetBaseTypeLength@?$ChTraitsCRT@_W@ATL@@SAHPB_WH@Z 1000ea96 f i nafxcw:olemisc.obj
 0001:0000da9b       ?ConvertToBaseType@?$ChTraitsCRT@_W@ATL@@SAXPA_WHPBDH@Z 1000ea9b f i nafxcw:olemisc.obj
 0001:0000dabb       ?ConvertToBaseType@?$ChTraitsCRT@_W@ATL@@SAXPA_WHPB_WH@Z 1000eabb f i nafxcw:olemisc.obj
 0001:0000dae4       ?AfxGetAppName@@YGPBDXZ    1000eae4 f i nafxcw:olemisc.obj
 0001:0000daed       ??0COleException@@QAE@XZ   1000eaed f i nafxcw:olemisc.obj
 0001:0000db03       ??1COleException@@UAE@XZ   1000eb03 f i nafxcw:olemisc.obj
 0001:0000db0a       ?GetBaseTypeLength@?$ChTraitsCRT@D@ATL@@SAHPB_W@Z 1000eb0a f i nafxcw:olemisc.obj
 0001:0000db26       ?AfxThrowOleException@@YGXJ@Z 1000eb26 f   nafxcw:olemisc.obj
 0001:0000db69       ?GetErrorMessage@COleException@@UBEHPADIPAI@Z 1000eb69 f   nafxcw:olemisc.obj
 0001:0000dbc3       ?_AfxCopyGlobalMemory@@YGPAXPAX0@Z 1000ebc3 f   nafxcw:olemisc.obj
 0001:0000dc3a       ?_AfxOleGetObjectDescriptorData@@YGPAXU_GUID@@KUtagSIZE@@U_POINTL@@KPB_W3@Z 1000ec3a f   nafxcw:olemisc.obj
 0001:0000dd4f       ?_AfxOleCopyTargetDevice@@YGPAUtagDVTARGETDEVICE@@PAU1@@Z 1000ed4f f   nafxcw:olemisc.obj
 0001:0000dd80       ?_AfxOleCopyFormatEtc@@YGXPAUtagFORMATETC@@0@Z 1000ed80 f   nafxcw:olemisc.obj
 0001:0000ddb2       ?GetLength@?$CSimpleStringT@_W$0A@@ATL@@QBEHXZ 1000edb2 f i nafxcw:olemisc.obj
 0001:0000ddb8       ??1?$CSimpleStringT@_W$0A@@ATL@@QAE@XZ 1000edb8 f i nafxcw:olemisc.obj
 0001:0000ddc2       ?Attach@?$CSimpleStringT@_W$0A@@ATL@@AAEXPAUCStringData@2@@Z 1000edc2 f i nafxcw:olemisc.obj
 0001:0000ddce       ?AtlDevModeA2W@@YAPAU_devicemodeW@@PAU1@PBU_devicemodeA@@@Z 1000edce f i nafxcw:olemisc.obj
 0001:0000de8b       ?AtlDevModeW2A@@YGPAU_devicemodeA@@PAU1@PBU_devicemodeW@@@Z 1000ee8b f i nafxcw:olemisc.obj
 0001:0000df4a       ?AtlCrtErrorCheck@ATL@@YAHH@Z 1000ef4a f i nafxcw:olemisc.obj
 0001:0000df7f       ??_ECOleException@@UAEPAXI@Z 1000ef7f f i nafxcw:olemisc.obj
 0001:0000df7f       ??_GCOleException@@UAEPAXI@Z 1000ef7f f i nafxcw:olemisc.obj
 0001:0000df9c       ?IsEmpty@?$CSimpleStringT@D$0A@@ATL@@QBE_NXZ 1000ef9c f i nafxcw:olemisc.obj
 0001:0000dfa9       ??1?$CStringT@_WV?$StrTraitMFC@_WV?$ChTraitsCRT@_W@ATL@@@@@ATL@@QAE@XZ 1000efa9 f i nafxcw:olemisc.obj
 0001:0000dfb3       ??0?$CSimpleStringT@_W$0A@@ATL@@QAE@PAUIAtlStringMgr@1@@Z 1000efb3 f i nafxcw:olemisc.obj
 0001:0000dfd8       ?SetLength@?$CSimpleStringT@_W$0A@@ATL@@AAEXH@Z 1000efd8 f i nafxcw:olemisc.obj
 0001:0000dfff       ?ThrowMemoryException@?$CSimpleStringT@_W$0A@@ATL@@KAXXZ 1000efff f i nafxcw:olemisc.obj
 0001:0000e00a       ??0?$CStringT@_WV?$StrTraitMFC@_WV?$ChTraitsCRT@_W@ATL@@@@@ATL@@QAE@XZ 1000f00a f i nafxcw:olemisc.obj
 0001:0000e01e       ?Empty@?$CSimpleStringT@_W$0A@@ATL@@QAEXXZ 1000f01e f i nafxcw:olemisc.obj
 0001:0000e062       ?ReleaseBufferSetLength@?$CSimpleStringT@_W$0A@@ATL@@QAEXH@Z 1000f062 f i nafxcw:olemisc.obj
 0001:0000e067       ?Fork@?$CSimpleStringT@_W$0A@@ATL@@AAEXH@Z 1000f067 f i nafxcw:olemisc.obj
 0001:0000e0cf       ?Reallocate@?$CSimpleStringT@_W$0A@@ATL@@AAEXH@Z 1000f0cf f i nafxcw:olemisc.obj
 0001:0000e103       ?PrepareWrite2@?$CSimpleStringT@_W$0A@@ATL@@AAEXH@Z 1000f103 f i nafxcw:olemisc.obj
 0001:0000e14a       ?AppendChar@?$CSimpleStringT@D$0A@@ATL@@QAEXD@Z 1000f14a f i nafxcw:olemisc.obj
 0001:0000e172       ?PrepareWrite@?$CSimpleStringT@_W$0A@@ATL@@AAEPA_WH@Z 1000f172 f i nafxcw:olemisc.obj
 0001:0000e19c       ??4?$CStringT@DV?$StrTraitMFC@DV?$ChTraitsCRT@D@ATL@@@@@ATL@@QAEAAV01@PB_W@Z 1000f19c f i nafxcw:olemisc.obj
 0001:0000e1e6       ??Y?$CSimpleStringT@D$0A@@ATL@@QAEAAV01@D@Z 1000f1e6 f i nafxcw:olemisc.obj
 0001:0000e1f8       ?Append@?$CSimpleStringT@D$0A@@ATL@@QAEXPBD@Z 1000f1f8 f i nafxcw:olemisc.obj
 0001:0000e21d       ?GetBuffer@?$CSimpleStringT@_W$0A@@ATL@@QAEPA_WH@Z 1000f21d f i nafxcw:olemisc.obj
 0001:0000e222       ??0?$CStringT@DV?$StrTraitMFC@DV?$ChTraitsCRT@D@ATL@@@@@ATL@@QAE@PB_W@Z 1000f222 f i nafxcw:olemisc.obj
 0001:0000e266       ??Y?$CStringT@DV?$StrTraitMFC@DV?$ChTraitsCRT@D@ATL@@@@@ATL@@QAEAAV01@D@Z 1000f266 f i nafxcw:olemisc.obj
 0001:0000e278       ?_AfxCopyStgMedium@@YGHGPAUtagSTGMEDIUM@@0@Z 1000f278 f   nafxcw:olemisc.obj
 0001:0000e4f9       ?_AfxOleCreateDC@@YGPAUHDC__@@PAUtagDVTARGETDEVICE@@@Z 1000f4f9 f   nafxcw:olemisc.obj
 0001:0000e61c       ??Y?$CSimpleStringT@D$0A@@ATL@@QAEAAV01@PBD@Z 1000f61c f i nafxcw:olemisc.obj
 0001:0000e62e       ??4?$CStringT@_WV?$StrTraitMFC@_WV?$ChTraitsCRT@_W@ATL@@@@@ATL@@QAEAAV01@PBD@Z 1000f62e f i nafxcw:olemisc.obj
 0001:0000e678       ?LoadStringA@?$CStringT@_WV?$StrTraitMFC@_WV?$ChTraitsCRT@_W@ATL@@@@@ATL@@QAEHPAUHINSTANCE__@@I@Z 1000f678 f i nafxcw:olemisc.obj
 0001:0000e6c0       ??Y?$CStringT@DV?$StrTraitMFC@DV?$ChTraitsCRT@D@ATL@@@@@ATL@@QAEAAV01@PBD@Z 1000f6c0 f i nafxcw:olemisc.obj
 0001:0000e6d2       ?LoadStringA@?$CStringT@_WV?$StrTraitMFC@_WV?$ChTraitsCRT@_W@ATL@@@@@ATL@@QAEHI@Z 1000f6d2 f i nafxcw:olemisc.obj
 0001:0000e6f2       ?CheckImplicitLoad@?$CStringT@_WV?$StrTraitMFC@_WV?$ChTraitsCRT@_W@ATL@@@@@ATL@@AAE_NPBX@Z 1000f6f2 f i nafxcw:olemisc.obj
 0001:0000e712       ?AfxMergeMenus@@YGPAUHMENU__@@PAU1@0PAJHH@Z 1000f712 f   nafxcw:olemisc.obj
 0001:0000e928       ?_AfxOleGetObjectDescriptorData@@YGPAXPAUIOleObject@@PB_WKU_POINTL@@PAUtagSIZE@@@Z 1000f928 f   nafxcw:olemisc.obj
 0001:0000eb5d       ??0?$CStringT@_WV?$StrTraitMFC@_WV?$ChTraitsCRT@_W@ATL@@@@@ATL@@QAE@PBD@Z 1000fb5d f i nafxcw:olemisc.obj
 0001:0000eba1       ?_AfxOleCreateTargetDevice@@YGPAUtagDVTARGETDEVICE@@PAUtagDEVNAMES@@PAU_devicemodeA@@@Z 1000fba1 f   nafxcw:olemisc.obj
 0001:0000edb0       ?_AfxOleCreateTargetDevice@@YGPAUtagDVTARGETDEVICE@@PAUtagPDA@@@Z 1000fdb0 f   nafxcw:olemisc.obj
 0001:0000ee01       ?Delete@CException@@QAEXXZ 1000fe01 f   nafxcw:except.obj
 0001:0000ee0f       ?GetErrorMessage@CException@@UBEHPADIPAI@Z 1000fe0f f   nafxcw:except.obj
 0001:0000ee30       ?GetErrorMessage@CException@@UAEHPADIPAI@Z 1000fe30 f   nafxcw:except.obj
 0001:0000ee35       ?ReportError@CException@@UAEHII@Z 1000fe35 f   nafxcw:except.obj
 0001:0000eea7       ?GetRuntimeClass@CException@@UBEPAUCRuntimeClass@@XZ 1000fea7 f   nafxcw:except.obj
 0001:0000eead       ?GetRuntimeClass@CMemoryException@@UBEPAUCRuntimeClass@@XZ 1000fead f   nafxcw:except.obj
 0001:0000eeb3       ?GetRuntimeClass@CNotSupportedException@@UBEPAUCRuntimeClass@@XZ 1000feb3 f   nafxcw:except.obj
 0001:0000eeb9       ?GetRuntimeClass@CInvalidArgException@@UBEPAUCRuntimeClass@@XZ 1000feb9 f   nafxcw:except.obj
 0001:0000eebf       ?InitString@CSimpleException@@QAEXXZ 1000febf f   nafxcw:except.obj
 0001:0000eee8       ?AfxThrowMemoryException@@YGXXZ 1000fee8 f   nafxcw:except.obj
 0001:0000ef02       ?AfxThrowNotSupportedException@@YGXXZ 1000ff02 f   nafxcw:except.obj
 0001:0000ef1c       ?AfxThrowInvalidArgException@@YGXXZ 1000ff1c f   nafxcw:except.obj
 0001:0000ef36       ?CreateObject@?$CThreadLocal@V_AFX_THREAD_STATE@@@@SGPAVCNoTrackObject@@XZ 1000ff36 f i nafxcw:except.obj
 0001:0000ef65       ??1CSimpleException@@UAE@XZ 1000ff65 f i nafxcw:except.obj
 0001:0000ef66       ??1CMemoryException@@UAE@XZ 1000ff66 f i nafxcw:except.obj
 0001:0000ef6d       ??1CNotSupportedException@@UAE@XZ 1000ff6d f i nafxcw:except.obj
 0001:0000ef74       ??1CInvalidArgException@@UAE@XZ 1000ff74 f i nafxcw:except.obj
 0001:0000ef7b       ??0CException@@QAE@XZ      1000ff7b f   nafxcw:except.obj
 0001:0000ef85       ??0CException@@QAE@H@Z     1000ff85 f   nafxcw:except.obj
 0001:0000ef91       ?GetErrorMessage@CSimpleException@@UBEHPADIPAI@Z 1000ff91 f   nafxcw:except.obj
 0001:0000efe3       ?GetData@?$CThreadLocal@V_AFX_THREAD_STATE@@@@QAEPAV_AFX_THREAD_STATE@@XZ 1000ffe3 f i nafxcw:except.obj
 0001:0000eff7       ??0CSimpleException@@QAE@H@Z 1000fff7 f i nafxcw:except.obj
 0001:0000f00b       ??_ECMemoryException@@UAEPAXI@Z 1001000b f i nafxcw:except.obj
 0001:0000f00b       ??_GCMemoryException@@UAEPAXI@Z 1001000b f i nafxcw:except.obj
 0001:0000f028       ??0CMemoryException@@QAE@HI@Z 10010028 f i nafxcw:except.obj
 0001:0000f04c       ??_GCNotSupportedException@@UAEPAXI@Z 1001004c f i nafxcw:except.obj
 0001:0000f04c       ??_ECNotSupportedException@@UAEPAXI@Z 1001004c f i nafxcw:except.obj
 0001:0000f069       ??0CNotSupportedException@@QAE@HI@Z 10010069 f i nafxcw:except.obj
 0001:0000f08d       ??_ECInvalidArgException@@UAEPAXI@Z 1001008d f i nafxcw:except.obj
 0001:0000f08d       ??_GCInvalidArgException@@UAEPAXI@Z 1001008d f i nafxcw:except.obj
 0001:0000f0aa       ??0CInvalidArgException@@QAE@HI@Z 100100aa f i nafxcw:except.obj
 0001:0000f0ce       ??C?$CThreadLocal@V_AFX_THREAD_STATE@@@@QAEPAV_AFX_THREAD_STATE@@XZ 100100ce f i nafxcw:except.obj
 0001:0000f0d3       ?AfxGetExceptionContext@@YAPAUAFX_EXCEPTION_CONTEXT@@XZ 100100d3 f i nafxcw:except.obj
 0001:0000f104       ??0AFX_EXCEPTION_LINK@@QAE@XZ 10010104 f   nafxcw:except.obj
 0001:0000f11a       ?AfxTryCleanup@@YGXXZ      1001011a f   nafxcw:except.obj
 0001:0000f13c       ?AfxThrowLastCleanup@@YGXXZ 1001013c f   nafxcw:except.obj
 0001:0000f14c       ?GetThisMessageMap@CWinApp@@KGPBUAFX_MSGMAP@@XZ 1001014c f   nafxcw:appcore.obj
 0001:0000f168       ??0CActivationContext@@QAE@PAX@Z 10010168 f i nafxcw:appcore.obj
 0001:0000f218       ?Create@CActivationContext@@QAE_NPBUtagACTCTXA@@@Z 10010218 f i nafxcw:appcore.obj
 0001:0000f24e       ?Activate@CActivationContext@@QAE_NXZ 1001024e f i nafxcw:appcore.obj
 0001:0000f27b       ?Deactivate@CActivationContext@@QAE_NXZ 1001027b f i nafxcw:appcore.obj
 0001:0000f2a1       ?_LoadSysPolicies@CWinApp@@IAEHXZ 100102a1 f   nafxcw:appcore.obj
 0001:0000f364       ?GetSysPolicyValue@CWinApp@@QAEHKPAH@Z 10010364 f   nafxcw:appcore.obj
 0001:0000f384       ?InitApplication@CWinApp@@UAEHXZ 10010384 f   nafxcw:appcore.obj
 0001:0000f3c4       ?LoadStdProfileSettings@CWinApp@@IAEXI@Z 100103c4 f   nafxcw:appcore.obj
 0001:0000f44a       ?ParseCommandLine@CWinApp@@QAEXAAVCCommandLineInfo@@@Z 1001044a f   nafxcw:appcore.obj
 0001:0000f49d       ??1CWinApp@@UAE@XZ         1001049d f   nafxcw:appcore.obj
 0001:0000f5b6       ?SaveStdProfileSettings@CWinApp@@IAEXXZ 100105b6 f   nafxcw:appcore.obj
 0001:0000f5eb       ?ExitInstance@CWinApp@@UAEHXZ 100105eb f   nafxcw:appcore.obj
 0001:0000f64c       ?AfxPostQuitMessage@@YGXH@Z 1001064c f   nafxcw:appcore.obj
 0001:0000f668       ?ProcessWndProcException@CWinApp@@UAEJPAVCException@@PBUtagMSG@@@Z 10010668 f   nafxcw:appcore.obj
 0001:0000f6e7       ?OnIdle@CWinApp@@UAEHJ@Z   100106e7 f   nafxcw:appcore.obj
 0001:0000f74b       ?DevModeChange@CWinApp@@QAEXPAD@Z 1001074b f   nafxcw:appcore.obj
 0001:0000f7e9       ?GetRuntimeClass@CWinApp@@UBEPAUCRuntimeClass@@XZ 100107e9 f   nafxcw:appcore.obj
 0001:0000f7ef       ??1?$CProcessLocal@V_AFX_WIN_STATE@@@@QAE@XZ 100107ef f i nafxcw:appcore.obj
 0001:0000f7f4       ?CreateObject@?$CThreadLocal@VAFX_MODULE_THREAD_STATE@@@@SGPAVCNoTrackObject@@XZ 100107f4 f i nafxcw:appcore.obj
 0001:0000f820       ?tcscpy_s@Checked@ATL@@YAXPADIPBD@Z 10010820 f i nafxcw:appcore.obj
 0001:0000f83b       ?SetResourceInstance@CAtlBaseModule@ATL@@QAEPAUHINSTANCE__@@PAU3@@Z 1001083b f i nafxcw:appcore.obj
 0001:0000f84c       ?AfxSetResourceHandle@@YGXPAUHINSTANCE__@@@Z 1001084c f i nafxcw:appcore.obj
 0001:0000f85b       ?AfxGetMainWnd@@YGPAVCWnd@@XZ 1001085b f i nafxcw:appcore.obj
 0001:0000f86e       ?PostMessageA@CWnd@@QAEHIIJ@Z 1001086e f i nafxcw:appcore.obj
 0001:0000f886       ?AfxInvariantStrICmp@@YAHPBD0@Z 10010886 f i nafxcw:appcore.obj
 0001:0000f8a2       ?GetMessageMap@CWinApp@@MBEPBUAFX_MSGMAP@@XZ 100108a2 f   nafxcw:appcore.obj
 0001:0000f975       ?Release@CActivationContext@@QAEXXZ 10010975 f i nafxcw:appcore.obj
 0001:0000f995       ??_GCWinApp@@UAEPAXI@Z     10010995 f i nafxcw:appcore.obj
 0001:0000f995       ??_ECWinApp@@UAEPAXI@Z     10010995 f i nafxcw:appcore.obj
 0001:0000f9b1       ?LoadSysPolicies@CWinApp@@UAEHXZ 100109b1 f   nafxcw:appcore.obj
 0001:0000f9b6       ?InitInstance@CWinApp@@UAEHXZ 100109b6 f   nafxcw:appcore.obj
 0001:0000f9ee       ?ParseParamFlag@CCommandLineInfo@@IAEXPBD@Z 100109ee f   nafxcw:appcore.obj
 0001:0000faee       ?Run@CWinApp@@UAEHXZ       10010aee f   nafxcw:appcore.obj
 0001:0000fb0f       ?WinHelpA@CWinApp@@UAEXKI@Z 10010b0f f   nafxcw:appcore.obj
 0001:0000fb4c       ?HtmlHelpA@CWinApp@@UAEXKI@Z 10010b4c f   nafxcw:appcore.obj
 0001:0000fb89       ?WinHelpInternal@CWinApp@@UAEXKI@Z 10010b89 f   nafxcw:appcore.obj
 0001:0000fbc6       ?GetData@?$CThreadLocal@VAFX_MODULE_THREAD_STATE@@@@QAEPAVAFX_MODULE_THREAD_STATE@@XZ 10010bc6 f i nafxcw:appcore.obj
 0001:0000fbda       ??1CActivationContext@@QAE@XZ 10010bda f i nafxcw:appcore.obj
 0001:0000fbdf       ?AfxLoadLangResourceDLL@@YGPAUHINSTANCE__@@PBD@Z 10010bdf f   nafxcw:appcore.obj
 0001:0000fec6       ?LoadAppLangResourceDLL@CWinApp@@UAEPAUHINSTANCE__@@XZ 10010ec6 f   nafxcw:appcore.obj
 0001:0000ff5a       ??B?$CThreadLocal@VAFX_MODULE_THREAD_STATE@@@@QAEPAVAFX_MODULE_THREAD_STATE@@XZ 10010f5a f i nafxcw:appcore.obj
 0001:0000ff5f       ??0CWinApp@@QAE@PBD@Z      10010f5f f   nafxcw:appcore.obj
 0001:00010034       ??0CCommandLineInfo@@QAE@XZ 10011034 f   nafxcw:appcore.obj
 0001:00010073       ??1CCommandLineInfo@@UAE@XZ 10011073 f   nafxcw:appcore.obj
 0001:000100a9       ?ParseLast@CCommandLineInfo@@IAEXH@Z 100110a9 f   nafxcw:appcore.obj
 0001:000100d8       ??_GCCommandLineInfo@@UAEPAXI@Z 100110d8 f i nafxcw:appcore.obj
 0001:000100d8       ??_ECCommandLineInfo@@UAEPAXI@Z 100110d8 f i nafxcw:appcore.obj
 0001:000100f4       ?ParseParamNotFlag@CCommandLineInfo@@IAEXPBD@Z 100110f4 f   nafxcw:appcore.obj
 0001:00010140       ?ParseParam@CCommandLineInfo@@UAEXPBDHH@Z 10011140 f   nafxcw:appcore.obj
 0001:00010191       _IsEqualGUID               10011191 f i nafxcw:cmdtarg.obj
 0001:000101a9       ?_AfxDispatchCmdMsg@@YGHPAVCCmdTarget@@IHP81@AEXXZPAXIPAUAFX_CMDHANDLERINFO@@@Z 100111a9 f   nafxcw:cmdtarg.obj
 0001:000102e1       ?OnCmdMsg@CCmdTarget@@UAEHIHPAXPAUAFX_CMDHANDLERINFO@@@Z 100112e1 f   nafxcw:cmdtarg.obj
 0001:000103fb       ?IsInvokeAllowed@CCmdTarget@@UAEHJ@Z 100113fb f   nafxcw:cmdtarg.obj
 0001:00010401       ?GetDispatchIID@CCmdTarget@@UAEHPAU_GUID@@@Z 10011401 f   nafxcw:cmdtarg.obj
 0001:00010406       ?GetTypeInfoCount@CCmdTarget@@UAEIXZ 10011406 f   nafxcw:cmdtarg.obj
 0001:00010409       ?GetTypeLibCache@CCmdTarget@@UAEPAVCTypeLibCache@@XZ 10011409 f   nafxcw:cmdtarg.obj
 0001:0001040c       ?GetTypeLib@CCmdTarget@@UAEJKPAPAUITypeLib@@@Z 1001140c f   nafxcw:cmdtarg.obj
 0001:00010414       ?GetThisMessageMap@CCmdTarget@@KGPBUAFX_MSGMAP@@XZ 10011414 f   nafxcw:cmdtarg.obj
 0001:0001041a       ?GetDispatchMap@CCmdTarget@@MBEPBUAFX_DISPMAP@@XZ 1001141a f   nafxcw:cmdtarg.obj
 0001:00010420       ?GetEventSinkMap@CCmdTarget@@MBEPBUAFX_EVENTSINKMAP@@XZ 10011420 f   nafxcw:cmdtarg.obj
 0001:00010426       ?GetInterfaceMap@CCmdTarget@@MBEPBUAFX_INTERFACEMAP@@XZ 10011426 f   nafxcw:cmdtarg.obj
 0001:0001042c       ?OnFinalRelease@CCmdTarget@@UAEXXZ 1001142c f   nafxcw:cmdtarg.obj
 0001:0001045a       ?OnCreateAggregates@CCmdTarget@@UAEHXZ 1001145a f   nafxcw:cmdtarg.obj
 0001:0001045e       ?GetInterfaceHook@CCmdTarget@@UAEPAUIUnknown@@PBX@Z 1001145e f   nafxcw:cmdtarg.obj
 0001:00010463       ?GetConnectionMap@CCmdTarget@@MBEPBUAFX_CONNECTIONMAP@@XZ 10011463 f   nafxcw:cmdtarg.obj
 0001:00010469       ?GetConnectionHook@CCmdTarget@@MAEPAUIConnectionPoint@@ABU_GUID@@@Z 10011469 f   nafxcw:cmdtarg.obj
 0001:0001046e       ?GetExtraConnectionPoints@CCmdTarget@@MAEHPAVCPtrArray@@@Z 1001146e f   nafxcw:cmdtarg.obj
 0001:00010473       ?GetCommandMap@CCmdTarget@@MBEPBUAFX_OLECMDMAP@@XZ 10011473 f   nafxcw:cmdtarg.obj
 0001:00010479       ?GetRoutingView@CCmdTarget@@IAEPAVCView@@XZ 10011479 f   nafxcw:cmdtarg.obj
 0001:0001047e       ?GetRoutingFrame@CCmdTarget@@IAEPAVCFrameWnd@@XZ 1001147e f   nafxcw:cmdtarg.obj
 0001:00010483       ??0CCmdUI@@QAE@XZ          10011483 f   nafxcw:cmdtarg.obj
 0001:000104a9       ?DoUpdate@CCmdUI@@QAEHPAVCCmdTarget@@H@Z 100114a9 f   nafxcw:cmdtarg.obj
 0001:00010513       ?GetRuntimeClass@CCmdTarget@@UBEPAUCRuntimeClass@@XZ 10011513 f   nafxcw:cmdtarg.obj
 0001:00010519       ??0CSize@@QAE@K@Z          10011519 f i nafxcw:cmdtarg.obj
 0001:00010530       ?CheckMenuItem@CMenu@@QAEIII@Z 10011530 f i nafxcw:cmdtarg.obj
 0001:00010544       ?EnableMenuItem@CMenu@@QAEIII@Z 10011544 f i nafxcw:cmdtarg.obj
 0001:00010558       ?GetMenuState@CMenu@@QBEIII@Z 10011558 f i nafxcw:cmdtarg.obj
 0001:0001056c       ?ModifyMenuA@CMenu@@QAEHIIIPBD@Z 1001156c f i nafxcw:cmdtarg.obj
 0001:00010588       ?SendMessageA@CWnd@@QAEJIIJ@Z 10011588 f i nafxcw:cmdtarg.obj
 0001:000105a0       ?GetParent@CWnd@@QBEPAV1@XZ 100115a0 f i nafxcw:cmdtarg.obj
 0001:000105b0       ??0CCmdTarget@@QAE@XZ      100115b0 f   nafxcw:cmdtarg.obj
 0001:000105d6       ??1CCmdTarget@@UAE@XZ      100115d6 f   nafxcw:cmdtarg.obj
 0001:000105eb       ?BeginWaitCursor@CCmdTarget@@QAEXXZ 100115eb f   nafxcw:cmdtarg.obj
 0001:00010600       ?EndWaitCursor@CCmdTarget@@QAEXXZ 10011600 f   nafxcw:cmdtarg.obj
 0001:00010615       ?RestoreWaitCursor@CCmdTarget@@QAEXXZ 10011615 f   nafxcw:cmdtarg.obj
 0001:0001062a       ?GetMessageMap@CCmdTarget@@MBEPBUAFX_MSGMAP@@XZ 1001162a f   nafxcw:cmdtarg.obj
 0001:00010630       ?Enable@CCmdUI@@UAEXH@Z    10011630 f   nafxcw:cmdtarg.obj
 0001:000106bf       ?SetCheck@CCmdUI@@UAEXH@Z  100116bf f   nafxcw:cmdtarg.obj
 0001:00010734       ?SetText@CCmdUI@@UAEXPBD@Z 10011734 f   nafxcw:cmdtarg.obj
 0001:0001079b       ?_AfxLoadDotBitmap@@YGXXZ  1001179b f   nafxcw:cmdtarg.obj
 0001:00010899       ?SetRadio@CCmdUI@@UAEXH@Z  10011899 f   nafxcw:cmdtarg.obj
 0001:000108fc       ?AfxGetThread@@YGPAVCWinThread@@XZ 100118fc f   nafxcw:thrdcore.obj
 0001:00010905       ?AfxGetCurrentMessage@@YGPAUtagMSG@@XZ 10011905 f   nafxcw:thrdcore.obj
 0001:0001090e       ?AfxInternalProcessWndProcException@@YGJPAVCException@@PBUtagMSG@@@Z 1001190e f   nafxcw:thrdcore.obj
 0001:00010933       ?AfxProcessWndProcException@@YGJPAVCException@@PBUtagMSG@@@Z 10011933 f   nafxcw:thrdcore.obj
 0001:00010949       ?AfxTermThread@@YGXPAUHINSTANCE__@@@Z 10011949 f   nafxcw:thrdcore.obj
 0001:000109e8       ?CommonConstruct@CWinThread@@QAEXXZ 100119e8 f   nafxcw:thrdcore.obj
 0001:00010a1f       ??1CWinThread@@UAE@XZ      10011a1f f   nafxcw:thrdcore.obj
 0001:00010a67       ?Delete@CWinThread@@UAEXXZ 10011a67 f   nafxcw:thrdcore.obj
 0001:00010a75       ?InitInstance@CWinThread@@UAEHXZ 10011a75 f   nafxcw:thrdcore.obj
 0001:00010a78       ?Run@CWinThread@@UAEHXZ    10011a78 f   nafxcw:thrdcore.obj
 0001:00010b05       ?ExitInstance@CWinThread@@UAEHXZ 10011b05 f   nafxcw:thrdcore.obj
 0001:00010b0e       ?DispatchThreadMessageEx@CWinThread@@IAEHPAUtagMSG@@@Z 10011b0e f   nafxcw:thrdcore.obj
 0001:00010b86       ?ProcessWndProcException@CWinThread@@UAEJPAVCException@@PBUtagMSG@@@Z 10011b86 f   nafxcw:thrdcore.obj
 0001:00010b8b       ?IsHelpKey@@YGHPAUtagMSG@@@Z 10011b8b f   nafxcw:thrdcore.obj
 0001:00010bd3       ?IsEnterKey@@YAHPAUtagMSG@@@Z 10011bd3 f i nafxcw:thrdcore.obj
 0001:00010bed       ?IsButtonUp@@YAHPAUtagMSG@@@Z 10011bed f i nafxcw:thrdcore.obj
 0001:00010bfe       ?GetRuntimeClass@CWinThread@@UBEPAUCRuntimeClass@@XZ 10011bfe f   nafxcw:thrdcore.obj
 0001:00010c04       ??0CPoint@@QAE@UtagPOINT@@@Z 10011c04 f i nafxcw:thrdcore.obj
 0001:00010c16       ??8CPoint@@QBEHUtagPOINT@@@Z 10011c16 f i nafxcw:thrdcore.obj
 0001:00010c31       ?GetHead@CSimpleList@@QBEPAXXZ 10011c31 f i nafxcw:thrdcore.obj
 0001:00010c34       ?GetSafeHwnd@CWnd@@QBEPAUHWND__@@XZ 10011c34 f i nafxcw:thrdcore.obj
 0001:00010c3f       ?IsWindowVisible@CWnd@@QBEHXZ 10011c3f f i nafxcw:thrdcore.obj
 0001:00010c49       ?SendMessageToDescendants@CWnd@@QAEXIIJHH@Z 10011c49 f i nafxcw:thrdcore.obj
 0001:00010c67       ?GetActiveWindow@CWnd@@SGPAV1@XZ 10011c67 f i nafxcw:thrdcore.obj
 0001:00010c74       ?SetThreadPriority@CWinThread@@QAEHH@Z 10011c74 f i nafxcw:thrdcore.obj
 0001:00010c84       ?ResumeThread@CWinThread@@QAEKXZ 10011c84 f i nafxcw:thrdcore.obj
 0001:00010c8e       ?AfxInternalPreTranslateMessage@@YAHPAUtagMSG@@@Z 10011c8e f   nafxcw:thrdcore.obj
 0001:00010cfa       ?AfxPreTranslateMessage@@YAHPAUtagMSG@@@Z 10011cfa f   nafxcw:thrdcore.obj
 0001:00010d15       ?AfxInternalIsIdleMessage@@YAHPAUtagMSG@@@Z 10011d15 f   nafxcw:thrdcore.obj
 0001:00010d81       ?AfxIsIdleMessage@@YAHPAUtagMSG@@@Z 10011d81 f   nafxcw:thrdcore.obj
 0001:00010d9c       ?AfxEndThread@@YGXIH@Z     10011d9c f   nafxcw:thrdcore.obj
 0001:00010de1       ??0CWinThread@@QAE@P6AIPAX@Z0@Z 10011de1 f   nafxcw:thrdcore.obj
 0001:00010e1e       ??_GCWinThread@@UAEPAXI@Z  10011e1e f i nafxcw:thrdcore.obj
 0001:00010e1e       ??_ECWinThread@@UAEPAXI@Z  10011e1e f i nafxcw:thrdcore.obj
 0001:00010e3a       ??0CWinThread@@QAE@XZ      10011e3a f   nafxcw:thrdcore.obj
 0001:00010e70       ?IsIdleMessage@CWinThread@@UAEHPAUtagMSG@@@Z 10011e70 f   nafxcw:thrdcore.obj
 0001:00010e7d       ?DispatchThreadMessage@CWinThread@@IAEXPAUtagMSG@@@Z 10011e7d f   nafxcw:thrdcore.obj
 0001:00010e82       ?PreTranslateMessage@CWinThread@@UAEHPAUtagMSG@@@Z 10011e82 f   nafxcw:thrdcore.obj
 0001:00010e8f       ?GetMainWnd@CWinThread@@UAEPAVCWnd@@XZ 10011e8f f   nafxcw:thrdcore.obj
 0001:00010eaa       ??B?$CTypedSimpleList@PAVCFrameWnd@@@@QAEPAVCFrameWnd@@XZ 10011eaa f i nafxcw:thrdcore.obj
 0001:00010ead       ?AfxInternalPumpMessage@@YGHXZ 10011ead f   nafxcw:thrdcore.obj
 0001:00010ef1       ?AfxPumpMessage@@YGHXZ     10011ef1 f   nafxcw:thrdcore.obj
 0001:00010f07       ?_AfxMsgFilterHook@@YGJHIJ@Z 10011f07 f   nafxcw:thrdcore.obj
 0001:00010f69       ?ProcessMessageFilter@CWinThread@@UAEHHPAUtagMSG@@@Z 10011f69 f   nafxcw:thrdcore.obj
 0001:00011096       ?PumpMessage@CWinThread@@UAEHXZ 10012096 f   nafxcw:thrdcore.obj
 0001:0001109b       ?AfxInitThread@@YGXXZ      1001209b f   nafxcw:thrdcore.obj
 0001:000110c9       ?OnIdle@CWinThread@@UAEHJ@Z 100120c9 f   nafxcw:thrdcore.obj
 0001:000111c4       ?_AfxThreadEntry@@YGIPAX@Z 100121c4 f   nafxcw:thrdcore.obj
 0001:000112dc       ?CreateThread@CWinThread@@QAEHKIPAU_SECURITY_ATTRIBUTES@@@Z 100122dc f   nafxcw:thrdcore.obj
 0001:000113c9       ?AfxBeginThread@@YGPAVCWinThread@@P6AIPAX@Z0HIKPAU_SECURITY_ATTRIBUTES@@@Z 100123c9 f   nafxcw:thrdcore.obj
 0001:00011444       ?AfxBeginThread@@YGPAVCWinThread@@PAUCRuntimeClass@@HIKPAU_SECURITY_ATTRIBUTES@@@Z 10012444 f   nafxcw:thrdcore.obj
 0001:000114ae       ?InitLibId@CWinApp@@UAEXXZ 100124ae f   nafxcw:appui2.obj
 0001:000114af       ?Register@CWinApp@@UAEHXZ  100124af f   nafxcw:appui2.obj
 0001:000114b3       ?RegisterShellFileTypes@CWinApp@@IAEXH@Z 100124b3 f   nafxcw:appui2.obj
 0001:000114c6       ?UnregisterShellFileTypes@CWinApp@@IAEXXZ 100124c6 f   nafxcw:appui2.obj
 0001:000114d7       ?GetOpenDocumentCount@CWinApp@@QAEHXZ 100124d7 f   nafxcw:appui2.obj
 0001:000114ea       ?GetFirstDocTemplatePosition@CWinApp@@QBEPAU__POSITION@@XZ 100124ea f   nafxcw:appui2.obj
 0001:000114fb       ?GetNextDocTemplate@CWinApp@@QBEPAVCDocTemplate@@AAPAU__POSITION@@@Z 100124fb f   nafxcw:appui2.obj
 0001:0001150e       ?AfxGetInstanceHandle@@YGPAUHINSTANCE__@@XZ 1001250e f i nafxcw:appui2.obj
 0001:00011517       ?ProcessShellCommand@CWinApp@@QAEHAAVCCommandLineInfo@@@Z 10012517 f   nafxcw:appui2.obj
 0001:00011695       ?AddDocTemplate@CWinApp@@QAEXPAVCDocTemplate@@@Z 10012695 f   nafxcw:appui2.obj
 0001:000116e1       ?GetManager@?$CSimpleStringT@D$0A@@ATL@@QBEPAUIAtlStringMgr@2@XZ 100126e1 f i nafxcw:appui2.obj
 0001:000116f2       ?ReleaseBuffer@?$CSimpleStringT@D$0A@@ATL@@QAEXH@Z 100126f2 f i nafxcw:appui2.obj
 0001:00011717       ??0?$CStringT@DV?$StrTraitMFC@DV?$ChTraitsCRT@D@ATL@@@@@ATL@@QAE@PAUIAtlStringMgr@1@@Z 10012717 f i nafxcw:appui2.obj
 0001:00011729       ?GetManager@?$CStringT@DV?$StrTraitMFC@DV?$ChTraitsCRT@D@ATL@@@@@ATL@@QBEPAUIAtlStringMgr@2@XZ 10012729 f i nafxcw:appui2.obj
 0001:0001174c       ?GetBuffer@?$CSimpleStringT@D$0A@@ATL@@QAEPADXZ 1001274c f i nafxcw:appui2.obj
 0001:00011766       ?Concatenate@?$CSimpleStringT@D$0A@@ATL@@KAXAAV12@PBDH1H@Z 10012766 f i nafxcw:appui2.obj
 0001:000117ad       ??HATL@@YA?AV?$CStringT@DV?$StrTraitMFC@DV?$ChTraitsCRT@D@ATL@@@@@0@ABV10@PBD@Z 100127ad f i nafxcw:appui2.obj
 0001:00011811       ?AfxDelRegTreeHelper@@YGJPAUHKEY__@@ABV?$CStringT@DV?$StrTraitMFC@DV?$ChTraitsCRT@D@ATL@@@@@ATL@@@Z 10012811 f   nafxcw:appui2.obj
 0001:00011920       ?EnableShellOpen@CWinApp@@IAEXXZ 10012920 f   nafxcw:appui2.obj
 0001:000119d8       ?DelRegTree@CWinApp@@QAEJPAUHKEY__@@ABV?$CStringT@DV?$StrTraitMFC@DV?$ChTraitsCRT@D@ATL@@@@@ATL@@@Z 100129d8 f   nafxcw:appui2.obj
 0001:000119dd       ?Unregister@CWinApp@@UAEHXZ 100129dd f   nafxcw:appui2.obj
 0001:00011b3d       ?DoWaitCursor@CWinApp@@UAEXH@Z 10012b3d f   nafxcw:appui.obj
 0001:00011bb7       ?SaveAllModified@CWinApp@@UAEHXZ 10012bb7 f   nafxcw:appui.obj
 0001:00011bc9       ?AddToRecentFileList@CWinApp@@UAEXPBD@Z 10012bc9 f   nafxcw:appui.obj
 0001:00011bec       ?OpenDocumentFile@CWinApp@@UAEPAVCDocument@@PBD@Z 10012bec f   nafxcw:appui.obj
 0001:00011bff       ?CloseAllDocuments@CWinApp@@QAEXH@Z 10012bff f   nafxcw:appui.obj
 0001:00011c10       ?OnUpdateRecentFileMenu@CWinApp@@IAEXPAVCCmdUI@@@Z 10012c10 f   nafxcw:appui.obj
 0001:00011c3e       ?OnDDECommand@CWinApp@@UAEHPAD@Z 10012c3e f   nafxcw:appui.obj
 0001:00011c51       ?ShowOwnedPopups@CWnd@@QAEXH@Z 10012c51 f i nafxcw:appui.obj
 0001:00011c61       ?GetSize@CRecentFileList@@QBEHXZ 10012c61 f i nafxcw:appui.obj
 0001:00011c65       ??ACRecentFileList@@QAEAAV?$CStringT@DV?$StrTraitMFC@DV?$ChTraitsCRT@D@ATL@@@@@ATL@@H@Z 10012c65 f i nafxcw:appui.obj
 0001:00011c80       ?OnAppExit@CWinApp@@IAEXXZ 10012c80 f   nafxcw:appui.obj
 0001:00011c93       ?HideApplication@CWinApp@@QAEXXZ 10012c93 f   nafxcw:appui.obj
 0001:00011cc5       ?OnOpenRecentFile@CWinApp@@IAEHI@Z 10012cc5 f   nafxcw:appui.obj
 0001:00011d23       ?GetRoutingView_@CCmdTarget@@KGPAVCView@@XZ 10012d23 f   nafxcw:appui1.obj
 0001:00011d2f       ?GetRoutingFrame_@CCmdTarget@@KGPAVCFrameWnd@@XZ 10012d2f f   nafxcw:appui1.obj
 0001:00011d3b       ?AfxCtxMessageBoxA@@YAHPAUHWND__@@PBD1I@Z 10012d3b f i nafxcw:appui1.obj
 0001:00011dd2       ?DoEnableModeless@CWinApp@@SAXH@Z 10012dd2 f   nafxcw:appui1.obj
 0001:00011e06       ?GetSafeOwner_@CWnd@@SGPAUHWND__@@PAU2@PAPAU2@@Z 10012e06 f   nafxcw:appui1.obj
 0001:00011ea4       ?EnableModeless@CWinApp@@QAEXH@Z 10012ea4 f   nafxcw:appui1.obj
 0001:00011eb1       ?ShowAppMessageBox@CWinApp@@SAHPAV1@PBDII@Z 10012eb1 f   nafxcw:appui1.obj
 0001:0001200c       ?AfxMessageBox@@YGHPBDII@Z 1001300c f   nafxcw:appui1.obj
 0001:0001203d       ?DoMessageBox@CWinApp@@UAEHPBDII@Z 1001303d f   nafxcw:appui1.obj
 0001:00012055       ?AfxMessageBox@@YGHIII@Z   10013055 f   nafxcw:appui1.obj
 0001:000120aa       ??1?$CThreadLocal@V_AFX_THREAD_STATE@@@@QAE@XZ 100130aa f i nafxcw:afxstate.obj
 0001:000120af       ??1?$CThreadLocal@VAFX_MODULE_THREAD_STATE@@@@QAE@XZ 100130af f i nafxcw:afxstate.obj
 0001:000120b4       ?_AfxInitContextAPI@@YGXXZ 100130b4 f   nafxcw:afxstate.obj
 0001:00012122       ?AfxCreateActCtxW@@YGPAXPBUtagACTCTXW@@@Z 10013122 f   nafxcw:afxstate.obj
 0001:00012133       ?AfxReleaseActCtx@@YGXPAX@Z 10013133 f   nafxcw:afxstate.obj
 0001:00012141       ?AfxActivateActCtx@@YGHPAXPAK@Z 10013141 f   nafxcw:afxstate.obj
 0001:00012151       ?AfxDeactivateActCtx@@YGHKK@Z 10013151 f   nafxcw:afxstate.obj
 0001:00012161       ?AfxActivateActCtxWrapper@@YG?AW4eActCtxResult@@PAXPAK@Z 10013161 f   nafxcw:afxstate.obj
 0001:00012191       ?CreateActivationContext@AFX_MODULE_STATE@@QAEXXZ 10013191 f   nafxcw:afxstate.obj
 0001:0001227e       ??1?$CProcessLocal@V_AFX_BASE_MODULE_STATE@@@@QAE@XZ 1001327e f i nafxcw:afxstate.obj
 0001:00012283       ?Unlock@CTypeLibCache@@QAEXXZ 10013283 f   nafxcw:afxstate.obj
 0001:000122b8       ??0CPoint@@QAE@XZ          100132b8 f i nafxcw:afxstate.obj
 0001:000122bb       ??0CPoint@@QAE@HH@Z        100132bb f i nafxcw:afxstate.obj
 0001:000122cd       ??0CSimpleList@@QAE@H@Z    100132cd f i nafxcw:afxstate.obj
 0001:000122dc       ?Construct@CSimpleList@@QAEXH@Z 100132dc f i nafxcw:afxstate.obj
 0001:000122e6       ??1CNoTrackObject@@UAE@XZ  100132e6 f i nafxcw:afxstate.obj
 0001:000122e7       ??0CTypeLibCache@@QAE@XZ   100132e7 f i nafxcw:afxstate.obj
 0001:000122f9       ?IsEmpty@CPtrList@@QBEHXZ  100132f9 f i nafxcw:afxstate.obj
 0001:00012302       ?GetStartPosition@CMapPtrToPtr@@QBEPAU__POSITION@@XZ 10013302 f i nafxcw:afxstate.obj
 0001:0001230a       ?CommonConstruct@CDllIsolationWrapperBase@@QAEXXZ 1001330a f i nafxcw:afxstate.obj
 0001:00012313       ??0CNoTrackObject@@QAE@XZ  10013313 f i nafxcw:afxstate.obj
 0001:00012316       ??0InitCommonControls_Type@CComCtlWrapper@@QAE@XZ 10013316 f i nafxcw:afxstate.obj
 0001:0001231c       ??0InitCommonControlsEx_Type@CComCtlWrapper@@QAE@XZ 1001331c f i nafxcw:afxstate.obj
 0001:00012322       ??0ImageList_Create_Type@CComCtlWrapper@@QAE@XZ 10013322 f i nafxcw:afxstate.obj
 0001:00012328       ??0ImageList_Destroy_Type@CComCtlWrapper@@QAE@XZ 10013328 f i nafxcw:afxstate.obj
 0001:0001232e       ??0ImageList_GetImageCount_Type@CComCtlWrapper@@QAE@XZ 1001332e f i nafxcw:afxstate.obj
 0001:00012334       ??0ImageList_SetImageCount_Type@CComCtlWrapper@@QAE@XZ 10013334 f i nafxcw:afxstate.obj
 0001:0001233a       ??0ImageList_Add_Type@CComCtlWrapper@@QAE@XZ 1001333a f i nafxcw:afxstate.obj
 0001:00012340       ??0ImageList_ReplaceIcon_Type@CComCtlWrapper@@QAE@XZ 10013340 f i nafxcw:afxstate.obj
 0001:00012346       ??0ImageList_SetBkColor_Type@CComCtlWrapper@@QAE@XZ 10013346 f i nafxcw:afxstate.obj
 0001:0001234c       ??0ImageList_GetBkColor_Type@CComCtlWrapper@@QAE@XZ 1001334c f i nafxcw:afxstate.obj
 0001:00012352       ??0ImageList_SetOverlayImage_Type@CComCtlWrapper@@QAE@XZ 10013352 f i nafxcw:afxstate.obj
 0001:00012358       ??0ImageList_Draw_Type@CComCtlWrapper@@QAE@XZ 10013358 f i nafxcw:afxstate.obj
 0001:0001235e       ??0ImageList_Replace_Type@CComCtlWrapper@@QAE@XZ 1001335e f i nafxcw:afxstate.obj
 0001:00012364       ??0ImageList_AddMasked_Type@CComCtlWrapper@@QAE@XZ 10013364 f i nafxcw:afxstate.obj
 0001:0001236a       ??0ImageList_DrawEx_Type@CComCtlWrapper@@QAE@XZ 1001336a f i nafxcw:afxstate.obj
 0001:00012370       ??0ImageList_DrawIndirect_Type@CComCtlWrapper@@QAE@XZ 10013370 f i nafxcw:afxstate.obj
 0001:00012376       ??0ImageList_Remove_Type@CComCtlWrapper@@QAE@XZ 10013376 f i nafxcw:afxstate.obj
 0001:0001237c       ??0ImageList_GetIcon_Type@CComCtlWrapper@@QAE@XZ 1001337c f i nafxcw:afxstate.obj
 0001:00012382       ??0ImageList_LoadImageA_Type@CComCtlWrapper@@QAE@XZ 10013382 f i nafxcw:afxstate.obj
 0001:00012388       ??0ImageList_LoadImageW_Type@CComCtlWrapper@@QAE@XZ 10013388 f i nafxcw:afxstate.obj
 0001:0001238e       ??0ImageList_Copy_Type@CComCtlWrapper@@QAE@XZ 1001338e f i nafxcw:afxstate.obj
 0001:00012394       ??0ImageList_BeginDrag_Type@CComCtlWrapper@@QAE@XZ 10013394 f i nafxcw:afxstate.obj
 0001:0001239a       ??0ImageList_EndDrag_Type@CComCtlWrapper@@QAE@XZ 1001339a f i nafxcw:afxstate.obj
 0001:000123a0       ??0ImageList_DragEnter_Type@CComCtlWrapper@@QAE@XZ 100133a0 f i nafxcw:afxstate.obj
 0001:000123a6       ??0ImageList_DragLeave_Type@CComCtlWrapper@@QAE@XZ 100133a6 f i nafxcw:afxstate.obj
 0001:000123ac       ??0ImageList_DragMove_Type@CComCtlWrapper@@QAE@XZ 100133ac f i nafxcw:afxstate.obj
 0001:000123b2       ??0ImageList_SetDragCursorImage_Type@CComCtlWrapper@@QAE@XZ 100133b2 f i nafxcw:afxstate.obj
 0001:000123b8       ??0ImageList_DragShowNolock_Type@CComCtlWrapper@@QAE@XZ 100133b8 f i nafxcw:afxstate.obj
 0001:000123be       ??0ImageList_GetDragImage_Type@CComCtlWrapper@@QAE@XZ 100133be f i nafxcw:afxstate.obj
 0001:000123c4       ??0ImageList_Read_Type@CComCtlWrapper@@QAE@XZ 100133c4 f i nafxcw:afxstate.obj
 0001:000123ca       ??0ImageList_Write_Type@CComCtlWrapper@@QAE@XZ 100133ca f i nafxcw:afxstate.obj
 0001:000123d0       ??0ImageList_ReadEx_Type@CComCtlWrapper@@QAE@XZ 100133d0 f i nafxcw:afxstate.obj
 0001:000123d6       ??0ImageList_WriteEx_Type@CComCtlWrapper@@QAE@XZ 100133d6 f i nafxcw:afxstate.obj
 0001:000123dc       ??0ImageList_GetIconSize_Type@CComCtlWrapper@@QAE@XZ 100133dc f i nafxcw:afxstate.obj
 0001:000123e2       ??0ImageList_SetIconSize_Type@CComCtlWrapper@@QAE@XZ 100133e2 f i nafxcw:afxstate.obj
 0001:000123e8       ??0ImageList_GetImageInfo_Type@CComCtlWrapper@@QAE@XZ 100133e8 f i nafxcw:afxstate.obj
 0001:000123ee       ??0ImageList_Merge_Type@CComCtlWrapper@@QAE@XZ 100133ee f i nafxcw:afxstate.obj
 0001:000123f4       ??0ImageList_Duplicate_Type@CComCtlWrapper@@QAE@XZ 100133f4 f i nafxcw:afxstate.obj
 0001:000123fa       ??0CreateToolbarEx_Type@CComCtlWrapper@@QAE@XZ 100133fa f i nafxcw:afxstate.obj
 0001:00012400       ??0CreateMappedBitmap_Type@CComCtlWrapper@@QAE@XZ 10013400 f i nafxcw:afxstate.obj
 0001:00012406       ??0DrawStatusTextA_Type@CComCtlWrapper@@QAE@XZ 10013406 f i nafxcw:afxstate.obj
 0001:0001240c       ??0DrawStatusTextW_Type@CComCtlWrapper@@QAE@XZ 1001340c f i nafxcw:afxstate.obj
 0001:00012412       ??0CreateStatusWindowA_Type@CComCtlWrapper@@QAE@XZ 10013412 f i nafxcw:afxstate.obj
 0001:00012418       ??0CreateStatusWindowW_Type@CComCtlWrapper@@QAE@XZ 10013418 f i nafxcw:afxstate.obj
 0001:0001241e       ??0MenuHelp_Type@CComCtlWrapper@@QAE@XZ 1001341e f i nafxcw:afxstate.obj
 0001:00012424       ??0ShowHideMenuCtl_Type@CComCtlWrapper@@QAE@XZ 10013424 f i nafxcw:afxstate.obj
 0001:0001242a       ??0GetEffectiveClientRect_Type@CComCtlWrapper@@QAE@XZ 1001342a f i nafxcw:afxstate.obj
 0001:00012430       ??0MakeDragList_Type@CComCtlWrapper@@QAE@XZ 10013430 f i nafxcw:afxstate.obj
 0001:00012436       ??0DrawInsert_Type@CComCtlWrapper@@QAE@XZ 10013436 f i nafxcw:afxstate.obj
 0001:0001243c       ??0LBItemFromPt_Type@CComCtlWrapper@@QAE@XZ 1001343c f i nafxcw:afxstate.obj
 0001:00012442       ??0CreateUpDownControl_Type@CComCtlWrapper@@QAE@XZ 10013442 f i nafxcw:afxstate.obj
 0001:00012448       ??0InitMUILanguage_Type@CComCtlWrapper@@QAE@XZ 10013448 f i nafxcw:afxstate.obj
 0001:0001244e       ??0GetMUILanguage_Type@CComCtlWrapper@@QAE@XZ 1001344e f i nafxcw:afxstate.obj
 0001:00012454       ??0DSA_Create_Type@CComCtlWrapper@@QAE@XZ 10013454 f i nafxcw:afxstate.obj
 0001:0001245a       ??0DSA_Destroy_Type@CComCtlWrapper@@QAE@XZ 1001345a f i nafxcw:afxstate.obj
 0001:00012460       ??0DSA_DestroyCallback_Type@CComCtlWrapper@@QAE@XZ 10013460 f i nafxcw:afxstate.obj
 0001:00012466       ??0DSA_GetItemPtr_Type@CComCtlWrapper@@QAE@XZ 10013466 f i nafxcw:afxstate.obj
 0001:0001246c       ??0DSA_InsertItem_Type@CComCtlWrapper@@QAE@XZ 1001346c f i nafxcw:afxstate.obj
 0001:00012472       ??0DPA_Create_Type@CComCtlWrapper@@QAE@XZ 10013472 f i nafxcw:afxstate.obj
 0001:00012478       ??0DPA_Destroy_Type@CComCtlWrapper@@QAE@XZ 10013478 f i nafxcw:afxstate.obj
 0001:0001247e       ??0DPA_DeletePtr_Type@CComCtlWrapper@@QAE@XZ 1001347e f i nafxcw:afxstate.obj
 0001:00012484       ??0DPA_DeleteAllPtrs_Type@CComCtlWrapper@@QAE@XZ 10013484 f i nafxcw:afxstate.obj
 0001:0001248a       ??0DPA_EnumCallback_Type@CComCtlWrapper@@QAE@XZ 1001348a f i nafxcw:afxstate.obj
 0001:00012490       ??0DPA_DestroyCallback_Type@CComCtlWrapper@@QAE@XZ 10013490 f i nafxcw:afxstate.obj
 0001:00012496       ??0DPA_SetPtr_Type@CComCtlWrapper@@QAE@XZ 10013496 f i nafxcw:afxstate.obj
 0001:0001249c       ??0DPA_InsertPtr_Type@CComCtlWrapper@@QAE@XZ 1001349c f i nafxcw:afxstate.obj
 0001:000124a2       ??0DPA_GetPtr_Type@CComCtlWrapper@@QAE@XZ 100134a2 f i nafxcw:afxstate.obj
 0001:000124a8       ??0DPA_Sort_Type@CComCtlWrapper@@QAE@XZ 100134a8 f i nafxcw:afxstate.obj
 0001:000124ae       ??0DPA_Search_Type@CComCtlWrapper@@QAE@XZ 100134ae f i nafxcw:afxstate.obj
 0001:000124b4       ??0Str_SetPtrW_Type@CComCtlWrapper@@QAE@XZ 100134b4 f i nafxcw:afxstate.obj
 0001:000124ba       ??0_TrackMouseEvent_Type@CComCtlWrapper@@QAE@XZ 100134ba f i nafxcw:afxstate.obj
 0001:000124c0       ??0FlatSB_EnableScrollBar_Type@CComCtlWrapper@@QAE@XZ 100134c0 f i nafxcw:afxstate.obj
 0001:000124c6       ??0FlatSB_ShowScrollBar_Type@CComCtlWrapper@@QAE@XZ 100134c6 f i nafxcw:afxstate.obj
 0001:000124cc       ??0FlatSB_GetScrollRange_Type@CComCtlWrapper@@QAE@XZ 100134cc f i nafxcw:afxstate.obj
 0001:000124d2       ??0FlatSB_GetScrollInfo_Type@CComCtlWrapper@@QAE@XZ 100134d2 f i nafxcw:afxstate.obj
 0001:000124d8       ??0FlatSB_GetScrollPos_Type@CComCtlWrapper@@QAE@XZ 100134d8 f i nafxcw:afxstate.obj
 0001:000124de       ??0FlatSB_GetScrollProp_Type@CComCtlWrapper@@QAE@XZ 100134de f i nafxcw:afxstate.obj
 0001:000124e4       ??0FlatSB_GetScrollPropPtr_Type@CComCtlWrapper@@QAE@XZ 100134e4 f i nafxcw:afxstate.obj
 0001:000124ea       ??0FlatSB_SetScrollPos_Type@CComCtlWrapper@@QAE@XZ 100134ea f i nafxcw:afxstate.obj
 0001:000124f0       ??0FlatSB_SetScrollInfo_Type@CComCtlWrapper@@QAE@XZ 100134f0 f i nafxcw:afxstate.obj
 0001:000124f6       ??0FlatSB_SetScrollRange_Type@CComCtlWrapper@@QAE@XZ 100134f6 f i nafxcw:afxstate.obj
 0001:000124fc       ??0FlatSB_SetScrollProp_Type@CComCtlWrapper@@QAE@XZ 100134fc f i nafxcw:afxstate.obj
 0001:00012502       ??0InitializeFlatSB_Type@CComCtlWrapper@@QAE@XZ 10013502 f i nafxcw:afxstate.obj
 0001:00012508       ??0UninitializeFlatSB_Type@CComCtlWrapper@@QAE@XZ 10013508 f i nafxcw:afxstate.obj
 0001:0001250e       ??0SetWindowSubclass_Type@CComCtlWrapper@@QAE@XZ 1001350e f i nafxcw:afxstate.obj
 0001:00012514       ??0GetWindowSubclass_Type@CComCtlWrapper@@QAE@XZ 10013514 f i nafxcw:afxstate.obj
 0001:0001251a       ??0RemoveWindowSubclass_Type@CComCtlWrapper@@QAE@XZ 1001351a f i nafxcw:afxstate.obj
 0001:00012520       ??0DefSubclassProc_Type@CComCtlWrapper@@QAE@XZ 10013520 f i nafxcw:afxstate.obj
 0001:00012526       ??0DrawShadowText_Type@CComCtlWrapper@@QAE@XZ 10013526 f i nafxcw:afxstate.obj
 0001:0001252c       ??0CreatePropertySheetPageA_Type@CComCtlWrapper@@QAE@XZ 1001352c f i nafxcw:afxstate.obj
 0001:00012532       ??0CreatePropertySheetPageW_Type@CComCtlWrapper@@QAE@XZ 10013532 f i nafxcw:afxstate.obj
 0001:00012538       ??0DestroyPropertySheetPage_Type@CComCtlWrapper@@QAE@XZ 10013538 f i nafxcw:afxstate.obj
 0001:0001253e       ??0PropertySheetA_Type@CComCtlWrapper@@QAE@XZ 1001353e f i nafxcw:afxstate.obj
 0001:00012544       ??0PropertySheetW_Type@CComCtlWrapper@@QAE@XZ 10013544 f i nafxcw:afxstate.obj
 0001:0001254a       ??0GetOpenFileNameA_Type@CCommDlgWrapper@@QAE@XZ 1001354a f i nafxcw:afxstate.obj
 0001:00012550       ??0GetOpenFileNameW_Type@CCommDlgWrapper@@QAE@XZ 10013550 f i nafxcw:afxstate.obj
 0001:00012556       ??0GetSaveFileNameA_Type@CCommDlgWrapper@@QAE@XZ 10013556 f i nafxcw:afxstate.obj
 0001:0001255c       ??0GetSaveFileNameW_Type@CCommDlgWrapper@@QAE@XZ 1001355c f i nafxcw:afxstate.obj
 0001:00012562       ??0GetFileTitleA_Type@CCommDlgWrapper@@QAE@XZ 10013562 f i nafxcw:afxstate.obj
 0001:00012568       ??0GetFileTitleW_Type@CCommDlgWrapper@@QAE@XZ 10013568 f i nafxcw:afxstate.obj
 0001:0001256e       ??0ChooseColorA_Type@CCommDlgWrapper@@QAE@XZ 1001356e f i nafxcw:afxstate.obj
 0001:00012574       ??0ChooseColorW_Type@CCommDlgWrapper@@QAE@XZ 10013574 f i nafxcw:afxstate.obj
 0001:0001257a       ??0FindTextA_Type@CCommDlgWrapper@@QAE@XZ 1001357a f i nafxcw:afxstate.obj
 0001:00012580       ??0FindTextW_Type@CCommDlgWrapper@@QAE@XZ 10013580 f i nafxcw:afxstate.obj
 0001:00012586       ??0ReplaceTextA_Type@CCommDlgWrapper@@QAE@XZ 10013586 f i nafxcw:afxstate.obj
 0001:0001258c       ??0ReplaceTextW_Type@CCommDlgWrapper@@QAE@XZ 1001358c f i nafxcw:afxstate.obj
 0001:00012592       ??0ChooseFontA_Type@CCommDlgWrapper@@QAE@XZ 10013592 f i nafxcw:afxstate.obj
 0001:00012598       ??0ChooseFontW_Type@CCommDlgWrapper@@QAE@XZ 10013598 f i nafxcw:afxstate.obj
 0001:0001259e       ??0PrintDlgA_Type@CCommDlgWrapper@@QAE@XZ 1001359e f i nafxcw:afxstate.obj
 0001:000125a4       ??0PrintDlgW_Type@CCommDlgWrapper@@QAE@XZ 100135a4 f i nafxcw:afxstate.obj
 0001:000125aa       ??0CommDlgExtendedError_Type@CCommDlgWrapper@@QAE@XZ 100135aa f i nafxcw:afxstate.obj
 0001:000125b0       ??0PageSetupDlgA_Type@CCommDlgWrapper@@QAE@XZ 100135b0 f i nafxcw:afxstate.obj
 0001:000125b6       ??0PageSetupDlgW_Type@CCommDlgWrapper@@QAE@XZ 100135b6 f i nafxcw:afxstate.obj
 0001:000125bc       ??0PrintDlgExA_Type@CCommDlgWrapper@@QAE@XZ 100135bc f i nafxcw:afxstate.obj
 0001:000125c2       ??0PrintDlgExW_Type@CCommDlgWrapper@@QAE@XZ 100135c2 f i nafxcw:afxstate.obj
 0001:000125c8       ??0_AFX_THREAD_STATE@@QAE@XZ 100135c8 f   nafxcw:afxstate.obj
 0001:000125e1       ??1_AFX_THREAD_STATE@@UAE@XZ 100135e1 f   nafxcw:afxstate.obj
 0001:00012616       ?RemoveAll@CTypeLibCacheMap@@UAEXPAX@Z 10013616 f   nafxcw:afxstate.obj
 0001:00012658       ??1AFX_MODULE_THREAD_STATE@@UAE@XZ 10013658 f   nafxcw:afxstate.obj
 0001:00012704       ??0?$CTypedSimpleList@PAVCFrameWnd@@@@QAE@H@Z 10013704 f i nafxcw:afxstate.obj
 0001:00012713       ??0?$CTypedSimpleList@PAUCRuntimeClass@@@@QAE@H@Z 10013713 f i nafxcw:afxstate.obj
 0001:00012722       ??0?$CTypedSimpleList@PAVCOleObjectFactory@@@@QAE@H@Z 10013722 f i nafxcw:afxstate.obj
 0001:00012731       ??0?$CTypedSimpleList@PAVCOleControlLock@@@@QAE@H@Z 10013731 f i nafxcw:afxstate.obj
 0001:00012740       ??_E_AFX_THREAD_STATE@@UAEPAXI@Z 10013740 f i nafxcw:afxstate.obj
 0001:00012740       ??_G_AFX_THREAD_STATE@@UAEPAXI@Z 10013740 f i nafxcw:afxstate.obj
 0001:0001275b       ??0AFX_MODULE_THREAD_STATE@@QAE@XZ 1001375b f   nafxcw:afxstate.obj
 0001:00012785       ??_EAFX_MODULE_THREAD_STATE@@UAEPAXI@Z 10013785 f i nafxcw:afxstate.obj
 0001:00012785       ??_GAFX_MODULE_THREAD_STATE@@UAEPAXI@Z 10013785 f i nafxcw:afxstate.obj
 0001:000127a0       ??B?$CThreadLocal@V_AFX_THREAD_STATE@@@@QAEPAV_AFX_THREAD_STATE@@XZ 100137a0 f i nafxcw:afxstate.obj
 0001:000127a5       ?AfxGetThreadState@@YGPAV_AFX_THREAD_STATE@@XZ 100137a5 f   nafxcw:afxstate.obj
 0001:000127be       ??1AFX_MODULE_STATE@@UAE@XZ 100137be f   nafxcw:afxstate.obj
 0001:00012861       ??0CDllIsolationWrapperBase@@QAE@ABV?$CStringT@DV?$StrTraitMFC@DV?$ChTraitsCRT@D@ATL@@@@@ATL@@@Z 10013861 f i nafxcw:afxstate.obj
 0001:00012884       ??1CDllIsolationWrapperBase@@UAE@XZ 10013884 f i nafxcw:afxstate.obj
 0001:000128a8       ??_ECDllIsolationWrapperBase@@UAEPAXI@Z 100138a8 f i nafxcw:afxstate.obj
 0001:000128a8       ??_GCDllIsolationWrapperBase@@UAEPAXI@Z 100138a8 f i nafxcw:afxstate.obj
 0001:000128c3       ?Preallocate@?$CSimpleStringT@D$0A@@ATL@@QAEXH@Z 100138c3 f i nafxcw:afxstate.obj
 0001:000128c8       ??_GAFX_MODULE_STATE@@UAEPAXI@Z 100138c8 f i nafxcw:afxstate.obj
 0001:000128c8       ??_EAFX_MODULE_STATE@@UAEPAXI@Z 100138c8 f i nafxcw:afxstate.obj
 0001:000128e3       ??0CComCtlWrapper@@QAE@XZ  100138e3 f i nafxcw:afxstate.obj
 0001:00012b07       ??1CComCtlWrapper@@UAE@XZ  10013b07 f i nafxcw:afxstate.obj
 0001:00012b0c       ??_GCComCtlWrapper@@UAEPAXI@Z 10013b0c f i nafxcw:afxstate.obj
 0001:00012b0c       ??_ECComCtlWrapper@@UAEPAXI@Z 10013b0c f i nafxcw:afxstate.obj
 0001:00012b27       ??0CCommDlgWrapper@@QAE@XZ 10013b27 f i nafxcw:afxstate.obj
 0001:00012baa       ??1CCommDlgWrapper@@UAE@XZ 10013baa f i nafxcw:afxstate.obj
 0001:00012baf       ??_GCCommDlgWrapper@@UAEPAXI@Z 10013baf f i nafxcw:afxstate.obj
 0001:00012baf       ??_ECCommDlgWrapper@@UAEPAXI@Z 10013baf f i nafxcw:afxstate.obj
 0001:00012bca       ??0AFX_MODULE_STATE@@QAE@H@Z 10013bca f   nafxcw:afxstate.obj
 0001:00012cc8       ??0_AFX_BASE_MODULE_STATE@@QAE@XZ 10013cc8 f i nafxcw:afxstate.obj
 0001:00012cdc       ??1_AFX_BASE_MODULE_STATE@@UAE@XZ 10013cdc f i nafxcw:afxstate.obj
 0001:00012ce1       ??_G_AFX_BASE_MODULE_STATE@@UAEPAXI@Z 10013ce1 f i nafxcw:afxstate.obj
 0001:00012ce1       ??_E_AFX_BASE_MODULE_STATE@@UAEPAXI@Z 10013ce1 f i nafxcw:afxstate.obj
 0001:00012cfc       ?CreateObject@?$CProcessLocal@V_AFX_BASE_MODULE_STATE@@@@SGPAVCNoTrackObject@@XZ 10013cfc f i nafxcw:afxstate.obj
 0001:00012d2b       ?GetData@?$CProcessLocal@V_AFX_BASE_MODULE_STATE@@@@QAEPAV_AFX_BASE_MODULE_STATE@@XZ 10013d2b f i nafxcw:afxstate.obj
 0001:00012d3f       ?AfxGetAppModuleState@@YGPAVAFX_MODULE_STATE@@XZ 10013d3f f   nafxcw:afxstate.obj
 0001:00012d58       ?AfxGetModuleState@@YGPAVAFX_MODULE_STATE@@XZ 10013d58 f   nafxcw:afxstate.obj
 0001:00012d8b       ?AfxGetInstanceHandleHelper@@YGPAUHINSTANCE__@@XZ 10013d8b f   nafxcw:afxstate.obj
 0001:00012d94       ?AfxIsModuleDll@@YGHXZ     10013d94 f   nafxcw:afxstate.obj
 0001:00012d9e       ?AfxInitCurrentStateApp@@YGHXZ 10013d9e f   nafxcw:afxstate.obj
 0001:00012dcb       ?AfxGetModuleThreadState@@YGPAVAFX_MODULE_THREAD_STATE@@XZ 10013dcb f   nafxcw:afxstate.obj
 0001:00012de4       ?AfxGetAmbientActCtx@@YGHXZ 10013de4 f i nafxcw:afxstate.obj
 0001:00012ded       ??0AFX_MAINTAIN_STATE2@@QAE@PAVAFX_MODULE_STATE@@@Z 10013ded f   nafxcw:afxstate.obj
 0001:00012e20       ??2@YAPAXIPAX@Z            10013e20 f i nafxcw:array_s.obj
 0001:00012e25       ?GetRuntimeClass@CStringArray@@UBEPAUCRuntimeClass@@XZ 10013e25 f   nafxcw:array_s.obj
 0001:00012e2b       ??5@YGAAVCArchive@@AAV0@AAPAVCStringArray@@@Z 10013e2b f   nafxcw:array_s.obj
 0001:00012e46       ??0AFX_CLASSINIT@@QAE@PAUCRuntimeClass@@@Z 10013e46 f i nafxcw:array_s.obj
 0001:00012e58       ?memmove_s@Checked@ATL@@YAXPAXIPBXI@Z 10013e58 f i nafxcw:array_s.obj
 0001:00012e77       ?IsStoring@CArchive@@QBEHXZ 10013e77 f i nafxcw:array_s.obj
 0001:00012e80       ??B?$CTempBuffer@_W$0IA@VCCRTAllocator@ATL@@@ATL@@QBEPA_WXZ 10013e80 f i nafxcw:array_s.obj
 0001:00012e83       ?FreeHeap@?$CTempBuffer@_W$0IA@VCCRTAllocator@ATL@@@ATL@@AAEXXZ 10013e83 f i nafxcw:array_s.obj
 0001:00012e8c       ?AllocateHeap@?$CTempBuffer@_W$0IA@VCCRTAllocator@ATL@@@ATL@@AAEXI@Z 10013e8c f i nafxcw:array_s.obj
 0001:00012ead       ??0CStringArray@@QAE@XZ    10013ead f   nafxcw:array_s.obj
 0001:00012ec4       ?FreeExtra@CStringArray@@QAEXXZ 10013ec4 f   nafxcw:array_s.obj
 0001:00012f0a       ?CreateObject@CStringArray@@SGPAVCObject@@XZ 10013f0a f   nafxcw:array_s.obj
 0001:00012f20       ??1?$CTempBuffer@_W$0IA@VCCRTAllocator@ATL@@@ATL@@QAE@XZ 10013f20 f i nafxcw:array_s.obj
 0001:00012f2d       ?AllocateBytes@?$CTempBuffer@_W$0IA@VCCRTAllocator@ATL@@@ATL@@QAEPA_WI@Z 10013f2d f i nafxcw:array_s.obj
 0001:00012f50       ??0?$CSimpleStringT@D$0A@@ATL@@QAE@PBDHPAUIAtlStringMgr@1@@Z 10013f50 f i nafxcw:array_s.obj
 0001:00012fb3       ??$?6DV?$StrTraitMFC@DV?$ChTraitsCRT@D@ATL@@@@@CArchive@@QAEAAV0@ABV?$CStringT@DV?$StrTraitMFC@DV?$ChTraitsCRT@D@ATL@@@@@ATL@@@Z 10013fb3 f i nafxcw:array_s.obj
 0001:00012fdc       ?Allocate@?$CTempBuffer@_W$0IA@VCCRTAllocator@ATL@@@ATL@@QAEPA_WI@Z 10013fdc f i nafxcw:array_s.obj
 0001:00012ff8       ??0?$CStringT@DV?$StrTraitMFC@DV?$ChTraitsCRT@D@ATL@@@@@ATL@@QAE@PBDH@Z 10013ff8 f i nafxcw:array_s.obj
 0001:00013024       ??_G?$CStringT@DV?$StrTraitMFC@DV?$ChTraitsCRT@D@ATL@@@@@ATL@@QAEPAXI@Z 10014024 f i nafxcw:array_s.obj
 0001:0001306c       ??0?$CTempBuffer@D$0IA@VCCRTAllocator@ATL@@@ATL@@QAE@I@Z 1001406c f i nafxcw:array_s.obj
 0001:00013081       ??0?$CTempBuffer@_W$0IA@VCCRTAllocator@ATL@@@ATL@@QAE@I@Z 10014081 f i nafxcw:array_s.obj
 0001:000130d0       ??1CStringArray@@UAE@XZ    100140d0 f   nafxcw:array_s.obj
 0001:000130f1       ?SetSize@CStringArray@@QAEXHH@Z 100140f1 f   nafxcw:array_s.obj
 0001:00013225       ?InsertEmpty@CStringArray@@IAEXHH@Z 10014225 f   nafxcw:array_s.obj
 0001:000132d3       ?RemoveAt@CStringArray@@QAEXHH@Z 100142d3 f   nafxcw:array_s.obj
 0001:00013346       ??0?$CStringT@DV?$StrTraitMFC@DV?$ChTraitsCRT@D@ATL@@@@@ATL@@QAE@PB_WH@Z 10014346 f i nafxcw:array_s.obj
 0001:000133b6       ??_GCStringArray@@UAEPAXI@Z 100143b6 f i nafxcw:array_s.obj
 0001:000133b6       ??_ECStringArray@@UAEPAXI@Z 100143b6 f i nafxcw:array_s.obj
 0001:000133f5       ?Append@CStringArray@@QAEHABV1@@Z 100143f5 f   nafxcw:array_s.obj
 0001:00013434       ?Copy@CStringArray@@QAEXABV1@@Z 10014434 f   nafxcw:array_s.obj
 0001:00013460       ?SetAtGrow@CStringArray@@QAEXHABV?$CStringT@DV?$StrTraitMFC@DV?$ChTraitsCRT@D@ATL@@@@@ATL@@@Z 10014460 f   nafxcw:array_s.obj
 0001:00013495       ?InsertAt@CStringArray@@QAEXHABV?$CStringT@DV?$StrTraitMFC@DV?$ChTraitsCRT@D@ATL@@@@@ATL@@H@Z 10014495 f   nafxcw:array_s.obj
 0001:000134cc       ??$?5DV?$StrTraitMFC@DV?$ChTraitsCRT@D@ATL@@@@@CArchive@@QAEAAV0@AAV?$CStringT@DV?$StrTraitMFC@DV?$ChTraitsCRT@D@ATL@@@@@ATL@@@Z 100144cc f i nafxcw:array_s.obj
 0001:00013603       ?SetAt@CStringArray@@QAEXHABV?$CStringT@DV?$StrTraitMFC@DV?$ChTraitsCRT@D@ATL@@@@@ATL@@@Z 10014603 f i nafxcw:array_s.obj
 0001:00013628       ?SetAtGrow@CStringArray@@QAEXHPBD@Z 10014628 f   nafxcw:array_s.obj
 0001:0001365d       ?InsertAt@CStringArray@@QAEXHPBV1@@Z 1001465d f   nafxcw:array_s.obj
 0001:000136b9       ?Serialize@CStringArray@@UAEXAAVCArchive@@@Z 100146b9 f   nafxcw:array_s.obj
 0001:00013722       ?InsertAt@CStringArray@@QAEXHPBDH@Z 10014722 f   nafxcw:array_s.obj
 0001:0001377c       ?AfxGetResourceHandle@@YGPAUHINSTANCE__@@XZ 1001477c f i nafxcw:winstr.obj
 0001:00013785       ?AfxLoadString@@YGHIPADI@Z 10014785 f   nafxcw:winstr.obj
 0001:000137dc       ?AfxLoadString@@YGHIPA_WI@Z 100147dc f   nafxcw:winstr.obj
 0001:0001383d       ?AfxFindStringResourceHandle@@YGPAUHINSTANCE__@@I@Z 1001483d f   nafxcw:winstr.obj
 0001:00013848       ?GetBufferSetLength@?$CSimpleStringT@D$0A@@ATL@@QAEPADH@Z 10014848 f i nafxcw:winstr.obj
 0001:00013869       ?AfxExtractSubString@@YGHAAV?$CStringT@DV?$StrTraitMFC@DV?$ChTraitsCRT@D@ATL@@@@@ATL@@PBDHD@Z 10014869 f   nafxcw:winstr.obj
 0001:000138ec       ??$HashKey@PB_W@@YGIPB_W@Z 100148ec f   nafxcw:strcore.obj
 0001:0001391c       ??$HashKey@PBD@@YGIPBD@Z   1001491c f   nafxcw:strcore.obj
 0001:00013949       ?AfxGetStringManager@@YGPAUIAtlStringMgr@ATL@@XZ 10014949 f   nafxcw:strcore.obj
 0001:0001394f       ?Allocate@CAfxStringMgr@@UAEPAUCStringData@ATL@@HH@Z 1001494f f   nafxcw:strcore.obj
 0001:0001398a       ?Free@CAfxStringMgr@@UAEXPAUCStringData@ATL@@@Z 1001498a f   nafxcw:strcore.obj
 0001:00013997       ?Reallocate@CAfxStringMgr@@UAEPAUCStringData@ATL@@PAU23@HH@Z 10014997 f   nafxcw:strcore.obj
 0001:000139c6       ?Clone@CAfxStringMgr@@UAEPAUIAtlStringMgr@ATL@@XZ 100149c6 f   nafxcw:strcore.obj
 0001:000139c9       ??B?$CSimpleStringT@_W$0A@@ATL@@QBEPB_WXZ 100149c9 f i nafxcw:strcore.obj
 0001:000139cc       ?CopyCharsOverlapped@?$CSimpleStringT@_W$0A@@ATL@@SAXPA_WIPB_WH@Z 100149cc f i nafxcw:strcore.obj
 0001:000139eb       ?Length@CComBSTR@ATL@@QBEIXZ 100149eb f i nafxcw:strcore.obj
 0001:000139f4       ??7CComBSTR@ATL@@QBE_NXZ   100149f4 f i nafxcw:strcore.obj
 0001:000139fc       ??1CComBSTR@ATL@@QAE@XZ    100149fc f i nafxcw:strcore.obj
 0001:00013a05       ??0CNilStringData@ATL@@QAE@XZ 10014a05 f i nafxcw:strcore.obj
 0001:00013a21       ?SetManager@CNilStringData@ATL@@QAEXPAUIAtlStringMgr@2@@Z 10014a21 f i nafxcw:strcore.obj
 0001:00013a2a       ?GetBaseTypeLength@?$ChTraitsCRT@_W@ATL@@SAHPBDH@Z 10014a2a f i nafxcw:strcore.obj
[...]
 0004:00000fb4       __imp__LoadResource@8      10091fb4     kernel32:KERNEL32.dll
 0004:00000fb8       __imp__LockResource@4      10091fb8     kernel32:KERNEL32.dll
 0004:00000fbc       __imp__SizeofResource@8    10091fbc     kernel32:KERNEL32.dll
 0004:00000fc0       __imp__FindResourceA@12    10091fc0     kernel32:KERNEL32.dll
 0004:00000fc4       __imp__GetLastError@0      10091fc4     kernel32:KERNEL32.dll
 0004:00000fc8       __imp__lstrcpyA@8          10091fc8     kernel32:KERNEL32.dll
 0004:00000fcc       __imp__lstrlenA@4          10091fcc     kernel32:KERNEL32.dll
 0004:00000fd0       __imp__lstrcmpiA@8         10091fd0     kernel32:KERNEL32.dll
 0004:00000fd4       __imp__lstrcmpiW@8         10091fd4     kernel32:KERNEL32.dll
 0004:00000fd8       __imp__GetStringTypeExA@20 10091fd8     kernel32:KERNEL32.dll
 0004:00000fdc       __imp__GetStringTypeExW@20 10091fdc     kernel32:KERNEL32.dll
 0004:00000fe0       __imp__WideCharToMultiByte@32 10091fe0     kernel32:KERNEL32.dll
 0004:00000fe4       __imp__lstrlenW@4          10091fe4     kernel32:KERNEL32.dll
 0004:00000fe8       __imp__CompareStringA@24   10091fe8     kernel32:KERNEL32.dll
 0004:00000fec       __imp__CompareStringW@24   10091fec     kernel32:KERNEL32.dll
 0004:00000ff0       __imp__GetEnvironmentVariableA@12 10091ff0     kernel32:KERNEL32.dll
 0004:00000ff4       __imp__MultiByteToWideChar@24 10091ff4     kernel32:KERNEL32.dll
 0004:00000ff8       __imp__InterlockedExchange@8 10091ff8     kernel32:KERNEL32.dll
 0004:00000ffc       __imp__GetVersion@0        10091ffc     kernel32:KERNEL32.dll
 0004:00001000       __imp__VirtualFree@12      10092000     kernel32:KERNEL32.dll
 0004:00001004       __imp__GetEnvironmentVariableW@12 10092004     kernel32:KERNEL32.dll
 0004:00001008       \177KERNEL32_NULL_THUNK_DATA 10092008     kernel32:KERNEL32.dll
 0004:000010b8       __imp__SysStringLen@4      100920b8     oleaut32:OLEAUT32.dll
 0004:000010bc       __imp__SysFreeString@4     100920bc     oleaut32:OLEAUT32.dll
 0004:000010c0       __imp__SysAllocStringByteLen@8 100920c0     oleaut32:OLEAUT32.dll
 0004:000010c4       __imp__SysStringByteLen@4  100920c4     oleaut32:OLEAUT32.dll
 0004:000010c8       __imp__VariantClear@4      100920c8     oleaut32:OLEAUT32.dll
 0004:000010cc       __imp__VariantChangeType@16 100920cc     oleaut32:OLEAUT32.dll
 0004:000010d0       __imp__VariantInit@4       100920d0     oleaut32:OLEAUT32.dll
 0004:000010d4       __imp__SysAllocStringLen@8 100920d4     oleaut32:OLEAUT32.dll
 0004:000010d8       __imp__SafeArrayUnaccessData@4 100920d8     oleaut32:OLEAUT32.dll
 0004:000010dc       __imp__SafeArrayAccessData@8 100920dc     oleaut32:OLEAUT32.dll
 0004:000010e0       __imp__SafeArrayGetUBound@12 100920e0     oleaut32:OLEAUT32.dll
 0004:000010e4       __imp__SafeArrayGetLBound@12 100920e4     oleaut32:OLEAUT32.dll
 0004:000010e8       __imp__SafeArrayGetElemsize@4 100920e8     oleaut32:OLEAUT32.dll
 0004:000010ec       __imp__SafeArrayGetDim@4   100920ec     oleaut32:OLEAUT32.dll
 0004:000010f0       __imp__SafeArrayCreate@12  100920f0     oleaut32:OLEAUT32.dll
 0004:000010f4       __imp__SafeArrayRedim@8    100920f4     oleaut32:OLEAUT32.dll
 0004:000010f8       __imp__VariantCopy@8       100920f8     oleaut32:OLEAUT32.dll
 0004:000010fc       __imp__SafeArrayAllocData@4 100920fc     oleaut32:OLEAUT32.dll
 0004:00001100       __imp__SafeArrayAllocDescriptor@8 10092100     oleaut32:OLEAUT32.dll
 0004:00001104       __imp__SafeArrayCopy@8     10092104     oleaut32:OLEAUT32.dll
 0004:00001108       __imp__SafeArrayGetElement@12 10092108     oleaut32:OLEAUT32.dll
 0004:0000110c       __imp__SafeArrayPtrOfIndex@12 1009210c     oleaut32:OLEAUT32.dll
 0004:00001110       __imp__SafeArrayPutElement@12 10092110     oleaut32:OLEAUT32.dll
 0004:00001114       __imp__SafeArrayLock@4     10092114     oleaut32:OLEAUT32.dll
 0004:00001118       __imp__SafeArrayUnlock@4   10092118     oleaut32:OLEAUT32.dll
 0004:0000111c       __imp__SafeArrayDestroy@4  1009211c     oleaut32:OLEAUT32.dll
 0004:00001120       __imp__SafeArrayDestroyData@4 10092120     oleaut32:OLEAUT32.dll
 0004:00001124       __imp__SafeArrayDestroyDescriptor@4 10092124     oleaut32:OLEAUT32.dll
 0004:00001128       __imp__VariantTimeToSystemTime@12 10092128     oleaut32:OLEAUT32.dll
 0004:0000112c       __imp__SystemTimeToVariantTime@8 1009212c     oleaut32:OLEAUT32.dll
 0004:00001130       __imp__SysReAllocStringLen@12 10092130     oleaut32:OLEAUT32.dll
 0004:00001134       __imp__VarDateFromStr@16   10092134     oleaut32:OLEAUT32.dll
 0004:00001138       __imp__VarBstrFromCy@20    10092138     oleaut32:OLEAUT32.dll
 0004:0000113c       __imp__VarBstrFromDec@16   1009213c     oleaut32:OLEAUT32.dll
 0004:00001140       __imp__VarDecFromStr@16    10092140     oleaut32:OLEAUT32.dll
 0004:00001144       __imp__VarCyFromStr@16     10092144     oleaut32:OLEAUT32.dll
 0004:00001148       __imp__VarBstrFromDate@20  10092148     oleaut32:OLEAUT32.dll
 0004:0000114c       \177OLEAUT32_NULL_THUNK_DATA 1009214c     oleaut32:OLEAUT32.dll
 0004:00001194       __imp__ExtractIconA@12     10092194     shell32:SHELL32.dll
 0004:00001198       __imp__SHGetFileInfoA@20   10092198     shell32:SHELL32.dll
 0004:0000119c       \177SHELL32_NULL_THUNK_DATA 1009219c     shell32:SHELL32.dll
 0004:000011c8       __imp__PathFindExtensionA@4 100921c8     shlwapi:SHLWAPI.dll
 0004:000011cc       __imp__PathRemoveExtensionA@4 100921cc     shlwapi:SHLWAPI.dll
 0004:000011d0       __imp__PathFindFileNameA@4 100921d0     shlwapi:SHLWAPI.dll
 0004:000011d4       __imp__PathStripToRootA@4  100921d4     shlwapi:SHLWAPI.dll
 0004:000011d8       __imp__PathIsUNCA@4        100921d8     shlwapi:SHLWAPI.dll
 0004:000011dc       \177SHLWAPI_NULL_THUNK_DATA 100921dc     shlwapi:SHLWAPI.dll
 0004:0000120c       __imp__ShowWindow@8        1009220c     user32:USER32.dll
 0004:00001210       __imp__MoveWindow@24       10092210     user32:USER32.dll
 0004:00001214       __imp__IsDialogMessageA@8  10092214     user32:USER32.dll
 0004:00001218       __imp__IsDlgButtonChecked@8 10092218     user32:USER32.dll
 0004:0000121c       __imp__SetDlgItemTextA@12  1009221c     user32:USER32.dll
 0004:00001220       __imp__SetDlgItemInt@16    10092220     user32:USER32.dll
 0004:00001224       __imp__GetDlgItemTextA@16  10092224     user32:USER32.dll
 0004:00001228       __imp__GetDlgItemInt@16    10092228     user32:USER32.dll
 0004:0000122c       __imp__CheckRadioButton@16 1009222c     user32:USER32.dll
 0004:00001230       __imp__CheckDlgButton@12   10092230     user32:USER32.dll
 0004:00001234       __imp__RegisterWindowMessageA@4 10092234     user32:USER32.dll
 0004:00001238       __imp__LoadIconA@8         10092238     user32:USER32.dll
 0004:0000123c       __imp__SendDlgItemMessageA@20 1009223c     user32:USER32.dll
 0004:00001240       __imp__WinHelpA@16         10092240     user32:USER32.dll
 0004:00001244       __imp__IsChild@8           10092244     user32:USER32.dll
 0004:00001248       __imp__GetCapture@0        10092248     user32:USER32.dll
 0004:0000124c       __imp__GetClassLongA@8     1009224c     user32:USER32.dll
 0004:00001250       __imp__SetPropA@12         10092250     user32:USER32.dll
 0004:00001254       __imp__GetPropA@8          10092254     user32:USER32.dll
 0004:00001258       __imp__RemovePropA@8       10092258     user32:USER32.dll
 0004:0000125c       __imp__IsWindow@4          1009225c     user32:USER32.dll
 0004:00001260       __imp__SetFocus@4          10092260     user32:USER32.dll
 0004:00001264       __imp__GetWindowTextLengthA@4 10092264     user32:USER32.dll
 0004:00001268       __imp__GetForegroundWindow@0 10092268     user32:USER32.dll
 0004:0000126c       __imp__SetActiveWindow@4   1009226c     user32:USER32.dll
 0004:00001270       __imp__BeginDeferWindowPos@4 10092270     user32:USER32.dll
 0004:00001274       __imp__EndDeferWindowPos@4 10092274     user32:USER32.dll
 0004:00001278       __imp__GetDlgItem@8        10092278     user32:USER32.dll
 0004:0000127c       __imp__GetTopWindow@4      1009227c     user32:USER32.dll
 0004:00001280       __imp__DestroyWindow@4     10092280     user32:USER32.dll
 0004:00001284       __imp__GetMessageTime@0    10092284     user32:USER32.dll
 0004:00001288       __imp__GetMessagePos@0     10092288     user32:USER32.dll
 0004:0000128c       __imp__MapWindowPoints@16  1009228c     user32:USER32.dll
 0004:00001290       __imp__ScrollWindow@20     10092290     user32:USER32.dll
 0004:00001294       __imp__TrackPopupMenuEx@24 10092294     user32:USER32.dll
 0004:00001298       __imp__TrackPopupMenu@28   10092298     user32:USER32.dll
 0004:0000129c       __imp__SetScrollRange@20   1009229c     user32:USER32.dll
 0004:000012a0       __imp__GetScrollRange@16   100922a0     user32:USER32.dll
 0004:000012a4       __imp__SetScrollPos@16     100922a4     user32:USER32.dll
 0004:000012a8       __imp__GetScrollPos@8      100922a8     user32:USER32.dll
 0004:000012ac       __imp__SetForegroundWindow@4 100922ac     user32:USER32.dll
 0004:000012b0       __imp__ShowScrollBar@12    100922b0     user32:USER32.dll
 0004:000012b4       __imp__UpdateWindow@4      100922b4     user32:USER32.dll
 0004:000012b8       __imp__GetClientRect@8     100922b8     user32:USER32.dll
 0004:000012bc       __imp__GetMenu@4           100922bc     user32:USER32.dll
 0004:000012c0       __imp__CreateWindowExA@48  100922c0     user32:USER32.dll
 0004:000012c4       __imp__GetClassInfoExA@12  100922c4     user32:USER32.dll
 0004:000012c8       __imp__GetClassInfoA@12    100922c8     user32:USER32.dll
 0004:000012cc       __imp__RegisterClassA@4    100922cc     user32:USER32.dll
 0004:000012d0       __imp__AdjustWindowRectEx@16 100922d0     user32:USER32.dll
 0004:000012d4       __imp__GetDialogBaseUnits@0 100922d4     user32:USER32.dll
 0004:000012d8       __imp__DeferWindowPos@32   100922d8     user32:USER32.dll
 0004:000012dc       __imp__CopyRect@8          100922dc     user32:USER32.dll
 0004:000012e0       __imp__GetScrollInfo@12    100922e0     user32:USER32.dll
 0004:000012e4       __imp__SetScrollInfo@16    100922e4     user32:USER32.dll
 0004:000012e8       __imp__SetWindowPlacement@8 100922e8     user32:USER32.dll
 0004:000012ec       __imp__DefWindowProcA@16   100922ec     user32:USER32.dll
 0004:000012f0       __imp__CallWindowProcA@20  100922f0     user32:USER32.dll
 0004:000012f4       __imp__SetWindowLongA@12   100922f4     user32:USER32.dll
 0004:000012f8       __imp__SetWindowPos@28     100922f8     user32:USER32.dll
 0004:000012fc       __imp__OffsetRect@12       100922fc     user32:USER32.dll
 0004:00001300       __imp__SystemParametersInfoA@16 10092300     user32:USER32.dll
 0004:00001304       __imp__IsIconic@4          10092304     user32:USER32.dll
 0004:00001308       __imp__GetWindowPlacement@8 10092308     user32:USER32.dll
 0004:0000130c       __imp__EndPaint@8          1009230c     user32:USER32.dll
 0004:00001310       __imp__BeginPaint@8        10092310     user32:USER32.dll
 0004:00001314       __imp__GetWindowDC@4       10092314     user32:USER32.dll
 0004:00001318       __imp__ScreenToClient@8    10092318     user32:USER32.dll
 0004:0000131c       __imp__GrayStringA@36      1009231c     user32:USER32.dll
 0004:00001320       __imp__DrawTextExA@24      10092320     user32:USER32.dll
 0004:00001324       __imp__DrawTextA@20        10092324     user32:USER32.dll
 0004:00001328       __imp__TabbedTextOutA@32   10092328     user32:USER32.dll
 0004:0000132c       __imp__FillRect@12         1009232c     user32:USER32.dll
 0004:00001330       __imp__GetDesktopWindow@0  10092330     user32:USER32.dll
 0004:00001334       __imp__ClientToScreen@8    10092334     user32:USER32.dll
 0004:00001338       __imp__GetWindow@8         10092338     user32:USER32.dll
 0004:0000133c       __imp__GetDlgCtrlID@4      1009233c     user32:USER32.dll
 0004:00001340       __imp__GetWindowRect@8     10092340     user32:USER32.dll
 0004:00001344       __imp__GetClassNameA@12    10092344     user32:USER32.dll
 0004:00001348       __imp__PtInRect@12         10092348     user32:USER32.dll
 0004:0000134c       __imp__GetWindowTextA@12   1009234c     user32:USER32.dll
 0004:00001350       __imp__SetWindowTextA@8    10092350     user32:USER32.dll
 0004:00001354       __imp__DeleteMenu@12       10092354     user32:USER32.dll
 0004:00001358       __imp__LoadCursorA@8       10092358     user32:USER32.dll
 0004:0000135c       __imp__CharLowerW@4        1009235c     user32:USER32.dll
 0004:00001360       __imp__CharLowerA@4        10092360     user32:USER32.dll
 0004:00001364       __imp__CharUpperW@4        10092364     user32:USER32.dll
 0004:00001368       __imp__CharUpperA@4        10092368     user32:USER32.dll
 0004:0000136c       __imp__wsprintfA           1009236c     user32:USER32.dll
 0004:00001370       __imp__RemoveMenu@12       10092370     user32:USER32.dll
 0004:00001374       __imp__GetDC@4             10092374     user32:USER32.dll
 0004:00001378       __imp__ReleaseDC@8         10092378     user32:USER32.dll
 0004:0000137c       __imp__GetSysColor@4       1009237c     user32:USER32.dll
 0004:00001380       __imp__GetSysColorBrush@4  10092380     user32:USER32.dll
 0004:00001384       __imp__UnregisterClassA@8  10092384     user32:USER32.dll
 0004:00001388       __imp__GetSystemMetrics@4  10092388     user32:USER32.dll
 0004:0000138c       __imp__UnhookWindowsHookEx@4 1009238c     user32:USER32.dll
 0004:00001390       __imp__GetWindowThreadProcessId@8 10092390     user32:USER32.dll
 0004:00001394       __imp__GetWindowLongA@8    10092394     user32:USER32.dll
 0004:00001398       __imp__GetLastActivePopup@4 10092398     user32:USER32.dll
 0004:0000139c       __imp__IsWindowEnabled@4   1009239c     user32:USER32.dll
 0004:000013a0       __imp__EnableWindow@8      100923a0     user32:USER32.dll
 0004:000013a4       __imp__MessageBoxA@16      100923a4     user32:USER32.dll
 0004:000013a8       __imp__CreateDialogIndirectParamA@20 100923a8     user32:USER32.dll
 0004:000013ac       __imp__GetNextDlgTabItem@12 100923ac     user32:USER32.dll
 0004:000013b0       __imp__EndDialog@8         100923b0     user32:USER32.dll
 0004:000013b4       __imp__DestroyMenu@4       100923b4     user32:USER32.dll
 0004:000013b8       __imp__GetMenuItemInfoA@16 100923b8     user32:USER32.dll
 0004:000013bc       __imp__InflateRect@12      100923bc     user32:USER32.dll
 0004:000013c0       __imp__DestroyIcon@4       100923c0     user32:USER32.dll
 0004:000013c4       __imp__EqualRect@8         100923c4     user32:USER32.dll
 0004:000013c8       __imp__ScrollWindowEx@32   100923c8     user32:USER32.dll
 0004:000013cc       __imp__GetSubMenu@8        100923cc     user32:USER32.dll
 0004:000013d0       __imp__GetMenuItemCount@4  100923d0     user32:USER32.dll
 0004:000013d4       __imp__InsertMenuA@20      100923d4     user32:USER32.dll
 0004:000013d8       __imp__GetMenuItemID@8     100923d8     user32:USER32.dll
 0004:000013dc       __imp__AppendMenuA@16      100923dc     user32:USER32.dll
 0004:000013e0       __imp__GetMenuStringA@20   100923e0     user32:USER32.dll
 0004:000013e4       __imp__GetMenuState@12     100923e4     user32:USER32.dll
 0004:000013e8       __imp__PostQuitMessage@4   100923e8     user32:USER32.dll
 0004:000013ec       __imp__PostMessageA@16     100923ec     user32:USER32.dll
 0004:000013f0       __imp__CheckMenuItem@12    100923f0     user32:USER32.dll
 0004:000013f4       __imp__EnableMenuItem@12   100923f4     user32:USER32.dll
 0004:000013f8       __imp__ModifyMenuA@20      100923f8     user32:USER32.dll
 0004:000013fc       __imp__SendMessageA@16     100923fc     user32:USER32.dll
 0004:00001400       __imp__GetParent@4         10092400     user32:USER32.dll
 0004:00001404       __imp__GetFocus@0          10092404     user32:USER32.dll
 0004:00001408       __imp__LoadBitmapA@8       10092408     user32:USER32.dll
 0004:0000140c       __imp__GetMenuCheckMarkDimensions@0 1009240c     user32:USER32.dll
 0004:00001410       __imp__SetMenuItemBitmaps@20 10092410     user32:USER32.dll
 0004:00001414       __imp__ShowOwnedPopups@8   10092414     user32:USER32.dll
 0004:00001418       __imp__SetCursor@4         10092418     user32:USER32.dll
 0004:0000141c       __imp__SetWindowsHookExA@16 1009241c     user32:USER32.dll
 0004:00001420       __imp__CallNextHookEx@16   10092420     user32:USER32.dll
 0004:00001424       __imp__GetMessageA@16      10092424     user32:USER32.dll
 0004:00001428       __imp__TranslateMessage@4  10092428     user32:USER32.dll
 0004:0000142c       __imp__DispatchMessageA@4  1009242c     user32:USER32.dll
 0004:00001430       __imp__GetActiveWindow@0   10092430     user32:USER32.dll
 0004:00001434       __imp__IsWindowVisible@4   10092434     user32:USER32.dll
 0004:00001438       __imp__GetKeyState@4       10092438     user32:USER32.dll
 0004:0000143c       __imp__PeekMessageA@20     1009243c     user32:USER32.dll
 0004:00001440       __imp__GetCursorPos@4      10092440     user32:USER32.dll
 0004:00001444       __imp__ValidateRect@8      10092444     user32:USER32.dll
 0004:00001448       __imp__IntersectRect@12    10092448     user32:USER32.dll
 0004:0000144c       \177USER32_NULL_THUNK_DATA 1009244c     user32:USER32.dll
 0004:000014e8       __imp__ClosePrinter@4      100924e8     winspool:WINSPOOL.DRV
 0004:000014ec       __imp__DocumentPropertiesA@24 100924ec     winspool:WINSPOOL.DRV
 0004:000014f0       __imp__OpenPrinterA@12     100924f0     winspool:WINSPOOL.DRV
 0004:000014f4       \177WINSPOOL_NULL_THUNK_DATA 100924f4     winspool:WINSPOOL.DRV
 0004:00001520       __imp__GetFileTitleA@12    10092520     comdlg32:comdlg32.dll
 0004:00001524       \177comdlg32_NULL_THUNK_DATA 10092524     comdlg32:comdlg32.dll
 0004:00001550       __imp__ReleaseStgMedium@4  10092550     ole32:ole32.dll
 0004:00001554       __imp__CreateBindCtx@8     10092554     ole32:ole32.dll
 0004:00001558       __imp__CoTreatAsClass@8    10092558     ole32:ole32.dll
 0004:0000155c       __imp__StringFromCLSID@8   1009255c     ole32:ole32.dll
 0004:00001560       __imp__ReadClassStg@8      10092560     ole32:ole32.dll
 0004:00001564       __imp__CoTaskMemAlloc@4    10092564     ole32:ole32.dll
 0004:00001568       __imp__OleRegGetUserType@12 10092568     ole32:ole32.dll
 0004:0000156c       __imp__WriteClassStg@8     1009256c     ole32:ole32.dll
 0004:00001570       __imp__WriteFmtUserTypeStg@12 10092570     ole32:ole32.dll
 0004:00001574       __imp__SetConvertStg@8     10092574     ole32:ole32.dll
 0004:00001578       __imp__CoTaskMemFree@4     10092578     ole32:ole32.dll
 0004:0000157c       __imp__OleDuplicateData@12 1009257c     ole32:ole32.dll
 0004:00001580       __imp__CoDisconnectObject@8 10092580     ole32:ole32.dll
 0004:00001584       __imp__CoCreateInstance@20 10092584     ole32:ole32.dll
 0004:00001588       __imp__StringFromGUID2@12  10092588     ole32:ole32.dll
 0004:0000158c       __imp__CLSIDFromString@8   1009258c     ole32:ole32.dll
 0004:00001590       __imp__ReadFmtUserTypeStg@12 10092590     ole32:ole32.dll
 0004:00001594       \177ole32_NULL_THUNK_DATA  10092594     ole32:ole32.dll
 0005:00000000       __DELAY_IMPORT_DESCRIPTOR_OLEACC_dll 10095000     oleacc:OLEACC.dll
 0005:00000020       __NULL_DELAY_IMPORT_DESCRIPTOR 10095020     oleacc:OLEACC.dll
 0005:0000004c       \177OLEACC_NULL_THUNK_DATA_DLN 1009504c     oleacc:OLEACC.dll
 0005:00000078       __imp__AccessibleObjectFromWindow@16 10095078     oleacc:OLEACC.dll
 0005:0000007c       __imp__LresultFromObject@12 1009507c     oleacc:OLEACC.dll
 0005:00000080       __imp__CreateStdAccessibleObject@16 10095080     oleacc:OLEACC.dll
 0005:00000084       \177OLEACC_NULL_THUNK_DATA_DLA 10095084     oleacc:OLEACC.dll
 0005:0000020c       \177OLEACC_NULL_THUNK_DATA_DLB 1009520c     oleacc:OLEACC.dll

 entry point at        0001:00030925

