<!doctype html public "-//w3c//dtd html 4.0 transitional//en">
<html><head>
<title>Static Call Graph - [.\Demo.axf]</title></head>
<body><HR>
<H1>Static Call Graph for image .\Demo.axf</H1><HR>
<BR><P>#&#060CALLGRAPH&#062# ARM Linker, 5050041: Last Updated: Sat Feb 27 17:52:54 2016
<BR><P>
<H3>Maximum Stack Usage =          8 bytes + Unknown(Cycles, Untraceable Function Pointers)</H3><H3>
Call chain for Maximum Stack Depth:</H3>
__rt_entry_sh &rArr; __user_setup_stackheap
<P>
<H3>
Mutually Recursive functions
</H3> <LI><a href="#[5]">NMI_Handler</a>&nbsp;&nbsp;&nbsp;&rArr;&nbsp;&nbsp;&nbsp;<a href="#[5]">NMI_Handler</a><BR>
 <LI><a href="#[6]">HardFault_Handler</a>&nbsp;&nbsp;&nbsp;&rArr;&nbsp;&nbsp;&nbsp;<a href="#[6]">HardFault_Handler</a><BR>
 <LI><a href="#[7]">SVC_Handler</a>&nbsp;&nbsp;&nbsp;&rArr;&nbsp;&nbsp;&nbsp;<a href="#[7]">SVC_Handler</a><BR>
 <LI><a href="#[8]">PendSV_Handler</a>&nbsp;&nbsp;&nbsp;&rArr;&nbsp;&nbsp;&nbsp;<a href="#[8]">PendSV_Handler</a><BR>
 <LI><a href="#[9]">SysTick_Handler</a>&nbsp;&nbsp;&nbsp;&rArr;&nbsp;&nbsp;&nbsp;<a href="#[9]">SysTick_Handler</a><BR>
 <LI><a href="#[11]">ADC_IRQHandler</a>&nbsp;&nbsp;&nbsp;&rArr;&nbsp;&nbsp;&nbsp;<a href="#[11]">ADC_IRQHandler</a><BR>
</UL>
<P>
<H3>
Function Pointers
</H3><UL>
 <LI><a href="#[11]">ADC_IRQHandler</a> from startup_si6600.o(.text) referenced from startup_si6600.o(RESET)
 <LI><a href="#[15]">BASETIMER_IRQHandler</a> from startup_si6600.o(.text) referenced from startup_si6600.o(RESET)
 <LI><a href="#[a]">DMAC_IRQHandler</a> from startup_si6600.o(.text) referenced from startup_si6600.o(RESET)
 <LI><a href="#[6]">HardFault_Handler</a> from startup_si6600.o(.text) referenced from startup_si6600.o(RESET)
 <LI><a href="#[f]">I2C1_IRQHandler</a> from startup_si6600.o(.text) referenced from startup_si6600.o(RESET)
 <LI><a href="#[24]">I2C2_IRQHandler</a> from startup_si6600.o(.text) referenced from startup_si6600.o(RESET)
 <LI><a href="#[28]">LCD_IRQHandler</a> from startup_si6600.o(.text) referenced from startup_si6600.o(RESET)
 <LI><a href="#[13]">LVD_IRQHandler</a> from startup_si6600.o(.text) referenced from startup_si6600.o(RESET)
 <LI><a href="#[5]">NMI_Handler</a> from startup_si6600.o(.text) referenced from startup_si6600.o(RESET)
 <LI><a href="#[b]">P0_IRQHandler</a> from startup_si6600.o(.text) referenced from startup_si6600.o(RESET)
 <LI><a href="#[16]">P1P2_IRQHandler</a> from startup_si6600.o(.text) referenced from startup_si6600.o(RESET)
 <LI><a href="#[17]">P3P4_IRQHandler</a> from startup_si6600.o(.text) referenced from startup_si6600.o(RESET)
 <LI><a href="#[18]">P5P6_IRQHandler</a> from startup_si6600.o(.text) referenced from startup_si6600.o(RESET)
 <LI><a href="#[25]">PCA12_IRQHandler</a> from startup_si6600.o(.text) referenced from startup_si6600.o(RESET)
 <LI><a href="#[26]">PCA34_IRQHandler</a> from startup_si6600.o(.text) referenced from startup_si6600.o(RESET)
 <LI><a href="#[8]">PendSV_Handler</a> from startup_si6600.o(.text) referenced from startup_si6600.o(RESET)
 <LI><a href="#[10]">RAM_IRQHandler</a> from startup_si6600.o(.text) referenced from startup_si6600.o(RESET)
 <LI><a href="#[14]">RTC_IRQHandler</a> from startup_si6600.o(.text) referenced from startup_si6600.o(RESET)
 <LI><a href="#[4]">Reset_Handler</a> from startup_si6600.o(.text) referenced from startup_si6600.o(RESET)
 <LI><a href="#[29]">SCI7816_IRQHandler</a> from startup_si6600.o(.text) referenced from startup_si6600.o(RESET)
 <LI><a href="#[e]">SPI1_IRQHandler</a> from startup_si6600.o(.text) referenced from startup_si6600.o(RESET)
 <LI><a href="#[21]">SPI2_IRQHandler</a> from startup_si6600.o(.text) referenced from startup_si6600.o(RESET)
 <LI><a href="#[22]">SPI3_IRQHandler</a> from startup_si6600.o(.text) referenced from startup_si6600.o(RESET)
 <LI><a href="#[23]">SPI4_IRQHandler</a> from startup_si6600.o(.text) referenced from startup_si6600.o(RESET)
 <LI><a href="#[7]">SVC_Handler</a> from startup_si6600.o(.text) referenced from startup_si6600.o(RESET)
 <LI><a href="#[9]">SysTick_Handler</a> from startup_si6600.o(.text) referenced from startup_si6600.o(RESET)
 <LI><a href="#[2a]">SystemInit</a> from system_si6600.o(.text) referenced from startup_si6600.o(.text)
 <LI><a href="#[c]">TIMER1_IRQHandler</a> from startup_si6600.o(.text) referenced from startup_si6600.o(RESET)
 <LI><a href="#[19]">TIMER2_IRQHandler</a> from startup_si6600.o(.text) referenced from startup_si6600.o(RESET)
 <LI><a href="#[1a]">TIMER3_IRQHandler</a> from startup_si6600.o(.text) referenced from startup_si6600.o(RESET)
 <LI><a href="#[1b]">TIMER4_IRQHandler</a> from startup_si6600.o(.text) referenced from startup_si6600.o(RESET)
 <LI><a href="#[d]">UART1_IRQHandler</a> from startup_si6600.o(.text) referenced from startup_si6600.o(RESET)
 <LI><a href="#[1c]">UART2_IRQHandler</a> from startup_si6600.o(.text) referenced from startup_si6600.o(RESET)
 <LI><a href="#[1d]">UART3_IRQHandler</a> from startup_si6600.o(.text) referenced from startup_si6600.o(RESET)
 <LI><a href="#[1e]">UART4_IRQHandler</a> from startup_si6600.o(.text) referenced from startup_si6600.o(RESET)
 <LI><a href="#[1f]">UART5_IRQHandler</a> from startup_si6600.o(.text) referenced from startup_si6600.o(RESET)
 <LI><a href="#[20]">UART6_IRQHandler</a> from startup_si6600.o(.text) referenced from startup_si6600.o(RESET)
 <LI><a href="#[12]">VC_IRQHandler</a> from startup_si6600.o(.text) referenced from startup_si6600.o(RESET)
 <LI><a href="#[27]">WDT_IRQHandler</a> from startup_si6600.o(.text) referenced from startup_si6600.o(RESET)
 <LI><a href="#[2c]">__main</a> from __main.o(!!!main) referenced from startup_si6600.o(.text)
</UL>
<P>
<H3>
Global Symbols
</H3>
<P><STRONG><a name="[2c]"></a>__main</STRONG> (Thumb, 8 bytes, Stack size 0 bytes, __main.o(!!!main))
<BR><BR>[Calls]<UL><LI><a href="#[2d]">&gt;&gt;</a>&nbsp;&nbsp;&nbsp;__scatterload
<LI><a href="#[2e]">&gt;&gt;</a>&nbsp;&nbsp;&nbsp;__rt_entry
</UL>

<P><STRONG><a name="[2d]"></a>__scatterload</STRONG> (Thumb, 0 bytes, Stack size unknown bytes, __scatter.o(!!!scatter))
<BR><BR>[Called By]<UL><LI><a href="#[2c]">&gt;&gt;</a>&nbsp;&nbsp;&nbsp;__main
</UL>

<P><STRONG><a name="[2f]"></a>__scatterload_rt2</STRONG> (Thumb, 52 bytes, Stack size unknown bytes, __scatter.o(!!!scatter), UNUSED)
<BR><BR>[Calls]<UL><LI><a href="#[2e]">&gt;&gt;</a>&nbsp;&nbsp;&nbsp;__rt_entry
</UL>

<P><STRONG><a name="[44]"></a>__scatterload_rt2_thumb_only</STRONG> (Thumb, 0 bytes, Stack size unknown bytes, __scatter.o(!!!scatter), UNUSED)

<P><STRONG><a name="[45]"></a>__scatterload_null</STRONG> (Thumb, 0 bytes, Stack size unknown bytes, __scatter.o(!!!scatter), UNUSED)

<P><STRONG><a name="[30]"></a>__scatterload_copy</STRONG> (Thumb, 26 bytes, Stack size unknown bytes, __scatter_copy.o(!!handler_copy), UNUSED)
<BR><BR>[Calls]<UL><LI><a href="#[30]">&gt;&gt;</a>&nbsp;&nbsp;&nbsp;__scatterload_copy
</UL>
<BR>[Called By]<UL><LI><a href="#[30]">&gt;&gt;</a>&nbsp;&nbsp;&nbsp;__scatterload_copy
</UL>

<P><STRONG><a name="[46]"></a>__scatterload_zeroinit</STRONG> (Thumb, 28 bytes, Stack size unknown bytes, __scatter_zi.o(!!handler_zi), UNUSED)

<P><STRONG><a name="[34]"></a>__rt_lib_init</STRONG> (Thumb, 0 bytes, Stack size unknown bytes, libinit.o(.ARM.Collect$$libinit$$00000000))
<BR><BR>[Called By]<UL><LI><a href="#[33]">&gt;&gt;</a>&nbsp;&nbsp;&nbsp;__rt_entry_li
</UL>

<P><STRONG><a name="[47]"></a>__rt_lib_init_alloca_1</STRONG> (Thumb, 0 bytes, Stack size unknown bytes, libinit2.o(.ARM.Collect$$libinit$$0000002E))

<P><STRONG><a name="[48]"></a>__rt_lib_init_argv_1</STRONG> (Thumb, 0 bytes, Stack size unknown bytes, libinit2.o(.ARM.Collect$$libinit$$0000002C))

<P><STRONG><a name="[49]"></a>__rt_lib_init_atexit_1</STRONG> (Thumb, 0 bytes, Stack size unknown bytes, libinit2.o(.ARM.Collect$$libinit$$0000001B))

<P><STRONG><a name="[4a]"></a>__rt_lib_init_clock_1</STRONG> (Thumb, 0 bytes, Stack size unknown bytes, libinit2.o(.ARM.Collect$$libinit$$00000021))

<P><STRONG><a name="[4b]"></a>__rt_lib_init_cpp_1</STRONG> (Thumb, 0 bytes, Stack size unknown bytes, libinit2.o(.ARM.Collect$$libinit$$00000032))

<P><STRONG><a name="[4c]"></a>__rt_lib_init_exceptions_1</STRONG> (Thumb, 0 bytes, Stack size unknown bytes, libinit2.o(.ARM.Collect$$libinit$$00000030))

<P><STRONG><a name="[4d]"></a>__rt_lib_init_fp_1</STRONG> (Thumb, 0 bytes, Stack size unknown bytes, libinit2.o(.ARM.Collect$$libinit$$00000002))

<P><STRONG><a name="[4e]"></a>__rt_lib_init_fp_trap_1</STRONG> (Thumb, 0 bytes, Stack size unknown bytes, libinit2.o(.ARM.Collect$$libinit$$0000001F))

<P><STRONG><a name="[4f]"></a>__rt_lib_init_getenv_1</STRONG> (Thumb, 0 bytes, Stack size unknown bytes, libinit2.o(.ARM.Collect$$libinit$$00000023))

<P><STRONG><a name="[50]"></a>__rt_lib_init_heap_1</STRONG> (Thumb, 0 bytes, Stack size unknown bytes, libinit2.o(.ARM.Collect$$libinit$$0000000A))

<P><STRONG><a name="[51]"></a>__rt_lib_init_lc_collate_1</STRONG> (Thumb, 0 bytes, Stack size unknown bytes, libinit2.o(.ARM.Collect$$libinit$$00000011))

<P><STRONG><a name="[52]"></a>__rt_lib_init_lc_ctype_1</STRONG> (Thumb, 0 bytes, Stack size unknown bytes, libinit2.o(.ARM.Collect$$libinit$$00000013))

<P><STRONG><a name="[53]"></a>__rt_lib_init_lc_monetary_1</STRONG> (Thumb, 0 bytes, Stack size unknown bytes, libinit2.o(.ARM.Collect$$libinit$$00000015))

<P><STRONG><a name="[54]"></a>__rt_lib_init_lc_numeric_1</STRONG> (Thumb, 0 bytes, Stack size unknown bytes, libinit2.o(.ARM.Collect$$libinit$$00000017))

<P><STRONG><a name="[55]"></a>__rt_lib_init_lc_time_1</STRONG> (Thumb, 0 bytes, Stack size unknown bytes, libinit2.o(.ARM.Collect$$libinit$$00000019))

<P><STRONG><a name="[56]"></a>__rt_lib_init_preinit_1</STRONG> (Thumb, 0 bytes, Stack size unknown bytes, libinit2.o(.ARM.Collect$$libinit$$00000004))

<P><STRONG><a name="[57]"></a>__rt_lib_init_rand_1</STRONG> (Thumb, 0 bytes, Stack size unknown bytes, libinit2.o(.ARM.Collect$$libinit$$0000000E))

<P><STRONG><a name="[58]"></a>__rt_lib_init_return</STRONG> (Thumb, 0 bytes, Stack size unknown bytes, libinit2.o(.ARM.Collect$$libinit$$00000033))

<P><STRONG><a name="[59]"></a>__rt_lib_init_signal_1</STRONG> (Thumb, 0 bytes, Stack size unknown bytes, libinit2.o(.ARM.Collect$$libinit$$0000001D))

<P><STRONG><a name="[5a]"></a>__rt_lib_init_stdio_1</STRONG> (Thumb, 0 bytes, Stack size unknown bytes, libinit2.o(.ARM.Collect$$libinit$$00000025))

<P><STRONG><a name="[5b]"></a>__rt_lib_init_user_alloc_1</STRONG> (Thumb, 0 bytes, Stack size unknown bytes, libinit2.o(.ARM.Collect$$libinit$$0000000C))

<P><STRONG><a name="[39]"></a>__rt_lib_shutdown</STRONG> (Thumb, 0 bytes, Stack size unknown bytes, libshutdown.o(.ARM.Collect$$libshutdown$$00000000))
<BR><BR>[Called By]<UL><LI><a href="#[38]">&gt;&gt;</a>&nbsp;&nbsp;&nbsp;__rt_exit_ls
</UL>

<P><STRONG><a name="[5c]"></a>__rt_lib_shutdown_fp_trap_1</STRONG> (Thumb, 0 bytes, Stack size unknown bytes, libshutdown2.o(.ARM.Collect$$libshutdown$$00000006))

<P><STRONG><a name="[5d]"></a>__rt_lib_shutdown_heap_1</STRONG> (Thumb, 0 bytes, Stack size unknown bytes, libshutdown2.o(.ARM.Collect$$libshutdown$$0000000E))

<P><STRONG><a name="[5e]"></a>__rt_lib_shutdown_return</STRONG> (Thumb, 0 bytes, Stack size unknown bytes, libshutdown2.o(.ARM.Collect$$libshutdown$$0000000F))

<P><STRONG><a name="[5f]"></a>__rt_lib_shutdown_signal_1</STRONG> (Thumb, 0 bytes, Stack size unknown bytes, libshutdown2.o(.ARM.Collect$$libshutdown$$00000009))

<P><STRONG><a name="[60]"></a>__rt_lib_shutdown_stdio_1</STRONG> (Thumb, 0 bytes, Stack size unknown bytes, libshutdown2.o(.ARM.Collect$$libshutdown$$00000003))

<P><STRONG><a name="[61]"></a>__rt_lib_shutdown_user_alloc_1</STRONG> (Thumb, 0 bytes, Stack size unknown bytes, libshutdown2.o(.ARM.Collect$$libshutdown$$0000000B))

<P><STRONG><a name="[2e]"></a>__rt_entry</STRONG> (Thumb, 0 bytes, Stack size unknown bytes, __rtentry.o(.ARM.Collect$$rtentry$$00000000))
<BR><BR>[Called By]<UL><LI><a href="#[2f]">&gt;&gt;</a>&nbsp;&nbsp;&nbsp;__scatterload_rt2
<LI><a href="#[2c]">&gt;&gt;</a>&nbsp;&nbsp;&nbsp;__main
</UL>

<P><STRONG><a name="[62]"></a>__rt_entry_presh_1</STRONG> (Thumb, 0 bytes, Stack size unknown bytes, __rtentry2.o(.ARM.Collect$$rtentry$$00000002))

<P><STRONG><a name="[31]"></a>__rt_entry_sh</STRONG> (Thumb, 0 bytes, Stack size unknown bytes, __rtentry4.o(.ARM.Collect$$rtentry$$00000004))
<BR><BR>[Stack]<UL><LI>Max Depth = 8 + Unknown Stack Size
<LI>Call Chain = __rt_entry_sh &rArr; __user_setup_stackheap
</UL>
<BR>[Calls]<UL><LI><a href="#[32]">&gt;&gt;</a>&nbsp;&nbsp;&nbsp;__user_setup_stackheap
</UL>

<P><STRONG><a name="[33]"></a>__rt_entry_li</STRONG> (Thumb, 0 bytes, Stack size unknown bytes, __rtentry2.o(.ARM.Collect$$rtentry$$0000000A))
<BR><BR>[Calls]<UL><LI><a href="#[34]">&gt;&gt;</a>&nbsp;&nbsp;&nbsp;__rt_lib_init
</UL>

<P><STRONG><a name="[63]"></a>__rt_entry_postsh_1</STRONG> (Thumb, 0 bytes, Stack size unknown bytes, __rtentry2.o(.ARM.Collect$$rtentry$$00000009))

<P><STRONG><a name="[35]"></a>__rt_entry_main</STRONG> (Thumb, 0 bytes, Stack size unknown bytes, __rtentry2.o(.ARM.Collect$$rtentry$$0000000D))
<BR><BR>[Calls]<UL><LI><a href="#[37]">&gt;&gt;</a>&nbsp;&nbsp;&nbsp;exit
<LI><a href="#[36]">&gt;&gt;</a>&nbsp;&nbsp;&nbsp;main
</UL>

<P><STRONG><a name="[64]"></a>__rt_entry_postli_1</STRONG> (Thumb, 0 bytes, Stack size unknown bytes, __rtentry2.o(.ARM.Collect$$rtentry$$0000000C))

<P><STRONG><a name="[43]"></a>__rt_exit</STRONG> (Thumb, 0 bytes, Stack size unknown bytes, rtexit.o(.ARM.Collect$$rtexit$$00000000))
<BR><BR>[Called By]<UL><LI><a href="#[37]">&gt;&gt;</a>&nbsp;&nbsp;&nbsp;exit
</UL>

<P><STRONG><a name="[38]"></a>__rt_exit_ls</STRONG> (Thumb, 0 bytes, Stack size unknown bytes, rtexit2.o(.ARM.Collect$$rtexit$$00000003))
<BR><BR>[Calls]<UL><LI><a href="#[39]">&gt;&gt;</a>&nbsp;&nbsp;&nbsp;__rt_lib_shutdown
</UL>

<P><STRONG><a name="[65]"></a>__rt_exit_prels_1</STRONG> (Thumb, 0 bytes, Stack size unknown bytes, rtexit2.o(.ARM.Collect$$rtexit$$00000002))

<P><STRONG><a name="[3a]"></a>__rt_exit_exit</STRONG> (Thumb, 0 bytes, Stack size unknown bytes, rtexit2.o(.ARM.Collect$$rtexit$$00000004))
<BR><BR>[Calls]<UL><LI><a href="#[3b]">&gt;&gt;</a>&nbsp;&nbsp;&nbsp;_sys_exit
</UL>

<P><STRONG><a name="[66]"></a>SystemCoreClockUpdate</STRONG> (Thumb, 8 bytes, Stack size 0 bytes, system_si6600.o(.text), UNUSED)

<P><STRONG><a name="[2a]"></a>SystemInit</STRONG> (Thumb, 8 bytes, Stack size 0 bytes, system_si6600.o(.text))
<BR>[Address Reference Count : 1]<UL><LI> startup_si6600.o(.text)
</UL>
<P><STRONG><a name="[4]"></a>Reset_Handler</STRONG> (Thumb, 8 bytes, Stack size 0 bytes, startup_si6600.o(.text))
<BR>[Address Reference Count : 1]<UL><LI> startup_si6600.o(RESET)
</UL>
<P><STRONG><a name="[5]"></a>NMI_Handler</STRONG> (Thumb, 2 bytes, Stack size 0 bytes, startup_si6600.o(.text))
<BR><BR>[Calls]<UL><LI><a href="#[5]">&gt;&gt;</a>&nbsp;&nbsp;&nbsp;NMI_Handler
</UL>
<BR>[Called By]<UL><LI><a href="#[5]">&gt;&gt;</a>&nbsp;&nbsp;&nbsp;NMI_Handler
</UL>
<BR>[Address Reference Count : 1]<UL><LI> startup_si6600.o(RESET)
</UL>
<P><STRONG><a name="[6]"></a>HardFault_Handler</STRONG> (Thumb, 2 bytes, Stack size 0 bytes, startup_si6600.o(.text))
<BR><BR>[Calls]<UL><LI><a href="#[6]">&gt;&gt;</a>&nbsp;&nbsp;&nbsp;HardFault_Handler
</UL>
<BR>[Called By]<UL><LI><a href="#[6]">&gt;&gt;</a>&nbsp;&nbsp;&nbsp;HardFault_Handler
</UL>
<BR>[Address Reference Count : 1]<UL><LI> startup_si6600.o(RESET)
</UL>
<P><STRONG><a name="[7]"></a>SVC_Handler</STRONG> (Thumb, 2 bytes, Stack size 0 bytes, startup_si6600.o(.text))
<BR><BR>[Calls]<UL><LI><a href="#[7]">&gt;&gt;</a>&nbsp;&nbsp;&nbsp;SVC_Handler
</UL>
<BR>[Called By]<UL><LI><a href="#[7]">&gt;&gt;</a>&nbsp;&nbsp;&nbsp;SVC_Handler
</UL>
<BR>[Address Reference Count : 1]<UL><LI> startup_si6600.o(RESET)
</UL>
<P><STRONG><a name="[8]"></a>PendSV_Handler</STRONG> (Thumb, 2 bytes, Stack size 0 bytes, startup_si6600.o(.text))
<BR><BR>[Calls]<UL><LI><a href="#[8]">&gt;&gt;</a>&nbsp;&nbsp;&nbsp;PendSV_Handler
</UL>
<BR>[Called By]<UL><LI><a href="#[8]">&gt;&gt;</a>&nbsp;&nbsp;&nbsp;PendSV_Handler
</UL>
<BR>[Address Reference Count : 1]<UL><LI> startup_si6600.o(RESET)
</UL>
<P><STRONG><a name="[9]"></a>SysTick_Handler</STRONG> (Thumb, 2 bytes, Stack size 0 bytes, startup_si6600.o(.text))
<BR><BR>[Calls]<UL><LI><a href="#[9]">&gt;&gt;</a>&nbsp;&nbsp;&nbsp;SysTick_Handler
</UL>
<BR>[Called By]<UL><LI><a href="#[9]">&gt;&gt;</a>&nbsp;&nbsp;&nbsp;SysTick_Handler
</UL>
<BR>[Address Reference Count : 1]<UL><LI> startup_si6600.o(RESET)
</UL>
<P><STRONG><a name="[11]"></a>ADC_IRQHandler</STRONG> (Thumb, 0 bytes, Stack size 0 bytes, startup_si6600.o(.text))
<BR><BR>[Calls]<UL><LI><a href="#[11]">&gt;&gt;</a>&nbsp;&nbsp;&nbsp;ADC_IRQHandler
</UL>
<BR>[Called By]<UL><LI><a href="#[11]">&gt;&gt;</a>&nbsp;&nbsp;&nbsp;ADC_IRQHandler
</UL>
<BR>[Address Reference Count : 1]<UL><LI> startup_si6600.o(RESET)
</UL>
<P><STRONG><a name="[15]"></a>BASETIMER_IRQHandler</STRONG> (Thumb, 0 bytes, Stack size 0 bytes, startup_si6600.o(.text))
<BR>[Address Reference Count : 1]<UL><LI> startup_si6600.o(RESET)
</UL>
<P><STRONG><a name="[a]"></a>DMAC_IRQHandler</STRONG> (Thumb, 0 bytes, Stack size 0 bytes, startup_si6600.o(.text))
<BR>[Address Reference Count : 1]<UL><LI> startup_si6600.o(RESET)
</UL>
<P><STRONG><a name="[f]"></a>I2C1_IRQHandler</STRONG> (Thumb, 0 bytes, Stack size 0 bytes, startup_si6600.o(.text))
<BR>[Address Reference Count : 1]<UL><LI> startup_si6600.o(RESET)
</UL>
<P><STRONG><a name="[24]"></a>I2C2_IRQHandler</STRONG> (Thumb, 0 bytes, Stack size 0 bytes, startup_si6600.o(.text))
<BR>[Address Reference Count : 1]<UL><LI> startup_si6600.o(RESET)
</UL>
<P><STRONG><a name="[28]"></a>LCD_IRQHandler</STRONG> (Thumb, 0 bytes, Stack size 0 bytes, startup_si6600.o(.text))
<BR>[Address Reference Count : 1]<UL><LI> startup_si6600.o(RESET)
</UL>
<P><STRONG><a name="[13]"></a>LVD_IRQHandler</STRONG> (Thumb, 0 bytes, Stack size 0 bytes, startup_si6600.o(.text))
<BR>[Address Reference Count : 1]<UL><LI> startup_si6600.o(RESET)
</UL>
<P><STRONG><a name="[b]"></a>P0_IRQHandler</STRONG> (Thumb, 0 bytes, Stack size 0 bytes, startup_si6600.o(.text))
<BR>[Address Reference Count : 1]<UL><LI> startup_si6600.o(RESET)
</UL>
<P><STRONG><a name="[16]"></a>P1P2_IRQHandler</STRONG> (Thumb, 0 bytes, Stack size 0 bytes, startup_si6600.o(.text))
<BR>[Address Reference Count : 1]<UL><LI> startup_si6600.o(RESET)
</UL>
<P><STRONG><a name="[17]"></a>P3P4_IRQHandler</STRONG> (Thumb, 0 bytes, Stack size 0 bytes, startup_si6600.o(.text))
<BR>[Address Reference Count : 1]<UL><LI> startup_si6600.o(RESET)
</UL>
<P><STRONG><a name="[18]"></a>P5P6_IRQHandler</STRONG> (Thumb, 0 bytes, Stack size 0 bytes, startup_si6600.o(.text))
<BR>[Address Reference Count : 1]<UL><LI> startup_si6600.o(RESET)
</UL>
<P><STRONG><a name="[25]"></a>PCA12_IRQHandler</STRONG> (Thumb, 0 bytes, Stack size 0 bytes, startup_si6600.o(.text))
<BR>[Address Reference Count : 1]<UL><LI> startup_si6600.o(RESET)
</UL>
<P><STRONG><a name="[26]"></a>PCA34_IRQHandler</STRONG> (Thumb, 0 bytes, Stack size 0 bytes, startup_si6600.o(.text))
<BR>[Address Reference Count : 1]<UL><LI> startup_si6600.o(RESET)
</UL>
<P><STRONG><a name="[10]"></a>RAM_IRQHandler</STRONG> (Thumb, 0 bytes, Stack size 0 bytes, startup_si6600.o(.text))
<BR>[Address Reference Count : 1]<UL><LI> startup_si6600.o(RESET)
</UL>
<P><STRONG><a name="[14]"></a>RTC_IRQHandler</STRONG> (Thumb, 0 bytes, Stack size 0 bytes, startup_si6600.o(.text))
<BR>[Address Reference Count : 1]<UL><LI> startup_si6600.o(RESET)
</UL>
<P><STRONG><a name="[29]"></a>SCI7816_IRQHandler</STRONG> (Thumb, 0 bytes, Stack size 0 bytes, startup_si6600.o(.text))
<BR>[Address Reference Count : 1]<UL><LI> startup_si6600.o(RESET)
</UL>
<P><STRONG><a name="[e]"></a>SPI1_IRQHandler</STRONG> (Thumb, 0 bytes, Stack size 0 bytes, startup_si6600.o(.text))
<BR>[Address Reference Count : 1]<UL><LI> startup_si6600.o(RESET)
</UL>
<P><STRONG><a name="[21]"></a>SPI2_IRQHandler</STRONG> (Thumb, 0 bytes, Stack size 0 bytes, startup_si6600.o(.text))
<BR>[Address Reference Count : 1]<UL><LI> startup_si6600.o(RESET)
</UL>
<P><STRONG><a name="[22]"></a>SPI3_IRQHandler</STRONG> (Thumb, 0 bytes, Stack size 0 bytes, startup_si6600.o(.text))
<BR>[Address Reference Count : 1]<UL><LI> startup_si6600.o(RESET)
</UL>
<P><STRONG><a name="[23]"></a>SPI4_IRQHandler</STRONG> (Thumb, 0 bytes, Stack size 0 bytes, startup_si6600.o(.text))
<BR>[Address Reference Count : 1]<UL><LI> startup_si6600.o(RESET)
</UL>
<P><STRONG><a name="[c]"></a>TIMER1_IRQHandler</STRONG> (Thumb, 0 bytes, Stack size 0 bytes, startup_si6600.o(.text))
<BR>[Address Reference Count : 1]<UL><LI> startup_si6600.o(RESET)
</UL>
<P><STRONG><a name="[19]"></a>TIMER2_IRQHandler</STRONG> (Thumb, 0 bytes, Stack size 0 bytes, startup_si6600.o(.text))
<BR>[Address Reference Count : 1]<UL><LI> startup_si6600.o(RESET)
</UL>
<P><STRONG><a name="[1a]"></a>TIMER3_IRQHandler</STRONG> (Thumb, 0 bytes, Stack size 0 bytes, startup_si6600.o(.text))
<BR>[Address Reference Count : 1]<UL><LI> startup_si6600.o(RESET)
</UL>
<P><STRONG><a name="[1b]"></a>TIMER4_IRQHandler</STRONG> (Thumb, 0 bytes, Stack size 0 bytes, startup_si6600.o(.text))
<BR>[Address Reference Count : 1]<UL><LI> startup_si6600.o(RESET)
</UL>
<P><STRONG><a name="[d]"></a>UART1_IRQHandler</STRONG> (Thumb, 0 bytes, Stack size 0 bytes, startup_si6600.o(.text))
<BR>[Address Reference Count : 1]<UL><LI> startup_si6600.o(RESET)
</UL>
<P><STRONG><a name="[1c]"></a>UART2_IRQHandler</STRONG> (Thumb, 0 bytes, Stack size 0 bytes, startup_si6600.o(.text))
<BR>[Address Reference Count : 1]<UL><LI> startup_si6600.o(RESET)
</UL>
<P><STRONG><a name="[1d]"></a>UART3_IRQHandler</STRONG> (Thumb, 0 bytes, Stack size 0 bytes, startup_si6600.o(.text))
<BR>[Address Reference Count : 1]<UL><LI> startup_si6600.o(RESET)
</UL>
<P><STRONG><a name="[1e]"></a>UART4_IRQHandler</STRONG> (Thumb, 0 bytes, Stack size 0 bytes, startup_si6600.o(.text))
<BR>[Address Reference Count : 1]<UL><LI> startup_si6600.o(RESET)
</UL>
<P><STRONG><a name="[1f]"></a>UART5_IRQHandler</STRONG> (Thumb, 0 bytes, Stack size 0 bytes, startup_si6600.o(.text))
<BR>[Address Reference Count : 1]<UL><LI> startup_si6600.o(RESET)
</UL>
<P><STRONG><a name="[20]"></a>UART6_IRQHandler</STRONG> (Thumb, 0 bytes, Stack size 0 bytes, startup_si6600.o(.text))
<BR>[Address Reference Count : 1]<UL><LI> startup_si6600.o(RESET)
</UL>
<P><STRONG><a name="[12]"></a>VC_IRQHandler</STRONG> (Thumb, 0 bytes, Stack size 0 bytes, startup_si6600.o(.text))
<BR>[Address Reference Count : 1]<UL><LI> startup_si6600.o(RESET)
</UL>
<P><STRONG><a name="[27]"></a>WDT_IRQHandler</STRONG> (Thumb, 0 bytes, Stack size 0 bytes, startup_si6600.o(.text))
<BR>[Address Reference Count : 1]<UL><LI> startup_si6600.o(RESET)
</UL>
<P><STRONG><a name="[41]"></a>__user_initial_stackheap</STRONG> (Thumb, 10 bytes, Stack size 0 bytes, startup_si6600.o(.text))
<BR><BR>[Called By]<UL><LI><a href="#[32]">&gt;&gt;</a>&nbsp;&nbsp;&nbsp;__user_setup_stackheap
</UL>

<P><STRONG><a name="[3c]"></a>GPIO_init</STRONG> (Thumb, 102 bytes, Stack size 0 bytes, sysclk.o(.text))
<BR><BR>[Called By]<UL><LI><a href="#[36]">&gt;&gt;</a>&nbsp;&nbsp;&nbsp;main
</UL>

<P><STRONG><a name="[3d]"></a>gpio_port_init</STRONG> (Thumb, 10 bytes, Stack size 0 bytes, sysclk.o(.text))
<BR><BR>[Called By]<UL><LI><a href="#[36]">&gt;&gt;</a>&nbsp;&nbsp;&nbsp;main
</UL>

<P><STRONG><a name="[67]"></a>Enable_IRC32K</STRONG> (Thumb, 72 bytes, Stack size 0 bytes, sysclk.o(.text), UNUSED)

<P><STRONG><a name="[68]"></a>Enable_IRC16M</STRONG> (Thumb, 36 bytes, Stack size 0 bytes, sysclk.o(.text), UNUSED)

<P><STRONG><a name="[69]"></a>Enable_X32M</STRONG> (Thumb, 40 bytes, Stack size 0 bytes, sysclk.o(.text), UNUSED)

<P><STRONG><a name="[6a]"></a>Enable_X32K</STRONG> (Thumb, 40 bytes, Stack size 0 bytes, sysclk.o(.text), UNUSED)

<P><STRONG><a name="[6b]"></a>Enable_IRC40K</STRONG> (Thumb, 16 bytes, Stack size 0 bytes, sysclk.o(.text), UNUSED)

<P><STRONG><a name="[6c]"></a>Sysclk_switch</STRONG> (Thumb, 26 bytes, Stack size 0 bytes, sysclk.o(.text), UNUSED)

<P><STRONG><a name="[6d]"></a>Disable_IRC32K</STRONG> (Thumb, 14 bytes, Stack size 0 bytes, sysclk.o(.text), UNUSED)

<P><STRONG><a name="[6e]"></a>Disable_IRC16M</STRONG> (Thumb, 14 bytes, Stack size 0 bytes, sysclk.o(.text), UNUSED)

<P><STRONG><a name="[6f]"></a>Disable_X32M</STRONG> (Thumb, 14 bytes, Stack size 0 bytes, sysclk.o(.text), UNUSED)

<P><STRONG><a name="[70]"></a>Disable_X32K</STRONG> (Thumb, 14 bytes, Stack size 0 bytes, sysclk.o(.text), UNUSED)

<P><STRONG><a name="[71]"></a>Disable_IRC40K</STRONG> (Thumb, 16 bytes, Stack size 0 bytes, sysclk.o(.text), UNUSED)

<P><STRONG><a name="[72]"></a>CLK_out</STRONG> (Thumb, 2 bytes, Stack size 0 bytes, sysclk.o(.text), UNUSED)

<P><STRONG><a name="[73]"></a>RTC_Src_Sel</STRONG> (Thumb, 26 bytes, Stack size 0 bytes, sysclk.o(.text), UNUSED)

<P><STRONG><a name="[74]"></a>LPUART_Src_Sel</STRONG> (Thumb, 26 bytes, Stack size 0 bytes, sysclk.o(.text), UNUSED)

<P><STRONG><a name="[75]"></a>LPTIMER_Src_Sel</STRONG> (Thumb, 26 bytes, Stack size 0 bytes, sysclk.o(.text), UNUSED)

<P><STRONG><a name="[76]"></a>LCD_Src_Sel</STRONG> (Thumb, 26 bytes, Stack size 0 bytes, sysclk.o(.text), UNUSED)

<P><STRONG><a name="[77]"></a>WDT_Src_Sel</STRONG> (Thumb, 28 bytes, Stack size 0 bytes, sysclk.o(.text), UNUSED)

<P><STRONG><a name="[3f]"></a>led_add</STRONG> (Thumb, 30 bytes, Stack size 0 bytes, gpio_demo1.o(.text))
<BR><BR>[Called By]<UL><LI><a href="#[36]">&gt;&gt;</a>&nbsp;&nbsp;&nbsp;main
</UL>

<P><STRONG><a name="[3e]"></a>delay</STRONG> (Thumb, 12 bytes, Stack size 0 bytes, gpio_demo1.o(.text))
<BR><BR>[Called By]<UL><LI><a href="#[36]">&gt;&gt;</a>&nbsp;&nbsp;&nbsp;main
</UL>

<P><STRONG><a name="[36]"></a>main</STRONG> (Thumb, 26 bytes, Stack size 0 bytes, gpio_demo1.o(.text))
<BR><BR>[Calls]<UL><LI><a href="#[3e]">&gt;&gt;</a>&nbsp;&nbsp;&nbsp;delay
<LI><a href="#[3f]">&gt;&gt;</a>&nbsp;&nbsp;&nbsp;led_add
<LI><a href="#[3d]">&gt;&gt;</a>&nbsp;&nbsp;&nbsp;gpio_port_init
<LI><a href="#[3c]">&gt;&gt;</a>&nbsp;&nbsp;&nbsp;GPIO_init
</UL>
<BR>[Called By]<UL><LI><a href="#[35]">&gt;&gt;</a>&nbsp;&nbsp;&nbsp;__rt_entry_main
</UL>

<P><STRONG><a name="[78]"></a>__use_two_region_memory</STRONG> (Thumb, 2 bytes, Stack size 0 bytes, heapauxi.o(.text), UNUSED)

<P><STRONG><a name="[79]"></a>__rt_heap_escrow$2region</STRONG> (Thumb, 2 bytes, Stack size 0 bytes, heapauxi.o(.text), UNUSED)

<P><STRONG><a name="[7a]"></a>__rt_heap_expand$2region</STRONG> (Thumb, 2 bytes, Stack size 0 bytes, heapauxi.o(.text), UNUSED)

<P><STRONG><a name="[32]"></a>__user_setup_stackheap</STRONG> (Thumb, 62 bytes, Stack size 8 bytes, sys_stackheap_outer.o(.text))
<BR><BR>[Stack]<UL><LI>Max Depth = 8<LI>Call Chain = __user_setup_stackheap
</UL>
<BR>[Calls]<UL><LI><a href="#[40]">&gt;&gt;</a>&nbsp;&nbsp;&nbsp;__user_perproc_libspace
<LI><a href="#[41]">&gt;&gt;</a>&nbsp;&nbsp;&nbsp;__user_initial_stackheap
</UL>
<BR>[Called By]<UL><LI><a href="#[31]">&gt;&gt;</a>&nbsp;&nbsp;&nbsp;__rt_entry_sh
</UL>

<P><STRONG><a name="[37]"></a>exit</STRONG> (Thumb, 12 bytes, Stack size 0 bytes, exit.o(.text))
<BR><BR>[Calls]<UL><LI><a href="#[43]">&gt;&gt;</a>&nbsp;&nbsp;&nbsp;__rt_exit
<LI><a href="#[42]">&gt;&gt;</a>&nbsp;&nbsp;&nbsp;_call_atexit_fns (Weak Reference)
</UL>
<BR>[Called By]<UL><LI><a href="#[35]">&gt;&gt;</a>&nbsp;&nbsp;&nbsp;__rt_entry_main
</UL>

<P><STRONG><a name="[7b]"></a>__user_libspace</STRONG> (Thumb, 8 bytes, Stack size 0 bytes, libspace.o(.text), UNUSED)

<P><STRONG><a name="[40]"></a>__user_perproc_libspace</STRONG> (Thumb, 0 bytes, Stack size 0 bytes, libspace.o(.text))
<BR><BR>[Called By]<UL><LI><a href="#[32]">&gt;&gt;</a>&nbsp;&nbsp;&nbsp;__user_setup_stackheap
</UL>

<P><STRONG><a name="[7c]"></a>__user_perthread_libspace</STRONG> (Thumb, 0 bytes, Stack size 0 bytes, libspace.o(.text), UNUSED)

<P><STRONG><a name="[3b]"></a>_sys_exit</STRONG> (Thumb, 8 bytes, Stack size 0 bytes, sys_exit.o(.text))
<BR><BR>[Called By]<UL><LI><a href="#[3a]">&gt;&gt;</a>&nbsp;&nbsp;&nbsp;__rt_exit_exit
</UL>

<P><STRONG><a name="[7d]"></a>__I$use$semihosting</STRONG> (Thumb, 0 bytes, Stack size 0 bytes, use_no_semi.o(.text), UNUSED)

<P><STRONG><a name="[7e]"></a>__use_no_semihosting_swi</STRONG> (Thumb, 2 bytes, Stack size 0 bytes, use_no_semi.o(.text), UNUSED)

<P><STRONG><a name="[7f]"></a>__semihosting_library_function</STRONG> (Thumb, 0 bytes, Stack size unknown bytes, indicate_semi.o(.text), UNUSED)
<P>
<H3>
Local Symbols
</H3><P>
<H3>
Undefined Global Symbols
</H3>
<P><STRONG><a name="[42]"></a>_call_atexit_fns</STRONG> (ARM, 0 bytes, Stack size 0 bytes, UNDEFINED)
<BR><BR>[Called By]<UL><LI><a href="#[37]">&gt;&gt;</a>&nbsp;&nbsp;&nbsp;exit
</UL>
<HR></body></html>
