Component: ARM Compiler 5.05 (build 41) Tool: armlink [4d0eb9]

==============================================================================

Section Cross References

    system_si6600.o(.text) refers to system_si6600.o(.data) for .data
    startup_si6600.o(STACK) refers (Special) to heapauxi.o(.text) for __use_two_region_memory
    startup_si6600.o(HEAP) refers (Special) to heapauxi.o(.text) for __use_two_region_memory
    startup_si6600.o(RESET) refers (Special) to heapauxi.o(.text) for __use_two_region_memory
    startup_si6600.o(RESET) refers to startup_si6600.o(STACK) for __initial_sp
    startup_si6600.o(RESET) refers to startup_si6600.o(.text) for Reset_Handler
    startup_si6600.o(.text) refers (Special) to heapauxi.o(.text) for __use_two_region_memory
    startup_si6600.o(.text) refers to system_si6600.o(.text) for SystemInit
    startup_si6600.o(.text) refers to __main.o(!!!main) for __main
    startup_si6600.o(.text) refers to startup_si6600.o(HEAP) for Heap_Mem
    startup_si6600.o(.text) refers to startup_si6600.o(STACK) for Stack_Mem
    uart_demo2.o(.text) refers to uartslave.o(.text) for UART1_port_init
    uartslave.o(.text) refers to uread4.o(.text) for __aeabi_uread4
    uartslave.o(.text) refers to sw_lib.o(.text) for memcmpfixed
    uartslave.o(.text) refers to uartslave.o(.emb_text) for FlashGoUserApp
    uartslave.o(.text) refers to uartslave.o(.data) for .data
    uartslave.o(.text) refers to uartslave.o(.bss) for .bss
    __main.o(!!!main) refers to __rtentry.o(.ARM.Collect$$rtentry$$00000000) for __rt_entry
    __rtentry.o(.ARM.Collect$$rtentry$$00000000) refers (Special) to __rtentry2.o(.ARM.Collect$$rtentry$$0000000A) for __rt_entry_li
    __rtentry.o(.ARM.Collect$$rtentry$$00000000) refers (Special) to __rtentry2.o(.ARM.Collect$$rtentry$$0000000D) for __rt_entry_main
    __rtentry.o(.ARM.Collect$$rtentry$$00000000) refers (Special) to __rtentry2.o(.ARM.Collect$$rtentry$$0000000C) for __rt_entry_postli_1
    __rtentry.o(.ARM.Collect$$rtentry$$00000000) refers (Special) to __rtentry2.o(.ARM.Collect$$rtentry$$00000009) for __rt_entry_postsh_1
    __rtentry.o(.ARM.Collect$$rtentry$$00000000) refers (Special) to __rtentry2.o(.ARM.Collect$$rtentry$$00000002) for __rt_entry_presh_1
    __rtentry.o(.ARM.Collect$$rtentry$$00000000) refers (Special) to __rtentry4.o(.ARM.Collect$$rtentry$$00000004) for __rt_entry_sh
    __rtentry2.o(.ARM.Collect$$rtentry$$00000008) refers to boardinit2.o(.text) for _platform_post_stackheap_init
    __rtentry2.o(.ARM.Collect$$rtentry$$0000000A) refers to libinit.o(.ARM.Collect$$libinit$$00000000) for __rt_lib_init
    __rtentry2.o(.ARM.Collect$$rtentry$$0000000B) refers to boardinit3.o(.text) for _platform_post_lib_init
    __rtentry2.o(.ARM.Collect$$rtentry$$0000000D) refers to uart_demo2.o(.text) for main
    __rtentry2.o(.ARM.Collect$$rtentry$$0000000D) refers to exit.o(.text) for exit
    __rtentry2.o(.ARM.exidx) refers to __rtentry2.o(.ARM.Collect$$rtentry$$00000001) for .ARM.Collect$$rtentry$$00000001
    __rtentry2.o(.ARM.exidx) refers to __rtentry2.o(.ARM.Collect$$rtentry$$00000008) for .ARM.Collect$$rtentry$$00000008
    __rtentry2.o(.ARM.exidx) refers to __rtentry2.o(.ARM.Collect$$rtentry$$0000000A) for .ARM.Collect$$rtentry$$0000000A
    __rtentry2.o(.ARM.exidx) refers to __rtentry2.o(.ARM.Collect$$rtentry$$0000000B) for .ARM.Collect$$rtentry$$0000000B
    __rtentry2.o(.ARM.exidx) refers to __rtentry2.o(.ARM.Collect$$rtentry$$0000000D) for .ARM.Collect$$rtentry$$0000000D
    __rtentry4.o(.ARM.Collect$$rtentry$$00000004) refers to sys_stackheap_outer.o(.text) for __user_setup_stackheap
    __rtentry4.o(.ARM.exidx) refers to __rtentry4.o(.ARM.Collect$$rtentry$$00000004) for .ARM.Collect$$rtentry$$00000004
    sys_stackheap_outer.o(.text) refers to libspace.o(.text) for __user_perproc_libspace
    sys_stackheap_outer.o(.text) refers to startup_si6600.o(.text) for __user_initial_stackheap
    sys_stackheap_outer.o(__vectab_stack_and_reset_area) refers to tempstk.o(.text) for __temporary_stack_top
    sys_stackheap_outer.o(__vectab_stack_and_reset_area) refers to __main.o(!!!main) for __main
    exit.o(.text) refers to rtexit.o(.ARM.Collect$$rtexit$$00000000) for __rt_exit
    libinit.o(.ARM.Collect$$libinit$$00000000) refers (Special) to libinit2.o(.ARM.Collect$$libinit$$0000002E) for __rt_lib_init_alloca_1
    libinit.o(.ARM.Collect$$libinit$$00000000) refers (Special) to libinit2.o(.ARM.Collect$$libinit$$0000002C) for __rt_lib_init_argv_1
    libinit.o(.ARM.Collect$$libinit$$00000000) refers (Special) to libinit2.o(.ARM.Collect$$libinit$$0000001B) for __rt_lib_init_atexit_1
    libinit.o(.ARM.Collect$$libinit$$00000000) refers (Special) to libinit2.o(.ARM.Collect$$libinit$$00000021) for __rt_lib_init_clock_1
    libinit.o(.ARM.Collect$$libinit$$00000000) refers (Special) to libinit2.o(.ARM.Collect$$libinit$$00000032) for __rt_lib_init_cpp_1
    libinit.o(.ARM.Collect$$libinit$$00000000) refers (Special) to libinit2.o(.ARM.Collect$$libinit$$00000030) for __rt_lib_init_exceptions_1
    libinit.o(.ARM.Collect$$libinit$$00000000) refers (Special) to libinit2.o(.ARM.Collect$$libinit$$00000002) for __rt_lib_init_fp_1
    libinit.o(.ARM.Collect$$libinit$$00000000) refers (Special) to libinit2.o(.ARM.Collect$$libinit$$0000001F) for __rt_lib_init_fp_trap_1
    libinit.o(.ARM.Collect$$libinit$$00000000) refers (Special) to libinit2.o(.ARM.Collect$$libinit$$00000023) for __rt_lib_init_getenv_1
    libinit.o(.ARM.Collect$$libinit$$00000000) refers (Special) to libinit2.o(.ARM.Collect$$libinit$$0000000A) for __rt_lib_init_heap_1
    libinit.o(.ARM.Collect$$libinit$$00000000) refers (Special) to libinit2.o(.ARM.Collect$$libinit$$00000011) for __rt_lib_init_lc_collate_1
    libinit.o(.ARM.Collect$$libinit$$00000000) refers (Special) to libinit2.o(.ARM.Collect$$libinit$$00000013) for __rt_lib_init_lc_ctype_1
    libinit.o(.ARM.Collect$$libinit$$00000000) refers (Special) to libinit2.o(.ARM.Collect$$libinit$$00000015) for __rt_lib_init_lc_monetary_1
    libinit.o(.ARM.Collect$$libinit$$00000000) refers (Special) to libinit2.o(.ARM.Collect$$libinit$$00000017) for __rt_lib_init_lc_numeric_1
    libinit.o(.ARM.Collect$$libinit$$00000000) refers (Special) to libinit2.o(.ARM.Collect$$libinit$$00000019) for __rt_lib_init_lc_time_1
    libinit.o(.ARM.Collect$$libinit$$00000000) refers (Special) to libinit2.o(.ARM.Collect$$libinit$$00000004) for __rt_lib_init_preinit_1
    libinit.o(.ARM.Collect$$libinit$$00000000) refers (Special) to libinit2.o(.ARM.Collect$$libinit$$0000000E) for __rt_lib_init_rand_1
    libinit.o(.ARM.Collect$$libinit$$00000000) refers (Special) to libinit2.o(.ARM.Collect$$libinit$$00000033) for __rt_lib_init_return
    libinit.o(.ARM.Collect$$libinit$$00000000) refers (Special) to libinit2.o(.ARM.Collect$$libinit$$0000001D) for __rt_lib_init_signal_1
    libinit.o(.ARM.Collect$$libinit$$00000000) refers (Special) to libinit2.o(.ARM.Collect$$libinit$$00000025) for __rt_lib_init_stdio_1
    libinit.o(.ARM.Collect$$libinit$$00000000) refers (Special) to libinit2.o(.ARM.Collect$$libinit$$0000000C) for __rt_lib_init_user_alloc_1
    libspace.o(.text) refers to libspace.o(.bss) for __libspace_start
    rtexit.o(.ARM.Collect$$rtexit$$00000000) refers (Special) to rtexit2.o(.ARM.Collect$$rtexit$$00000004) for __rt_exit_exit
    rtexit.o(.ARM.Collect$$rtexit$$00000000) refers (Special) to rtexit2.o(.ARM.Collect$$rtexit$$00000003) for __rt_exit_ls
    rtexit.o(.ARM.Collect$$rtexit$$00000000) refers (Special) to rtexit2.o(.ARM.Collect$$rtexit$$00000002) for __rt_exit_prels_1
    rtexit.o(.ARM.exidx) refers (Special) to rtexit2.o(.ARM.Collect$$rtexit$$00000004) for __rt_exit_exit
    rtexit.o(.ARM.exidx) refers (Special) to rtexit2.o(.ARM.Collect$$rtexit$$00000003) for __rt_exit_ls
    rtexit.o(.ARM.exidx) refers (Special) to rtexit2.o(.ARM.Collect$$rtexit$$00000002) for __rt_exit_prels_1
    rtexit.o(.ARM.exidx) refers to rtexit.o(.ARM.Collect$$rtexit$$00000000) for .ARM.Collect$$rtexit$$00000000
    libinit2.o(.ARM.Collect$$libinit$$00000010) refers to libinit2.o(.ARM.Collect$$libinit$$0000000F) for .ARM.Collect$$libinit$$0000000F
    libinit2.o(.ARM.Collect$$libinit$$00000012) refers to libinit2.o(.ARM.Collect$$libinit$$0000000F) for .ARM.Collect$$libinit$$0000000F
    libinit2.o(.ARM.Collect$$libinit$$00000014) refers to libinit2.o(.ARM.Collect$$libinit$$0000000F) for .ARM.Collect$$libinit$$0000000F
    libinit2.o(.ARM.Collect$$libinit$$00000016) refers to libinit2.o(.ARM.Collect$$libinit$$0000000F) for .ARM.Collect$$libinit$$0000000F
    libinit2.o(.ARM.Collect$$libinit$$00000018) refers to libinit2.o(.ARM.Collect$$libinit$$0000000F) for .ARM.Collect$$libinit$$0000000F
    libinit2.o(.ARM.Collect$$libinit$$00000026) refers to argv_veneer.o(.text) for __ARM_argv_veneer
    libinit2.o(.ARM.Collect$$libinit$$00000027) refers to argv_veneer.o(.text) for __ARM_argv_veneer
    rtexit2.o(.ARM.Collect$$rtexit$$00000003) refers to libshutdown.o(.ARM.Collect$$libshutdown$$00000000) for __rt_lib_shutdown
    rtexit2.o(.ARM.Collect$$rtexit$$00000004) refers to sys_exit.o(.text) for _sys_exit
    rtexit2.o(.ARM.exidx) refers to rtexit2.o(.ARM.Collect$$rtexit$$00000001) for .ARM.Collect$$rtexit$$00000001
    rtexit2.o(.ARM.exidx) refers to rtexit2.o(.ARM.Collect$$rtexit$$00000003) for .ARM.Collect$$rtexit$$00000003
    rtexit2.o(.ARM.exidx) refers to rtexit2.o(.ARM.Collect$$rtexit$$00000004) for .ARM.Collect$$rtexit$$00000004
    sys_exit.o(.text) refers (Special) to use_no_semi.o(.text) for __I$use$semihosting
    sys_exit.o(.text) refers (Special) to indicate_semi.o(.text) for __semihosting_library_function
    _get_argv_nomalloc.o(.text) refers (Special) to hrguard.o(.text) for __heap_region$guard
    _get_argv_nomalloc.o(.text) refers to defsig_rtmem_outer.o(.text) for __rt_SIGRTMEM
    _get_argv_nomalloc.o(.text) refers to sys_command.o(.text) for _sys_command_string
    libshutdown.o(.ARM.Collect$$libshutdown$$00000000) refers (Special) to libshutdown2.o(.ARM.Collect$$libshutdown$$00000006) for __rt_lib_shutdown_fp_trap_1
    libshutdown.o(.ARM.Collect$$libshutdown$$00000000) refers (Special) to libshutdown2.o(.ARM.Collect$$libshutdown$$0000000E) for __rt_lib_shutdown_heap_1
    libshutdown.o(.ARM.Collect$$libshutdown$$00000000) refers (Special) to libshutdown2.o(.ARM.Collect$$libshutdown$$0000000F) for __rt_lib_shutdown_return
    libshutdown.o(.ARM.Collect$$libshutdown$$00000000) refers (Special) to libshutdown2.o(.ARM.Collect$$libshutdown$$00000009) for __rt_lib_shutdown_signal_1
    libshutdown.o(.ARM.Collect$$libshutdown$$00000000) refers (Special) to libshutdown2.o(.ARM.Collect$$libshutdown$$00000003) for __rt_lib_shutdown_stdio_1
    libshutdown.o(.ARM.Collect$$libshutdown$$00000000) refers (Special) to libshutdown2.o(.ARM.Collect$$libshutdown$$0000000B) for __rt_lib_shutdown_user_alloc_1
    sys_command.o(.text) refers (Special) to use_no_semi.o(.text) for __I$use$semihosting
    sys_command.o(.text) refers (Special) to indicate_semi.o(.text) for __semihosting_library_function
    defsig_rtmem_outer.o(.text) refers to defsig_rtmem_inner.o(.text) for __rt_SIGRTMEM_inner
    defsig_rtmem_outer.o(.text) refers to defsig_exit.o(.text) for __sig_exit
    defsig_rtmem_formal.o(.text) refers to rt_raise.o(.text) for __rt_raise
    rt_raise.o(.text) refers to __raise.o(.text) for __raise
    rt_raise.o(.text) refers to sys_exit.o(.text) for _sys_exit
    defsig_exit.o(.text) refers to sys_exit.o(.text) for _sys_exit
    defsig_rtmem_inner.o(.text) refers to defsig_general.o(.text) for __default_signal_display
    __raise.o(.text) refers to defsig.o(CL$$defsig) for __default_signal_handler
    defsig_general.o(.text) refers to sys_wrch.o(.text) for _ttywrch
    sys_wrch.o(.text) refers (Special) to use_no_semi.o(.text) for __I$use$semihosting
    sys_wrch.o(.text) refers (Special) to indicate_semi.o(.text) for __semihosting_library_function
    defsig.o(CL$$defsig) refers to defsig_rtmem_inner.o(.text) for __rt_SIGRTMEM_inner
    defsig_abrt_inner.o(.text) refers to defsig_general.o(.text) for __default_signal_display
    defsig_fpe_inner.o(.text) refers to defsig_general.o(.text) for __default_signal_display
    defsig_rtred_inner.o(.text) refers to defsig_general.o(.text) for __default_signal_display
    defsig_stak_inner.o(.text) refers to defsig_general.o(.text) for __default_signal_display
    defsig_pvfn_inner.o(.text) refers to defsig_general.o(.text) for __default_signal_display
    defsig_cppl_inner.o(.text) refers to defsig_general.o(.text) for __default_signal_display
    defsig_segv_inner.o(.text) refers to defsig_general.o(.text) for __default_signal_display
    defsig_other.o(.text) refers to defsig_general.o(.text) for __default_signal_display


==============================================================================

Removing Unused input sections from the image.

    Removing system_si6600.o(.rev16_text), (4 bytes).
    Removing system_si6600.o(.revsh_text), (4 bytes).
    Removing sysclk.o(.rev16_text), (4 bytes).
    Removing sysclk.o(.revsh_text), (4 bytes).
    Removing sysclk.o(.text), (424 bytes).
    Removing uart_demo2.o(.rev16_text), (4 bytes).
    Removing uart_demo2.o(.revsh_text), (4 bytes).
    Removing uartslave.o(.rev16_text), (4 bytes).
    Removing uartslave.o(.revsh_text), (4 bytes).
    Removing sw_lib.o(.rev16_text), (4 bytes).
    Removing sw_lib.o(.revsh_text), (4 bytes).

11 unused section(s) (total 464 bytes) removed from the image.

==============================================================================

Image Symbol Table

    Local Symbols

    Symbol Name                              Value     Ov Type        Size  Object(Section)

    ../clib/angel/boardlib.s                 0x00000000   Number         0  boardshut.o ABSOLUTE
    ../clib/angel/boardlib.s                 0x00000000   Number         0  boardinit1.o ABSOLUTE
    ../clib/angel/boardlib.s                 0x00000000   Number         0  boardinit2.o ABSOLUTE
    ../clib/angel/boardlib.s                 0x00000000   Number         0  boardinit3.o ABSOLUTE
    ../clib/angel/handlers.s                 0x00000000   Number         0  __scatter_zi.o ABSOLUTE
    ../clib/angel/handlers.s                 0x00000000   Number         0  __scatter_copy.o ABSOLUTE
    ../clib/angel/kernel.s                   0x00000000   Number         0  __rtentry.o ABSOLUTE
    ../clib/angel/kernel.s                   0x00000000   Number         0  __rtentry2.o ABSOLUTE
    ../clib/angel/kernel.s                   0x00000000   Number         0  __rtentry4.o ABSOLUTE
    ../clib/angel/kernel.s                   0x00000000   Number         0  rtexit2.o ABSOLUTE
    ../clib/angel/kernel.s                   0x00000000   Number         0  rtexit.o ABSOLUTE
    ../clib/angel/rt.s                       0x00000000   Number         0  rt_raise.o ABSOLUTE
    ../clib/angel/scatterp.s                 0x00000000   Number         0  __scatter.o ABSOLUTE
    ../clib/angel/startup.s                  0x00000000   Number         0  __main.o ABSOLUTE
    ../clib/angel/sys.s                      0x00000000   Number         0  sys_stackheap_outer.o ABSOLUTE
    ../clib/angel/sys.s                      0x00000000   Number         0  indicate_semi.o ABSOLUTE
    ../clib/angel/sys.s                      0x00000000   Number         0  libspace.o ABSOLUTE
    ../clib/angel/sys.s                      0x00000000   Number         0  use_no_semi.o ABSOLUTE
    ../clib/angel/sys.s                      0x00000000   Number         0  tempstk.o ABSOLUTE
    ../clib/angel/sysapp.c                   0x00000000   Number         0  sys_exit.o ABSOLUTE
    ../clib/angel/sysapp.c                   0x00000000   Number         0  sys_wrch.o ABSOLUTE
    ../clib/angel/sysapp.c                   0x00000000   Number         0  sys_command.o ABSOLUTE
    ../clib/armsys.c                         0x00000000   Number         0  _get_argv_nomalloc.o ABSOLUTE
    ../clib/armsys.c                         0x00000000   Number         0  argv_veneer.o ABSOLUTE
    ../clib/armsys.c                         0x00000000   Number         0  no_argv.o ABSOLUTE
    ../clib/heapalloc.c                      0x00000000   Number         0  hrguard.o ABSOLUTE
    ../clib/heapaux.c                        0x00000000   Number         0  heapauxi.o ABSOLUTE
    ../clib/libinit.s                        0x00000000   Number         0  libshutdown2.o ABSOLUTE
    ../clib/libinit.s                        0x00000000   Number         0  libinit.o ABSOLUTE
    ../clib/libinit.s                        0x00000000   Number         0  libshutdown.o ABSOLUTE
    ../clib/libinit.s                        0x00000000   Number         0  libinit2.o ABSOLUTE
    ../clib/signal.c                         0x00000000   Number         0  defsig_stak_inner.o ABSOLUTE
    ../clib/signal.c                         0x00000000   Number         0  defsig_pvfn_inner.o ABSOLUTE
    ../clib/signal.c                         0x00000000   Number         0  defsig_cppl_inner.o ABSOLUTE
    ../clib/signal.c                         0x00000000   Number         0  defsig_segv_inner.o ABSOLUTE
    ../clib/signal.c                         0x00000000   Number         0  defsig_other.o ABSOLUTE
    ../clib/signal.c                         0x00000000   Number         0  defsig_general.o ABSOLUTE
    ../clib/signal.c                         0x00000000   Number         0  defsig_rtmem_outer.o ABSOLUTE
    ../clib/signal.c                         0x00000000   Number         0  defsig_rtmem_formal.o ABSOLUTE
    ../clib/signal.c                         0x00000000   Number         0  defsig_exit.o ABSOLUTE
    ../clib/signal.c                         0x00000000   Number         0  defsig_rtmem_inner.o ABSOLUTE
    ../clib/signal.c                         0x00000000   Number         0  __raise.o ABSOLUTE
    ../clib/signal.c                         0x00000000   Number         0  defsig_abrt_inner.o ABSOLUTE
    ../clib/signal.c                         0x00000000   Number         0  defsig_fpe_inner.o ABSOLUTE
    ../clib/signal.c                         0x00000000   Number         0  defsig_rtred_inner.o ABSOLUTE
    ../clib/signal.s                         0x00000000   Number         0  defsig.o ABSOLUTE
    ../clib/stdlib.c                         0x00000000   Number         0  exit.o ABSOLUTE
    ../clib/unhosted.c                       0x00000000   Number         0  uread4.o ABSOLUTE
    ../fplib/cfplib/fpinit.c                 0x00000000   Number         0  fpinit.o ABSOLUTE
    DEVICE\\system_SI6600.c                  0x00000000   Number         0  system_si6600.o ABSOLUTE
    DEVICE\startup_SI6600.s                  0x00000000   Number         0  startup_si6600.o ABSOLUTE
    DEVICE\system_SI6600.c                   0x00000000   Number         0  system_si6600.o ABSOLUTE
    USER\UartSlave.c                         0x00000000   Number         0  uartslave.o ABSOLUTE
    USER\\UartSlave.c                        0x00000000   Number         0  uartslave.o ABSOLUTE
    USER\\sw_lib.c                           0x00000000   Number         0  sw_lib.o ABSOLUTE
    USER\\sysclk.c                           0x00000000   Number         0  sysclk.o ABSOLUTE
    USER\\uart_demo2.c                       0x00000000   Number         0  uart_demo2.o ABSOLUTE
    USER\sw_lib.c                            0x00000000   Number         0  sw_lib.o ABSOLUTE
    USER\sysclk.c                            0x00000000   Number         0  sysclk.o ABSOLUTE
    USER\uart_demo2.c                        0x00000000   Number         0  uart_demo2.o ABSOLUTE
    dc.s                                     0x00000000   Number         0  dc.o ABSOLUTE
    .data                                    0x20000000   Section        4  system_si6600.o(.data)
    .data                                    0x20000004   Section        2  uartslave.o(.data)
    .bss                                     0x20000008   Section     2048  uartslave.o(.bss)
    .bss                                     0x20000808   Section       96  libspace.o(.bss)
    HEAP                                     0x20000868   Section        0  startup_si6600.o(HEAP)
    STACK                                    0x20000868   Section     1024  startup_si6600.o(STACK)
    Heap_Mem                                 0x20000868   Data           0  startup_si6600.o(HEAP)
    Stack_Mem                                0x20000868   Data        1024  startup_si6600.o(STACK)
    __initial_sp                             0x20000c68   Data           0  startup_si6600.o(STACK)
    RESET                                    0xa003f800   Section       64  startup_si6600.o(RESET)
    !!!main                                  0xa003f840   Section        8  __main.o(!!!main)
    !!!scatter                               0xa003f848   Section       60  __scatter.o(!!!scatter)
    !!handler_copy                           0xa003f884   Section       26  __scatter_copy.o(!!handler_copy)
    !!handler_zi                             0xa003f8a0   Section       28  __scatter_zi.o(!!handler_zi)
    .ARM.Collect$$libinit$$00000000          0xa003f8bc   Section        2  libinit.o(.ARM.Collect$$libinit$$00000000)
    .ARM.Collect$$libinit$$00000002          0xa003f8be   Section        0  libinit2.o(.ARM.Collect$$libinit$$00000002)
    .ARM.Collect$$libinit$$00000004          0xa003f8be   Section        0  libinit2.o(.ARM.Collect$$libinit$$00000004)
    .ARM.Collect$$libinit$$0000000A          0xa003f8be   Section        0  libinit2.o(.ARM.Collect$$libinit$$0000000A)
    .ARM.Collect$$libinit$$0000000C          0xa003f8be   Section        0  libinit2.o(.ARM.Collect$$libinit$$0000000C)
    .ARM.Collect$$libinit$$0000000E          0xa003f8be   Section        0  libinit2.o(.ARM.Collect$$libinit$$0000000E)
    .ARM.Collect$$libinit$$00000011          0xa003f8be   Section        0  libinit2.o(.ARM.Collect$$libinit$$00000011)
    .ARM.Collect$$libinit$$00000013          0xa003f8be   Section        0  libinit2.o(.ARM.Collect$$libinit$$00000013)
    .ARM.Collect$$libinit$$00000015          0xa003f8be   Section        0  libinit2.o(.ARM.Collect$$libinit$$00000015)
    .ARM.Collect$$libinit$$00000017          0xa003f8be   Section        0  libinit2.o(.ARM.Collect$$libinit$$00000017)
    .ARM.Collect$$libinit$$00000019          0xa003f8be   Section        0  libinit2.o(.ARM.Collect$$libinit$$00000019)
    .ARM.Collect$$libinit$$0000001B          0xa003f8be   Section        0  libinit2.o(.ARM.Collect$$libinit$$0000001B)
    .ARM.Collect$$libinit$$0000001D          0xa003f8be   Section        0  libinit2.o(.ARM.Collect$$libinit$$0000001D)
    .ARM.Collect$$libinit$$0000001F          0xa003f8be   Section        0  libinit2.o(.ARM.Collect$$libinit$$0000001F)
    .ARM.Collect$$libinit$$00000021          0xa003f8be   Section        0  libinit2.o(.ARM.Collect$$libinit$$00000021)
    .ARM.Collect$$libinit$$00000023          0xa003f8be   Section        0  libinit2.o(.ARM.Collect$$libinit$$00000023)
    .ARM.Collect$$libinit$$00000025          0xa003f8be   Section        0  libinit2.o(.ARM.Collect$$libinit$$00000025)
    .ARM.Collect$$libinit$$0000002C          0xa003f8be   Section        0  libinit2.o(.ARM.Collect$$libinit$$0000002C)
    .ARM.Collect$$libinit$$0000002E          0xa003f8be   Section        0  libinit2.o(.ARM.Collect$$libinit$$0000002E)
    .ARM.Collect$$libinit$$00000030          0xa003f8be   Section        0  libinit2.o(.ARM.Collect$$libinit$$00000030)
    .ARM.Collect$$libinit$$00000032          0xa003f8be   Section        0  libinit2.o(.ARM.Collect$$libinit$$00000032)
    .ARM.Collect$$libinit$$00000033          0xa003f8be   Section        2  libinit2.o(.ARM.Collect$$libinit$$00000033)
    .ARM.Collect$$libshutdown$$00000000      0xa003f8c0   Section        2  libshutdown.o(.ARM.Collect$$libshutdown$$00000000)
    .ARM.Collect$$libshutdown$$00000003      0xa003f8c2   Section        0  libshutdown2.o(.ARM.Collect$$libshutdown$$00000003)
    .ARM.Collect$$libshutdown$$00000006      0xa003f8c2   Section        0  libshutdown2.o(.ARM.Collect$$libshutdown$$00000006)
    .ARM.Collect$$libshutdown$$00000009      0xa003f8c2   Section        0  libshutdown2.o(.ARM.Collect$$libshutdown$$00000009)
    .ARM.Collect$$libshutdown$$0000000B      0xa003f8c2   Section        0  libshutdown2.o(.ARM.Collect$$libshutdown$$0000000B)
    .ARM.Collect$$libshutdown$$0000000E      0xa003f8c2   Section        0  libshutdown2.o(.ARM.Collect$$libshutdown$$0000000E)
    .ARM.Collect$$libshutdown$$0000000F      0xa003f8c2   Section        2  libshutdown2.o(.ARM.Collect$$libshutdown$$0000000F)
    .ARM.Collect$$rtentry$$00000000          0xa003f8c4   Section        0  __rtentry.o(.ARM.Collect$$rtentry$$00000000)
    .ARM.Collect$$rtentry$$00000002          0xa003f8c4   Section        0  __rtentry2.o(.ARM.Collect$$rtentry$$00000002)
    .ARM.Collect$$rtentry$$00000004          0xa003f8c4   Section        6  __rtentry4.o(.ARM.Collect$$rtentry$$00000004)
    .ARM.Collect$$rtentry$$00000009          0xa003f8ca   Section        0  __rtentry2.o(.ARM.Collect$$rtentry$$00000009)
    .ARM.Collect$$rtentry$$0000000A          0xa003f8ca   Section        4  __rtentry2.o(.ARM.Collect$$rtentry$$0000000A)
    .ARM.Collect$$rtentry$$0000000C          0xa003f8ce   Section        0  __rtentry2.o(.ARM.Collect$$rtentry$$0000000C)
    .ARM.Collect$$rtentry$$0000000D          0xa003f8ce   Section        8  __rtentry2.o(.ARM.Collect$$rtentry$$0000000D)
    .ARM.Collect$$rtexit$$00000000           0xa003f8d6   Section        2  rtexit.o(.ARM.Collect$$rtexit$$00000000)
    .ARM.Collect$$rtexit$$00000002           0xa003f8d8   Section        0  rtexit2.o(.ARM.Collect$$rtexit$$00000002)
    .ARM.Collect$$rtexit$$00000003           0xa003f8d8   Section        4  rtexit2.o(.ARM.Collect$$rtexit$$00000003)
    .ARM.Collect$$rtexit$$00000004           0xa003f8dc   Section        6  rtexit2.o(.ARM.Collect$$rtexit$$00000004)
    .emb_text                                0xa003f8e4   Section       40  uartslave.o(.emb_text)
    .text                                    0xa003f90c   Section        0  system_si6600.o(.text)
    .text                                    0xa003f924   Section       52  startup_si6600.o(.text)
    .text                                    0xa003f958   Section        0  uart_demo2.o(.text)
    .text                                    0xa003f97c   Section        0  uartslave.o(.text)
    .text                                    0xa003fe4c   Section        0  sw_lib.o(.text)
    .text                                    0xa003fee2   Section        0  uread4.o(.text)
    .text                                    0xa003ff04   Section        0  heapauxi.o(.text)
    .text                                    0xa003ff0a   Section       62  sys_stackheap_outer.o(.text)
    .text                                    0xa003ff48   Section        0  exit.o(.text)
    .text                                    0xa003ff54   Section        8  libspace.o(.text)
    .text                                    0xa003ff5c   Section        0  sys_exit.o(.text)
    .text                                    0xa003ff68   Section        2  use_no_semi.o(.text)
    .text                                    0xa003ff6a   Section        0  indicate_semi.o(.text)

    Global Symbols

    Symbol Name                              Value     Ov Type        Size  Object(Section)

    BuildAttributes$$THM_ISAv3M$S$PE$A:L22$X:L11$S22$IEEE1$IW$USESV6$~STKCKD$USESV7$~SHL$OSPACE$ROPI$EBA8$UX$STANDARDLIB$REQ8$EABIv2 0x00000000   Number         0  anon$$obj.o ABSOLUTE
    __ARM_use_no_argv                        0x00000000   Number         0  uart_demo2.o ABSOLUTE
    __ARM_exceptions_init                     - Undefined Weak Reference
    __alloca_initialize                       - Undefined Weak Reference
    __arm_preinit_                            - Undefined Weak Reference
    __cpp_initialize__aeabi_                  - Undefined Weak Reference
    __cxa_finalize                            - Undefined Weak Reference
    __rt_locale                               - Undefined Weak Reference
    __sigvec_lookup                           - Undefined Weak Reference
    _atexit_init                              - Undefined Weak Reference
    _call_atexit_fns                          - Undefined Weak Reference
    _clock_init                               - Undefined Weak Reference
    _fp_trap_init                             - Undefined Weak Reference
    _fp_trap_shutdown                         - Undefined Weak Reference
    _get_lc_collate                           - Undefined Weak Reference
    _get_lc_ctype                             - Undefined Weak Reference
    _get_lc_monetary                          - Undefined Weak Reference
    _get_lc_numeric                           - Undefined Weak Reference
    _get_lc_time                              - Undefined Weak Reference
    _getenv_init                              - Undefined Weak Reference
    _handle_redirection                       - Undefined Weak Reference
    _init_alloc                               - Undefined Weak Reference
    _init_user_alloc                          - Undefined Weak Reference
    _initio                                   - Undefined Weak Reference
    _rand_init                                - Undefined Weak Reference
    _signal_finish                            - Undefined Weak Reference
    _signal_init                              - Undefined Weak Reference
    _terminate_alloc                          - Undefined Weak Reference
    _terminate_user_alloc                     - Undefined Weak Reference
    _terminateio                              - Undefined Weak Reference
    __Vectors_Size                           0x00000040   Number         0  startup_si6600.o ABSOLUTE
    SystemCoreClock                          0x20000000   Data           4  system_si6600.o(.data)
    EnterBL                                  0x20000004   Data           1  uartslave.o(.data)
    IsAuthed                                 0x20000005   Data           1  uartslave.o(.data)
    uart_buf                                 0x20000008   Data        2048  uartslave.o(.bss)
    __libspace_start                         0x20000808   Data          96  libspace.o(.bss)
    __temporary_stack_top$libspace           0x20000868   Data           0  libspace.o(.bss)
    __Vectors                                0xa003f800   Data           4  startup_si6600.o(RESET)
    __Vectors_End                            0xa003f840   Data           0  startup_si6600.o(RESET)
    __main                                   0xa003f841   Thumb Code     8  __main.o(!!!main)
    __scatterload                            0xa003f849   Thumb Code     0  __scatter.o(!!!scatter)
    __scatterload_rt2                        0xa003f849   Thumb Code    52  __scatter.o(!!!scatter)
    __scatterload_rt2_thumb_only             0xa003f849   Thumb Code     0  __scatter.o(!!!scatter)
    __scatterload_null                       0xa003f859   Thumb Code     0  __scatter.o(!!!scatter)
    __scatterload_copy                       0xa003f885   Thumb Code    26  __scatter_copy.o(!!handler_copy)
    __scatterload_zeroinit                   0xa003f8a1   Thumb Code    28  __scatter_zi.o(!!handler_zi)
    __rt_lib_init                            0xa003f8bd   Thumb Code     0  libinit.o(.ARM.Collect$$libinit$$00000000)
    __rt_lib_init_alloca_1                   0xa003f8bf   Thumb Code     0  libinit2.o(.ARM.Collect$$libinit$$0000002E)
    __rt_lib_init_argv_1                     0xa003f8bf   Thumb Code     0  libinit2.o(.ARM.Collect$$libinit$$0000002C)
    __rt_lib_init_atexit_1                   0xa003f8bf   Thumb Code     0  libinit2.o(.ARM.Collect$$libinit$$0000001B)
    __rt_lib_init_clock_1                    0xa003f8bf   Thumb Code     0  libinit2.o(.ARM.Collect$$libinit$$00000021)
    __rt_lib_init_cpp_1                      0xa003f8bf   Thumb Code     0  libinit2.o(.ARM.Collect$$libinit$$00000032)
    __rt_lib_init_exceptions_1               0xa003f8bf   Thumb Code     0  libinit2.o(.ARM.Collect$$libinit$$00000030)
    __rt_lib_init_fp_1                       0xa003f8bf   Thumb Code     0  libinit2.o(.ARM.Collect$$libinit$$00000002)
    __rt_lib_init_fp_trap_1                  0xa003f8bf   Thumb Code     0  libinit2.o(.ARM.Collect$$libinit$$0000001F)
    __rt_lib_init_getenv_1                   0xa003f8bf   Thumb Code     0  libinit2.o(.ARM.Collect$$libinit$$00000023)
    __rt_lib_init_heap_1                     0xa003f8bf   Thumb Code     0  libinit2.o(.ARM.Collect$$libinit$$0000000A)
    __rt_lib_init_lc_collate_1               0xa003f8bf   Thumb Code     0  libinit2.o(.ARM.Collect$$libinit$$00000011)
    __rt_lib_init_lc_ctype_1                 0xa003f8bf   Thumb Code     0  libinit2.o(.ARM.Collect$$libinit$$00000013)
    __rt_lib_init_lc_monetary_1              0xa003f8bf   Thumb Code     0  libinit2.o(.ARM.Collect$$libinit$$00000015)
    __rt_lib_init_lc_numeric_1               0xa003f8bf   Thumb Code     0  libinit2.o(.ARM.Collect$$libinit$$00000017)
    __rt_lib_init_lc_time_1                  0xa003f8bf   Thumb Code     0  libinit2.o(.ARM.Collect$$libinit$$00000019)
    __rt_lib_init_preinit_1                  0xa003f8bf   Thumb Code     0  libinit2.o(.ARM.Collect$$libinit$$00000004)
    __rt_lib_init_rand_1                     0xa003f8bf   Thumb Code     0  libinit2.o(.ARM.Collect$$libinit$$0000000E)
    __rt_lib_init_return                     0xa003f8bf   Thumb Code     0  libinit2.o(.ARM.Collect$$libinit$$00000033)
    __rt_lib_init_signal_1                   0xa003f8bf   Thumb Code     0  libinit2.o(.ARM.Collect$$libinit$$0000001D)
    __rt_lib_init_stdio_1                    0xa003f8bf   Thumb Code     0  libinit2.o(.ARM.Collect$$libinit$$00000025)
    __rt_lib_init_user_alloc_1               0xa003f8bf   Thumb Code     0  libinit2.o(.ARM.Collect$$libinit$$0000000C)
    __rt_lib_shutdown                        0xa003f8c1   Thumb Code     0  libshutdown.o(.ARM.Collect$$libshutdown$$00000000)
    __rt_lib_shutdown_fp_trap_1              0xa003f8c3   Thumb Code     0  libshutdown2.o(.ARM.Collect$$libshutdown$$00000006)
    __rt_lib_shutdown_heap_1                 0xa003f8c3   Thumb Code     0  libshutdown2.o(.ARM.Collect$$libshutdown$$0000000E)
    __rt_lib_shutdown_return                 0xa003f8c3   Thumb Code     0  libshutdown2.o(.ARM.Collect$$libshutdown$$0000000F)
    __rt_lib_shutdown_signal_1               0xa003f8c3   Thumb Code     0  libshutdown2.o(.ARM.Collect$$libshutdown$$00000009)
    __rt_lib_shutdown_stdio_1                0xa003f8c3   Thumb Code     0  libshutdown2.o(.ARM.Collect$$libshutdown$$00000003)
    __rt_lib_shutdown_user_alloc_1           0xa003f8c3   Thumb Code     0  libshutdown2.o(.ARM.Collect$$libshutdown$$0000000B)
    __rt_entry                               0xa003f8c5   Thumb Code     0  __rtentry.o(.ARM.Collect$$rtentry$$00000000)
    __rt_entry_presh_1                       0xa003f8c5   Thumb Code     0  __rtentry2.o(.ARM.Collect$$rtentry$$00000002)
    __rt_entry_sh                            0xa003f8c5   Thumb Code     0  __rtentry4.o(.ARM.Collect$$rtentry$$00000004)
    __rt_entry_li                            0xa003f8cb   Thumb Code     0  __rtentry2.o(.ARM.Collect$$rtentry$$0000000A)
    __rt_entry_postsh_1                      0xa003f8cb   Thumb Code     0  __rtentry2.o(.ARM.Collect$$rtentry$$00000009)
    __rt_entry_main                          0xa003f8cf   Thumb Code     0  __rtentry2.o(.ARM.Collect$$rtentry$$0000000D)
    __rt_entry_postli_1                      0xa003f8cf   Thumb Code     0  __rtentry2.o(.ARM.Collect$$rtentry$$0000000C)
    __rt_exit                                0xa003f8d7   Thumb Code     0  rtexit.o(.ARM.Collect$$rtexit$$00000000)
    __rt_exit_ls                             0xa003f8d9   Thumb Code     0  rtexit2.o(.ARM.Collect$$rtexit$$00000003)
    __rt_exit_prels_1                        0xa003f8d9   Thumb Code     0  rtexit2.o(.ARM.Collect$$rtexit$$00000002)
    __rt_exit_exit                           0xa003f8dd   Thumb Code     0  rtexit2.o(.ARM.Collect$$rtexit$$00000004)
    FlashGoUserApp                           0xa003f8e5   Thumb Code    24  uartslave.o(.emb_text)
    SystemCoreClockUpdate                    0xa003f90d   Thumb Code     8  system_si6600.o(.text)
    SystemInit                               0xa003f915   Thumb Code     8  system_si6600.o(.text)
    Reset_Handler                            0xa003f925   Thumb Code     8  startup_si6600.o(.text)
    NMI_Handler                              0xa003f92d   Thumb Code     2  startup_si6600.o(.text)
    HardFault_Handler                        0xa003f92f   Thumb Code     2  startup_si6600.o(.text)
    SVC_Handler                              0xa003f931   Thumb Code     2  startup_si6600.o(.text)
    PendSV_Handler                           0xa003f933   Thumb Code     2  startup_si6600.o(.text)
    SysTick_Handler                          0xa003f935   Thumb Code     2  startup_si6600.o(.text)
    ADC_IRQHandler                           0xa003f937   Thumb Code     0  startup_si6600.o(.text)
    BASETIMER_IRQHandler                     0xa003f937   Thumb Code     0  startup_si6600.o(.text)
    DMAC_IRQHandler                          0xa003f937   Thumb Code     0  startup_si6600.o(.text)
    I2C1_IRQHandler                          0xa003f937   Thumb Code     0  startup_si6600.o(.text)
    I2C2_IRQHandler                          0xa003f937   Thumb Code     0  startup_si6600.o(.text)
    LCD_IRQHandler                           0xa003f937   Thumb Code     0  startup_si6600.o(.text)
    LVD_IRQHandler                           0xa003f937   Thumb Code     0  startup_si6600.o(.text)
    P0_IRQHandler                            0xa003f937   Thumb Code     0  startup_si6600.o(.text)
    P1P2_IRQHandler                          0xa003f937   Thumb Code     0  startup_si6600.o(.text)
    P3P4_IRQHandler                          0xa003f937   Thumb Code     0  startup_si6600.o(.text)
    P5P6_IRQHandler                          0xa003f937   Thumb Code     0  startup_si6600.o(.text)
    PCA12_IRQHandler                         0xa003f937   Thumb Code     0  startup_si6600.o(.text)
    PCA34_IRQHandler                         0xa003f937   Thumb Code     0  startup_si6600.o(.text)
    RAM_IRQHandler                           0xa003f937   Thumb Code     0  startup_si6600.o(.text)
    RTC_IRQHandler                           0xa003f937   Thumb Code     0  startup_si6600.o(.text)
    SCI7816_IRQHandler                       0xa003f937   Thumb Code     0  startup_si6600.o(.text)
    SPI1_IRQHandler                          0xa003f937   Thumb Code     0  startup_si6600.o(.text)
    SPI2_IRQHandler                          0xa003f937   Thumb Code     0  startup_si6600.o(.text)
    SPI3_IRQHandler                          0xa003f937   Thumb Code     0  startup_si6600.o(.text)
    SPI4_IRQHandler                          0xa003f937   Thumb Code     0  startup_si6600.o(.text)
    TIMER1_IRQHandler                        0xa003f937   Thumb Code     0  startup_si6600.o(.text)
    TIMER2_IRQHandler                        0xa003f937   Thumb Code     0  startup_si6600.o(.text)
    TIMER3_IRQHandler                        0xa003f937   Thumb Code     0  startup_si6600.o(.text)
    TIMER4_IRQHandler                        0xa003f937   Thumb Code     0  startup_si6600.o(.text)
    UART1_IRQHandler                         0xa003f937   Thumb Code     0  startup_si6600.o(.text)
    UART2_IRQHandler                         0xa003f937   Thumb Code     0  startup_si6600.o(.text)
    UART3_IRQHandler                         0xa003f937   Thumb Code     0  startup_si6600.o(.text)
    UART4_IRQHandler                         0xa003f937   Thumb Code     0  startup_si6600.o(.text)
    UART5_IRQHandler                         0xa003f937   Thumb Code     0  startup_si6600.o(.text)
    UART6_IRQHandler                         0xa003f937   Thumb Code     0  startup_si6600.o(.text)
    VC_IRQHandler                            0xa003f937   Thumb Code     0  startup_si6600.o(.text)
    WDT_IRQHandler                           0xa003f937   Thumb Code     0  startup_si6600.o(.text)
    __user_initial_stackheap                 0xa003f939   Thumb Code    10  startup_si6600.o(.text)
    delay                                    0xa003f959   Thumb Code     6  uart_demo2.o(.text)
    main                                     0xa003f95f   Thumb Code    24  uart_demo2.o(.text)
    UART1_port_init                          0xa003f97d   Thumb Code    38  uartslave.o(.text)
    UART_Init                                0xa003f9a3   Thumb Code    26  uartslave.o(.text)
    UART_x_Tx                                0xa003f9bd   Thumb Code    40  uartslave.o(.text)
    UART_x_Rx                                0xa003f9e5   Thumb Code    30  uartslave.o(.text)
    FlashRestoreLockBit                      0xa003fa03   Thumb Code    44  uartslave.o(.text)
    FlashClearLockBit                        0xa003fa2f   Thumb Code    30  uartslave.o(.text)
    FlashProgramme                           0xa003fa4d   Thumb Code    66  uartslave.o(.text)
    FlashMassErase                           0xa003fa8f   Thumb Code    28  uartslave.o(.text)
    FlashPWDPageEarse                        0xa003faab   Thumb Code    48  uartslave.o(.text)
    FlashRestore                             0xa003fadb   Thumb Code    18  uartslave.o(.text)
    WritePWD                                 0xa003faed   Thumb Code   120  uartslave.o(.text)
    AUTHPWD                                  0xa003fb65   Thumb Code   134  uartslave.o(.text)
    GetMAXAUTHTimes                          0xa003fbeb   Thumb Code    56  uartslave.o(.text)
    UartSlaveInit                            0xa003fc23   Thumb Code    10  uartslave.o(.text)
    UartSendACK                              0xa003fc2d   Thumb Code    12  uartslave.o(.text)
    UartSendNACK                             0xa003fc39   Thumb Code    12  uartslave.o(.text)
    UartCMDProc                              0xa003fc45   Thumb Code   460  uartslave.o(.text)
    UartSlaveProtocolProc                    0xa003fe11   Thumb Code    52  uartslave.o(.text)
    memcpy                                   0xa003fe4d   Thumb Code    20  sw_lib.o(.text)
    memset                                   0xa003fe61   Thumb Code    16  sw_lib.o(.text)
    memcmp                                   0xa003fe71   Thumb Code    38  sw_lib.o(.text)
    memcmpfixed                              0xa003fe97   Thumb Code    26  sw_lib.o(.text)
    checksum                                 0xa003feb1   Thumb Code    50  sw_lib.o(.text)
    __aeabi_uread4                           0xa003fee3   Thumb Code    34  uread4.o(.text)
    __rt_uread4                              0xa003fee3   Thumb Code     0  uread4.o(.text)
    __use_two_region_memory                  0xa003ff05   Thumb Code     2  heapauxi.o(.text)
    __rt_heap_escrow$2region                 0xa003ff07   Thumb Code     2  heapauxi.o(.text)
    __rt_heap_expand$2region                 0xa003ff09   Thumb Code     2  heapauxi.o(.text)
    __user_setup_stackheap                   0xa003ff0b   Thumb Code    62  sys_stackheap_outer.o(.text)
    exit                                     0xa003ff49   Thumb Code    12  exit.o(.text)
    __user_libspace                          0xa003ff55   Thumb Code     8  libspace.o(.text)
    __user_perproc_libspace                  0xa003ff55   Thumb Code     0  libspace.o(.text)
    __user_perthread_libspace                0xa003ff55   Thumb Code     0  libspace.o(.text)
    _sys_exit                                0xa003ff5d   Thumb Code     8  sys_exit.o(.text)
    __I$use$semihosting                      0xa003ff69   Thumb Code     0  use_no_semi.o(.text)
    __use_no_semihosting_swi                 0xa003ff69   Thumb Code     2  use_no_semi.o(.text)
    __semihosting_library_function           0xa003ff6b   Thumb Code     0  indicate_semi.o(.text)
    Region$$Table$$Base                      0xa003ff6c   Number         0  anon$$obj.o(Region$$Table)
    Region$$Table$$Limit                     0xa003ff8c   Number         0  anon$$obj.o(Region$$Table)



==============================================================================

Memory Map of the image

  Image Entry point : 0xa003f841

  Load Region LR_IROM1 (Base: 0xa003f800, Size: 0x00000794, Max: 0x00000800, ABSOLUTE)

    Execution Region RW_IRAM1 (Base: 0x20000000, Size: 0x00000c68, Max: 0x00020000, ABSOLUTE)

    Base Addr    Size         Type   Attr      Idx    E Section Name        Object

    0x20000000   0x00000004   Data   RW            4    .data               system_si6600.o
    0x20000004   0x00000002   Data   RW          113    .data               uartslave.o
    0x20000006   0x00000002   PAD
    0x20000008   0x00000800   Zero   RW          112    .bss                uartslave.o
    0x20000808   0x00000060   Zero   RW          199    .bss                c_p.l(libspace.o)
    0x20000868   0x00000000   Zero   RW           46    HEAP                startup_si6600.o
    0x20000868   0x00000400   Zero   RW           45    STACK               startup_si6600.o


    Execution Region ER_IROM1 (Base: 0xa003f800, Size: 0x0000078c, Max: 0x00000800, ABSOLUTE)

    Base Addr    Size         Type   Attr      Idx    E Section Name        Object

    0xa003f800   0x00000040   Data   RO           47    RESET               startup_si6600.o
    0xa003f840   0x00000008   Code   RO          169  * !!!main             c_p.l(__main.o)
    0xa003f848   0x0000003c   Code   RO          327    !!!scatter          c_p.l(__scatter.o)
    0xa003f884   0x0000001a   Code   RO          329    !!handler_copy      c_p.l(__scatter_copy.o)
    0xa003f89e   0x00000002   PAD
    0xa003f8a0   0x0000001c   Code   RO          331    !!handler_zi        c_p.l(__scatter_zi.o)
    0xa003f8bc   0x00000002   Code   RO          197    .ARM.Collect$$libinit$$00000000  c_p.l(libinit.o)
    0xa003f8be   0x00000000   Code   RO          205    .ARM.Collect$$libinit$$00000002  c_p.l(libinit2.o)
    0xa003f8be   0x00000000   Code   RO          207    .ARM.Collect$$libinit$$00000004  c_p.l(libinit2.o)
    0xa003f8be   0x00000000   Code   RO          210    .ARM.Collect$$libinit$$0000000A  c_p.l(libinit2.o)
    0xa003f8be   0x00000000   Code   RO          212    .ARM.Collect$$libinit$$0000000C  c_p.l(libinit2.o)
    0xa003f8be   0x00000000   Code   RO          214    .ARM.Collect$$libinit$$0000000E  c_p.l(libinit2.o)
    0xa003f8be   0x00000000   Code   RO          217    .ARM.Collect$$libinit$$00000011  c_p.l(libinit2.o)
    0xa003f8be   0x00000000   Code   RO          219    .ARM.Collect$$libinit$$00000013  c_p.l(libinit2.o)
    0xa003f8be   0x00000000   Code   RO          221    .ARM.Collect$$libinit$$00000015  c_p.l(libinit2.o)
    0xa003f8be   0x00000000   Code   RO          223    .ARM.Collect$$libinit$$00000017  c_p.l(libinit2.o)
    0xa003f8be   0x00000000   Code   RO          225    .ARM.Collect$$libinit$$00000019  c_p.l(libinit2.o)
    0xa003f8be   0x00000000   Code   RO          227    .ARM.Collect$$libinit$$0000001B  c_p.l(libinit2.o)
    0xa003f8be   0x00000000   Code   RO          229    .ARM.Collect$$libinit$$0000001D  c_p.l(libinit2.o)
    0xa003f8be   0x00000000   Code   RO          231    .ARM.Collect$$libinit$$0000001F  c_p.l(libinit2.o)
    0xa003f8be   0x00000000   Code   RO          233    .ARM.Collect$$libinit$$00000021  c_p.l(libinit2.o)
    0xa003f8be   0x00000000   Code   RO          235    .ARM.Collect$$libinit$$00000023  c_p.l(libinit2.o)
    0xa003f8be   0x00000000   Code   RO          237    .ARM.Collect$$libinit$$00000025  c_p.l(libinit2.o)
    0xa003f8be   0x00000000   Code   RO          241    .ARM.Collect$$libinit$$0000002C  c_p.l(libinit2.o)
    0xa003f8be   0x00000000   Code   RO          243    .ARM.Collect$$libinit$$0000002E  c_p.l(libinit2.o)
    0xa003f8be   0x00000000   Code   RO          245    .ARM.Collect$$libinit$$00000030  c_p.l(libinit2.o)
    0xa003f8be   0x00000000   Code   RO          247    .ARM.Collect$$libinit$$00000032  c_p.l(libinit2.o)
    0xa003f8be   0x00000002   Code   RO          248    .ARM.Collect$$libinit$$00000033  c_p.l(libinit2.o)
    0xa003f8c0   0x00000002   Code   RO          268    .ARM.Collect$$libshutdown$$00000000  c_p.l(libshutdown.o)
    0xa003f8c2   0x00000000   Code   RO          282    .ARM.Collect$$libshutdown$$00000003  c_p.l(libshutdown2.o)
    0xa003f8c2   0x00000000   Code   RO          285    .ARM.Collect$$libshutdown$$00000006  c_p.l(libshutdown2.o)
    0xa003f8c2   0x00000000   Code   RO          288    .ARM.Collect$$libshutdown$$00000009  c_p.l(libshutdown2.o)
    0xa003f8c2   0x00000000   Code   RO          290    .ARM.Collect$$libshutdown$$0000000B  c_p.l(libshutdown2.o)
    0xa003f8c2   0x00000000   Code   RO          293    .ARM.Collect$$libshutdown$$0000000E  c_p.l(libshutdown2.o)
    0xa003f8c2   0x00000002   Code   RO          294    .ARM.Collect$$libshutdown$$0000000F  c_p.l(libshutdown2.o)
    0xa003f8c4   0x00000000   Code   RO          171    .ARM.Collect$$rtentry$$00000000  c_p.l(__rtentry.o)
    0xa003f8c4   0x00000000   Code   RO          173    .ARM.Collect$$rtentry$$00000002  c_p.l(__rtentry2.o)
    0xa003f8c4   0x00000006   Code   RO          185    .ARM.Collect$$rtentry$$00000004  c_p.l(__rtentry4.o)
    0xa003f8ca   0x00000000   Code   RO          175    .ARM.Collect$$rtentry$$00000009  c_p.l(__rtentry2.o)
    0xa003f8ca   0x00000004   Code   RO          176    .ARM.Collect$$rtentry$$0000000A  c_p.l(__rtentry2.o)
    0xa003f8ce   0x00000000   Code   RO          178    .ARM.Collect$$rtentry$$0000000C  c_p.l(__rtentry2.o)
    0xa003f8ce   0x00000008   Code   RO          179    .ARM.Collect$$rtentry$$0000000D  c_p.l(__rtentry2.o)
    0xa003f8d6   0x00000002   Code   RO          202    .ARM.Collect$$rtexit$$00000000  c_p.l(rtexit.o)
    0xa003f8d8   0x00000000   Code   RO          250    .ARM.Collect$$rtexit$$00000002  c_p.l(rtexit2.o)
    0xa003f8d8   0x00000004   Code   RO          251    .ARM.Collect$$rtexit$$00000003  c_p.l(rtexit2.o)
    0xa003f8dc   0x00000006   Code   RO          252    .ARM.Collect$$rtexit$$00000004  c_p.l(rtexit2.o)
    0xa003f8e2   0x00000002   PAD
    0xa003f8e4   0x00000028   Code   RO          110    .emb_text           uartslave.o
    0xa003f90c   0x00000018   Code   RO            3    .text               system_si6600.o
    0xa003f924   0x00000034   Code   RO           48    .text               startup_si6600.o
    0xa003f958   0x00000024   Code   RO           87    .text               uart_demo2.o
    0xa003f97c   0x000004d0   Code   RO          111    .text               uartslave.o
    0xa003fe4c   0x00000096   Code   RO          145    .text               sw_lib.o
    0xa003fee2   0x00000022   Code   RO          165    .text               c_p.l(uread4.o)
    0xa003ff04   0x00000006   Code   RO          167    .text               c_p.l(heapauxi.o)
    0xa003ff0a   0x0000003e   Code   RO          187    .text               c_p.l(sys_stackheap_outer.o)
    0xa003ff48   0x0000000c   Code   RO          190    .text               c_p.l(exit.o)
    0xa003ff54   0x00000008   Code   RO          198    .text               c_p.l(libspace.o)
    0xa003ff5c   0x0000000c   Code   RO          260    .text               c_p.l(sys_exit.o)
    0xa003ff68   0x00000002   Code   RO          271    .text               c_p.l(use_no_semi.o)
    0xa003ff6a   0x00000000   Code   RO          273    .text               c_p.l(indicate_semi.o)
    0xa003ff6a   0x00000002   PAD
    0xa003ff6c   0x00000020   Data   RO          325    Region$$Table       anon$$obj.o


==============================================================================

Image component sizes


      Code (inc. data)   RO Data    RW Data    ZI Data      Debug   Object Name

        52         22         64          0       1024        644   startup_si6600.o
       150          0          0          0          0       1708   sw_lib.o
         0          0          0          0          0      22056   sysclk.o
        24          8          0          4          0       5257   system_si6600.o
        36          6          0          0          0        553   uart_demo2.o
      1272         60          0          2       2048       5595   uartslave.o

    ----------------------------------------------------------------------
      1534         96         96          8       3072      35813   Object Totals
         0          0         32          0          0          0   (incl. Generated)
         0          0          0          2          0          0   (incl. Padding)

    ----------------------------------------------------------------------

      Code (inc. data)   RO Data    RW Data    ZI Data      Debug   Library Member Name

         8          0          0          0          0         68   __main.o
         0          0          0          0          0          0   __rtentry.o
        12          0          0          0          0          0   __rtentry2.o
         6          0          0          0          0          0   __rtentry4.o
        60          8          0          0          0          0   __scatter.o
        26          0          0          0          0          0   __scatter_copy.o
        28          0          0          0          0          0   __scatter_zi.o
        12          0          0          0          0         64   exit.o
         6          0          0          0          0        136   heapauxi.o
         0          0          0          0          0          0   indicate_semi.o
         2          0          0          0          0          0   libinit.o
         2          0          0          0          0          0   libinit2.o
         2          0          0          0          0          0   libshutdown.o
         2          0          0          0          0          0   libshutdown2.o
         8          4          0          0         96         68   libspace.o
         2          0          0          0          0          0   rtexit.o
        10          0          0          0          0          0   rtexit2.o
        12          4          0          0          0         60   sys_exit.o
        62          0          0          0          0         80   sys_stackheap_outer.o
        34          0          0          0          0         60   uread4.o
         2          0          0          0          0         68   use_no_semi.o

    ----------------------------------------------------------------------
       302         16          0          0         96        604   Library Totals
         6          0          0          0          0          0   (incl. Padding)

    ----------------------------------------------------------------------

      Code (inc. data)   RO Data    RW Data    ZI Data      Debug   Library Name

       296         16          0          0         96        604   c_p.l

    ----------------------------------------------------------------------
       302         16          0          0         96        604   Library Totals

    ----------------------------------------------------------------------

==============================================================================


      Code (inc. data)   RO Data    RW Data    ZI Data      Debug   

      1836        112         96          8       3168      36009   Grand Totals
      1836        112         96          8       3168      36009   ELF Image Totals
      1836        112         96          8          0          0   ROM Totals

==============================================================================

    Total RO  Size (Code + RO Data)                 1932 (   1.89kB)
    Total RW  Size (RW Data + ZI Data)              3176 (   3.10kB)
    Total ROM Size (Code + RO Data + RW Data)       1940 (   1.89kB)

==============================================================================

