<html>
<body>
<pre>
<h1>µVision Build Log</h1>
<h2>Project:</h2>
D:\si\stm32 chid demo\MagicProgrammer\project\MagicProgrammer.uvproj
Project File Date:  12/30/2015

<h2>Output:</h2>
Build target 'MagicProgrammer'
compiling hw_config.c...
compiling main.c...
compiling stm32f10x_it.c...
compiling usb_desc.c...
compiling usb_endp.c...
compiling usb_istr.c...
compiling usb_prop.c...
compiling usb_pwr.c...
compiling usb_core.c...
compiling usb_init.c...
compiling usb_int.c...
compiling usb_mem.c...
compiling usb_regs.c...
assembling stm32f10x_vector.s...
linking...
Program Size: Code=7662 RO-data=506 RW-data=300 ZI-data=2428  
FromELF: creating hex file...
"MagicProgrammer.axf" - 0 Error(s), 0 Warning(s).
Load "D:\\si\\stm32 chid demo\\MagicProgrammer\\project\\MagicProgrammer.AXF" 
Set JLink Project File to "D:\si\stm32 chid demo\MagicProgrammer\project\JLinkSettings.ini"
 
JLink info:
------------
DLL: V4.15n, compiled Jun 18 2010 19:55:09
Firmware: J-Link ARM V8 compiled Nov 25 2013 19:20:08
Hardware: V8.00
S/N : 304439649 
Feature(s) : RDI,FlashDL,FlashBP,JFlash,GDBFULL 
 
* JLink Info: TotalIRLen = 9, IRPrint = 0x0011
* JLink Info: Found Cortex-M3 r1p1, Little endian.
* JLink Info: TPIU fitted.
* JLink Info: ETM fitted.
* JLink Info:   FPUnit: 6 code (BP) slots and 2 literal slots
ROMTableAddr = 0xE00FF003
 
Target info:
------------
Device: STM32F103ZE
VTarget = 3.313V
State of Pins: 
TCK: 1, TDI: 0, TDO: 1, TMS: 0, TRES: 1, TRST: 1
* JLink Info: TotalIRLen = 9, IRPrint = 0x0011
* JLink Info: Found Cortex-M3 r1p1, Little endian.
* JLink Info: TPIU fitted.
* JLink Info: ETM fitted.
* JLink Info:   FPUnit: 6 code (BP) slots and 2 literal slots
Hardware-Breakpoints: 6
Software-Breakpoints: 2048
Watchpoints:          4
JTAG speed: 2000 kHz
 
No Algorithm found for: 08000000H - 08002063H
Erase skipped!
Clean started: Project: 'MagicProgrammer'
   deleting intermediate output files for target 'MagicProgrammer'
Build target 'MagicProgrammer'
compiling hw_config.c...
compiling main.c...
compiling stm32f10x_it.c...
compiling usb_desc.c...
compiling usb_endp.c...
compiling usb_istr.c...
compiling usb_prop.c...
compiling usb_pwr.c...
compiling usb_core.c...
compiling usb_init.c...
compiling usb_int.c...
compiling usb_mem.c...
compiling usb_regs.c...
assembling stm32f10x_vector.s...
linking...
Program Size: Code=7662 RO-data=506 RW-data=300 ZI-data=2428  
FromELF: creating hex file...
".\Obj\MagicProgrammer.axf" - 0 Error(s), 0 Warning(s).
Load "D:\\si\\stm32 chid demo\\MagicProgrammer\\project\\Obj\\MagicProgrammer.AXF" 
Set JLink Project File to "D:\si\stm32 chid demo\MagicProgrammer\project\JLinkSettings.ini"
 
JLink info:
------------
DLL: V4.15n, compiled Jun 18 2010 19:55:09
Firmware: J-Link ARM V8 compiled Nov 25 2013 19:20:08
Hardware: V8.00
S/N : 304439649 
Feature(s) : RDI,FlashDL,FlashBP,JFlash,GDBFULL 
 
* JLink Info: TotalIRLen = 9, IRPrint = 0x0011
* JLink Info: Found Cortex-M3 r1p1, Little endian.
* JLink Info: TPIU fitted.
* JLink Info: ETM fitted.
* JLink Info:   FPUnit: 6 code (BP) slots and 2 literal slots
ROMTableAddr = 0xE00FF003
 
Target info:
------------
Device: STM32F103ZE
VTarget = 3.319V
State of Pins: 
TCK: 1, TDI: 0, TDO: 1, TMS: 0, TRES: 1, TRST: 1
* JLink Info: TotalIRLen = 9, IRPrint = 0x0011
* JLink Info: Found Cortex-M3 r1p1, Little endian.
* JLink Info: TPIU fitted.
* JLink Info: ETM fitted.
* JLink Info:   FPUnit: 6 code (BP) slots and 2 literal slots
Hardware-Breakpoints: 6
Software-Breakpoints: 2048
Watchpoints:          4
JTAG speed: 2000 kHz
 
No Algorithm found for: 08000000H - 08002063H
Erase skipped!
Load "D:\\si\\stm32 chid demo\\MagicProgrammer\\project\\Obj\\MagicProgrammer.AXF" 
USB Communication Failure
Load "D:\\si\\stm32 chid demo\\MagicProgrammer\\project\\Obj\\MagicProgrammer.AXF" 
USB Communication Failure
Build target 'MagicProgrammer'
linking...
Program Size: Code=7662 RO-data=506 RW-data=300 ZI-data=2428  
FromELF: creating hex file...
".\Obj\MagicProgrammer.axf" - 0 Error(s), 0 Warning(s).
Load "D:\\si\\stm32 chid demo\\MagicProgrammer\\project\\Obj\\MagicProgrammer.AXF" 
Set JLink Project File to "D:\si\stm32 chid demo\MagicProgrammer\project\JLinkSettings.ini"
 
JLink info:
------------
DLL: V4.15n, compiled Jun 18 2010 19:55:09
Firmware: J-Link ARM V8 compiled Nov 25 2013 19:20:08
Hardware: V8.00
S/N : 304439649 
Feature(s) : RDI,FlashDL,FlashBP,JFlash,GDBFULL 
 
* JLink Info: TotalIRLen = 9, IRPrint = 0x0011
* JLink Info: Found Cortex-M3 r1p1, Little endian.
* JLink Info: TPIU fitted.
* JLink Info: ETM fitted.
* JLink Info:   FPUnit: 6 code (BP) slots and 2 literal slots
ROMTableAddr = 0xE00FF003
 
Target info:
------------
Device: STM32F103ZE
VTarget = 3.313V
State of Pins: 
TCK: 1, TDI: 0, TDO: 1, TMS: 0, TRES: 1, TRST: 1
* JLink Info: TotalIRLen = 9, IRPrint = 0x0011
* JLink Info: Found Cortex-M3 r1p1, Little endian.
* JLink Info: TPIU fitted.
* JLink Info: ETM fitted.
* JLink Info:   FPUnit: 6 code (BP) slots and 2 literal slots
Hardware-Breakpoints: 6
Software-Breakpoints: 2048
Watchpoints:          4
JTAG speed: 2000 kHz
 
Erase Done.
Programming Done.
Verify OK.
