ARM Linker, 4.1 [Build 481] [Evaluation]

==============================================================================

Section Cross References

    hw_config.o(i.ClearKeyDown) refers to hw_config.o(.data) for .data
    hw_config.o(i.ComDogFeed) refers to hw_config.o(.data) for .data
    hw_config.o(i.DelayMs) refers to hw_config.o(.data) for .data
    hw_config.o(i.EXTI_Configuration) refers to stm32f10x_rcc.o(i.RCC_APB2PeriphClockCmd) for RCC_APB2PeriphClockCmd
    hw_config.o(i.EXTI_Configuration) refers to stm32f10x_gpio.o(i.GPIO_EXTILineConfig) for GPIO_EXTILineConfig
    hw_config.o(i.EXTI_Configuration) refers to stm32f10x_exti.o(i.EXTI_Init) for EXTI_Init
    hw_config.o(i.EXTI_Configuration) refers to stm32f10x_exti.o(i.EXTI_ClearITPendingBit) for EXTI_ClearITPendingBit
    hw_config.o(i.Enter_LowPowerMode) refers to usb_pwr.o(.data) for bDeviceState
    hw_config.o(i.FLASH_Earse) refers to stm32f10x_flash.o(i.FLASH_Unlock) for FLASH_Unlock
    hw_config.o(i.FLASH_Earse) refers to stm32f10x_flash.o(i.FLASH_ClearFlag) for FLASH_ClearFlag
    hw_config.o(i.FLASH_Earse) refers to stm32f10x_flash.o(i.FLASH_ErasePage) for FLASH_ErasePage
    hw_config.o(i.FLASH_Program) refers to stm32f10x_flash.o(i.FLASH_Unlock) for FLASH_Unlock
    hw_config.o(i.FLASH_Program) refers to stm32f10x_flash.o(i.FLASH_ClearFlag) for FLASH_ClearFlag
    hw_config.o(i.FLASH_Program) refers to stm32f10x_flash.o(i.FLASH_ProgramWord) for FLASH_ProgramWord
    hw_config.o(i.GPIO_Configuration) refers to stm32f10x_rcc.o(i.RCC_APB2PeriphClockCmd) for RCC_APB2PeriphClockCmd
    hw_config.o(i.GPIO_Configuration) refers to stm32f10x_gpio.o(i.GPIO_Init) for GPIO_Init
    hw_config.o(i.GPIO_Configuration) refers to hw_config.o(.data) for .data
    hw_config.o(i.GetComDogDead) refers to hw_config.o(.data) for .data
    hw_config.o(i.GetKeyDown) refers to hw_config.o(.data) for .data
    hw_config.o(i.GetSysTick) refers to hw_config.o(.data) for .data
    hw_config.o(i.Get_SerialNum) refers to usb_desc.o(.data) for CustomHID_StringSerial
    hw_config.o(i.HappyLight) refers to stm32f10x_gpio.o(i.GPIO_WriteBit) for GPIO_WriteBit
    hw_config.o(i.HappyLight) refers to hw_config.o(.data) for .data
    hw_config.o(i.KEY_INT) refers to stm32f10x_exti.o(i.EXTI_ClearITPendingBit) for EXTI_ClearITPendingBit
    hw_config.o(i.KEY_INT) refers to hw_config.o(.data) for .data
    hw_config.o(i.Key_Confirm) refers to stm32f10x_gpio.o(i.GPIO_ReadInputDataBit) for GPIO_ReadInputDataBit
    hw_config.o(i.Key_Confirm) refers to hw_config.o(.data) for .data
    hw_config.o(i.Leave_LowPowerMode) refers to usb_init.o(.bss) for Device_Info
    hw_config.o(i.Leave_LowPowerMode) refers to usb_pwr.o(.data) for bDeviceState
    hw_config.o(i.STC_IO_Config_Unused) refers to stm32f10x_gpio.o(i.GPIO_Init) for GPIO_Init
    hw_config.o(i.STC_IO_Config_Unused) refers to hw_config.o(.data) for .data
    hw_config.o(i.STC_IO_Config_Used_for_STC) refers to stm32f10x_gpio.o(i.GPIO_Init) for GPIO_Init
    hw_config.o(i.STC_IO_Config_Used_for_SWD) refers to stm32f10x_gpio.o(i.GPIO_Init) for GPIO_Init
    hw_config.o(i.SYSTICK_Configuration) refers to stm32f10x_systick.o(i.SysTick_SetReload) for SysTick_SetReload
    hw_config.o(i.SYSTICK_Configuration) refers to stm32f10x_systick.o(i.SysTick_ITConfig) for SysTick_ITConfig
    hw_config.o(i.SYSTICK_Configuration) refers to stm32f10x_systick.o(i.SysTick_CounterCmd) for SysTick_CounterCmd
    hw_config.o(i.SYSTICK_Configuration) refers to hw_config.o(.data) for .data
    hw_config.o(i.SetHappyLight) refers to stm32f10x_gpio.o(i.GPIO_ResetBits) for GPIO_ResetBits
    hw_config.o(i.SetHappyLight) refers to stm32f10x_gpio.o(i.GPIO_SetBits) for GPIO_SetBits
    hw_config.o(i.SetHappyLight) refers to hw_config.o(.data) for .data
    hw_config.o(i.Set_System) refers to stm32f10x_rcc.o(i.RCC_DeInit) for RCC_DeInit
    hw_config.o(i.Set_System) refers to stm32f10x_rcc.o(i.RCC_HSEConfig) for RCC_HSEConfig
    hw_config.o(i.Set_System) refers to stm32f10x_rcc.o(i.RCC_WaitForHSEStartUp) for RCC_WaitForHSEStartUp
    hw_config.o(i.Set_System) refers to stm32f10x_flash.o(i.FLASH_PrefetchBufferCmd) for FLASH_PrefetchBufferCmd
    hw_config.o(i.Set_System) refers to stm32f10x_flash.o(i.FLASH_SetLatency) for FLASH_SetLatency
    hw_config.o(i.Set_System) refers to stm32f10x_rcc.o(i.RCC_HCLKConfig) for RCC_HCLKConfig
    hw_config.o(i.Set_System) refers to stm32f10x_rcc.o(i.RCC_PCLK2Config) for RCC_PCLK2Config
    hw_config.o(i.Set_System) refers to stm32f10x_rcc.o(i.RCC_PCLK1Config) for RCC_PCLK1Config
    hw_config.o(i.Set_System) refers to stm32f10x_rcc.o(i.RCC_PLLConfig) for RCC_PLLConfig
    hw_config.o(i.Set_System) refers to stm32f10x_rcc.o(i.RCC_PLLCmd) for RCC_PLLCmd
    hw_config.o(i.Set_System) refers to stm32f10x_rcc.o(i.RCC_GetFlagStatus) for RCC_GetFlagStatus
    hw_config.o(i.Set_System) refers to stm32f10x_rcc.o(i.RCC_SYSCLKConfig) for RCC_SYSCLKConfig
[...]
    __rt_lib_init_getenv_1                   0x080001eb   Thumb Code     0  libinit2.o(.ARM.Collect$$libinit$$0000001F)
    __rt_lib_init_heap_1                     0x080001eb   Thumb Code     0  libinit2.o(.ARM.Collect$$libinit$$00000006)
    __rt_lib_init_lc_collate_1               0x080001eb   Thumb Code     0  libinit2.o(.ARM.Collect$$libinit$$0000000D)
    __rt_lib_init_lc_ctype_1                 0x080001eb   Thumb Code     0  libinit2.o(.ARM.Collect$$libinit$$0000000F)
    __rt_lib_init_lc_monetary_1              0x080001eb   Thumb Code     0  libinit2.o(.ARM.Collect$$libinit$$00000011)
    __rt_lib_init_lc_numeric_1               0x080001eb   Thumb Code     0  libinit2.o(.ARM.Collect$$libinit$$00000013)
    __rt_lib_init_lc_time_1                  0x080001eb   Thumb Code     0  libinit2.o(.ARM.Collect$$libinit$$00000015)
    __rt_lib_init_rand_1                     0x080001eb   Thumb Code     0  libinit2.o(.ARM.Collect$$libinit$$0000000A)
    __rt_lib_init_return                     0x080001eb   Thumb Code     0  libinit2.o(.ARM.Collect$$libinit$$0000002F)
    __rt_lib_init_signal_1                   0x080001eb   Thumb Code     0  libinit2.o(.ARM.Collect$$libinit$$00000019)
    __rt_lib_init_stdio_1                    0x080001eb   Thumb Code     0  libinit2.o(.ARM.Collect$$libinit$$00000021)
    __rt_lib_init_user_alloc_1               0x080001eb   Thumb Code     0  libinit2.o(.ARM.Collect$$libinit$$00000008)
    __rt_lib_shutdown                        0x080001ed   Thumb Code     0  libshutdown.o(.ARM.Collect$$libshutdown$$00000000)
    __rt_lib_shutdown_fp_trap_1              0x080001ef   Thumb Code     0  libshutdown2.o(.ARM.Collect$$libshutdown$$00000006)
    __rt_lib_shutdown_heap_1                 0x080001ef   Thumb Code     0  libshutdown2.o(.ARM.Collect$$libshutdown$$0000000E)
    __rt_lib_shutdown_return                 0x080001ef   Thumb Code     0  libshutdown2.o(.ARM.Collect$$libshutdown$$0000000F)
    __rt_lib_shutdown_signal_1               0x080001ef   Thumb Code     0  libshutdown2.o(.ARM.Collect$$libshutdown$$00000009)
    __rt_lib_shutdown_stdio_1                0x080001ef   Thumb Code     0  libshutdown2.o(.ARM.Collect$$libshutdown$$00000003)
    __rt_lib_shutdown_user_alloc_1           0x080001ef   Thumb Code     0  libshutdown2.o(.ARM.Collect$$libshutdown$$0000000B)
    __rt_entry                               0x080001f1   Thumb Code     0  rtentry.o(.ARM.Collect$$rtentry$$00000000)
    __rt_entry_presh_1                       0x080001f1   Thumb Code     0  rtentry2.o(.ARM.Collect$$rtentry$$00000002)
    __rt_entry_sh                            0x080001f1   Thumb Code     0  rtentry4.o(.ARM.Collect$$rtentry$$00000004)
    __rt_entry_li                            0x080001f7   Thumb Code     0  rtentry2.o(.ARM.Collect$$rtentry$$0000000A)
    __rt_entry_postsh_1                      0x080001f7   Thumb Code     0  rtentry2.o(.ARM.Collect$$rtentry$$00000009)
    __rt_entry_main                          0x080001fb   Thumb Code     0  rtentry2.o(.ARM.Collect$$rtentry$$0000000D)
    __rt_entry_postli_1                      0x080001fb   Thumb Code     0  rtentry2.o(.ARM.Collect$$rtentry$$0000000C)
    __rt_exit                                0x08000203   Thumb Code     0  rtexit.o(.ARM.Collect$$rtexit$$00000000)
    __rt_exit_ls                             0x08000205   Thumb Code     0  rtexit2.o(.ARM.Collect$$rtexit$$00000003)
    __rt_exit_prels_1                        0x08000205   Thumb Code     0  rtexit2.o(.ARM.Collect$$rtexit$$00000002)
    __rt_exit_exit                           0x08000209   Thumb Code     0  rtexit2.o(.ARM.Collect$$rtexit$$00000004)
    MSR_MSP                                  0x08000211   Thumb Code     6  blslave.o(.emb_text)
    Reset_Handler                            0x08000219   Thumb Code     4  stm32f10x_vector.o(.text)
    __user_initial_stackheap                 0x0800021d   Thumb Code     0  stm32f10x_vector.o(.text)
    __WFI                                    0x0800023d   Thumb Code     0  cortexm3_macro.o(.text)
    __WFE                                    0x08000241   Thumb Code     0  cortexm3_macro.o(.text)
    __SEV                                    0x08000245   Thumb Code     0  cortexm3_macro.o(.text)
    __ISB                                    0x08000249   Thumb Code     0  cortexm3_macro.o(.text)
    __DSB                                    0x0800024f   Thumb Code     0  cortexm3_macro.o(.text)
    __DMB                                    0x08000255   Thumb Code     0  cortexm3_macro.o(.text)
    __SVC                                    0x0800025b   Thumb Code     0  cortexm3_macro.o(.text)
    __MRS_CONTROL                            0x0800025f   Thumb Code     0  cortexm3_macro.o(.text)
    __MSR_CONTROL                            0x08000265   Thumb Code     0  cortexm3_macro.o(.text)
    __MRS_PSP                                0x0800026f   Thumb Code     0  cortexm3_macro.o(.text)
    __MSR_PSP                                0x08000275   Thumb Code     0  cortexm3_macro.o(.text)
    __MRS_MSP                                0x0800027b   Thumb Code     0  cortexm3_macro.o(.text)
    __MSR_MSP                                0x08000281   Thumb Code     0  cortexm3_macro.o(.text)
    __RESETPRIMASK                           0x08000287   Thumb Code     0  cortexm3_macro.o(.text)
    __SETPRIMASK                             0x0800028b   Thumb Code     0  cortexm3_macro.o(.text)
    __READ_PRIMASK                           0x0800028f   Thumb Code     0  cortexm3_macro.o(.text)
    __SETFAULTMASK                           0x08000295   Thumb Code     0  cortexm3_macro.o(.text)
    __RESETFAULTMASK                         0x08000299   Thumb Code     0  cortexm3_macro.o(.text)
    __READ_FAULTMASK                         0x0800029d   Thumb Code     0  cortexm3_macro.o(.text)
    __BASEPRICONFIG                          0x080002a3   Thumb Code     0  cortexm3_macro.o(.text)
    __GetBASEPRI                             0x080002a9   Thumb Code     0  cortexm3_macro.o(.text)
    __REV_HalfWord                           0x080002af   Thumb Code     0  cortexm3_macro.o(.text)
    __REV_Word                               0x080002b3   Thumb Code     0  cortexm3_macro.o(.text)
    __aeabi_memset                           0x080002b7   Thumb Code    16  aeabi_memset.o(.text)
    __aeabi_memclr4                          0x080002c7   Thumb Code     0  rt_memclr_w.o(.text)
    __aeabi_memclr8                          0x080002c7   Thumb Code     0  rt_memclr_w.o(.text)
    __rt_memclr_w                            0x080002c7   Thumb Code    78  rt_memclr_w.o(.text)
    _memset_w                                0x080002cb   Thumb Code     0  rt_memclr_w.o(.text)
    __use_two_region_memory                  0x08000315   Thumb Code     2  heapauxi.o(.text)
    __rt_heap_escrow$2region                 0x08000317   Thumb Code     2  heapauxi.o(.text)
    __rt_heap_expand$2region                 0x08000319   Thumb Code     2  heapauxi.o(.text)
    __aeabi_memclr                           0x0800031b   Thumb Code     0  rt_memclr.o(.text)
    __rt_memclr                              0x0800031b   Thumb Code    68  rt_memclr.o(.text)
    _memset                                  0x0800031f   Thumb Code     0  rt_memclr.o(.text)
    __user_setup_stackheap                   0x0800035f   Thumb Code    74  sys_stackheap_outer.o(.text)
    exit                                     0x080003a9   Thumb Code    12  exit.o(.text)
    __user_libspace                          0x080003b5   Thumb Code     8  libspace.o(.text)
    __user_perproc_libspace                  0x080003b5   Thumb Code     0  libspace.o(.text)
    __user_perthread_libspace                0x080003b5   Thumb Code     0  libspace.o(.text)
    __rt_fp_status_addr                      0x080003bd   Thumb Code    12  rt_fp_status_addr_intlibspace.o(.text)
    _sys_exit                                0x080003c9   Thumb Code     8  sys_exit.o(.text)
    __I$use$semihosting                      0x080003d5   Thumb Code     0  use_no_semi.o(.text)
    __use_no_semihosting_swi                 0x080003d5   Thumb Code     2  use_no_semi.o(.text)
    ADC1_2_IRQHandler                        0x080003d7   Thumb Code     2  stm32f10x_it.o(i.ADC1_2_IRQHandler)
    ADC3_IRQHandler                          0x080003d9   Thumb Code     2  stm32f10x_it.o(i.ADC3_IRQHandler)
    ADC_SoftwareStartConvCmd                 0x080003db   Thumb Code    20  stm32f10x_adc.o(i.ADC_SoftwareStartConvCmd)
    AuthPwd                                  0x080003f1   Thumb Code   224  offlinedownloadctrl.o(i.AuthPwd)
    BusFaultException                        0x080004f1   Thumb Code     2  stm32f10x_it.o(i.BusFaultException)
    BusFault_Handler                         0x080004f1   Thumb Code     0  stm32f10x_it.o(i.BusFaultException)
    ByteSwap                                 0x080004f3   Thumb Code    10  usb_regs.o(i.ByteSwap)
    CAN_RX1_IRQHandler                       0x080004fd   Thumb Code     2  stm32f10x_it.o(i.CAN_RX1_IRQHandler)
    CAN_SCE_IRQHandler                       0x080004ff   Thumb Code     2  stm32f10x_it.o(i.CAN_SCE_IRQHandler)
    CTR_LP                                   0x08000501   Thumb Code   654  usb_int.o(i.CTR_LP)
    ClearDTOG_RX                             0x080007a9   Thumb Code    42  usb_regs.o(i.ClearDTOG_RX)
    ClearDTOG_TX                             0x080007d9   Thumb Code    42  usb_regs.o(i.ClearDTOG_TX)
    ClearKeyDown                             0x08000809   Thumb Code    10  hw_config.o(i.ClearKeyDown)
    Clear_Status_Out                         0x08000819   Thumb Code    26  usb_regs.o(i.Clear_Status_Out)
    ComDogFeed                               0x08000839   Thumb Code     8  hw_config.o(i.ComDogFeed)
    CustomHID_Data_Setup                     0x08000845   Thumb Code    72  usb_prop.o(i.CustomHID_Data_Setup)
    CustomHID_GetConfigDescriptor            0x0800089d   Thumb Code     6  usb_prop.o(i.CustomHID_GetConfigDescriptor)
    CustomHID_GetDeviceDescriptor            0x080008a9   Thumb Code     6  usb_prop.o(i.CustomHID_GetDeviceDescriptor)
    CustomHID_GetHIDDescriptor               0x080008b5   Thumb Code     6  usb_prop.o(i.CustomHID_GetHIDDescriptor)
    CustomHID_GetProtocolValue               0x080008c1   Thumb Code    20  usb_prop.o(i.CustomHID_GetProtocolValue)
    CustomHID_GetReportDescriptor            0x080008dd   Thumb Code     6  usb_prop.o(i.CustomHID_GetReportDescriptor)
    CustomHID_GetStringDescriptor            0x080008e9   Thumb Code    24  usb_prop.o(i.CustomHID_GetStringDescriptor)
    CustomHID_Get_Interface_Setting          0x08000909   Thumb Code    10  usb_prop.o(i.CustomHID_Get_Interface_Setting)
    CustomHID_NoData_Setup                   0x08000915   Thumb Code    30  usb_prop.o(i.CustomHID_NoData_Setup)
    CustomHID_Reset                          0x0800093d   Thumb Code   162  usb_prop.o(i.CustomHID_Reset)
    CustomHID_SetConfiguration               0x080009f1   Thumb Code    26  usb_prop.o(i.CustomHID_SetConfiguration)
    CustomHID_SetDeviceAddress               0x08000a19   Thumb Code     8  usb_prop.o(i.CustomHID_SetDeviceAddress)
    CustomHID_Status_In                      0x08000a25   Thumb Code     2  usb_prop.o(i.CustomHID_Status_In)
    CustomHID_Status_Out                     0x08000a27   Thumb Code     2  usb_prop.o(i.CustomHID_Status_Out)
    CustomHID_init                           0x08000a29   Thumb Code    38  usb_prop.o(i.CustomHID_init)
    DAP_Setup                                0x08000a61   Thumb Code    18  dap.o(i.DAP_Setup)
    DMA1_Channel1_IRQHandler                 0x08000a79   Thumb Code     2  stm32f10x_it.o(i.DMA1_Channel1_IRQHandler)
    DMA1_Channel2_IRQHandler                 0x08000a7b   Thumb Code     2  stm32f10x_it.o(i.DMA1_Channel2_IRQHandler)
    DMA1_Channel3_IRQHandler                 0x08000a7d   Thumb Code     2  stm32f10x_it.o(i.DMA1_Channel3_IRQHandler)
    DMA1_Channel4_IRQHandler                 0x08000a7f   Thumb Code     2  stm32f10x_it.o(i.DMA1_Channel4_IRQHandler)
    DMA1_Channel5_IRQHandler                 0x08000a81   Thumb Code     2  stm32f10x_it.o(i.DMA1_Channel5_IRQHandler)
    DMA1_Channel6_IRQHandler                 0x08000a83   Thumb Code     2  stm32f10x_it.o(i.DMA1_Channel6_IRQHandler)
    DMA1_Channel7_IRQHandler                 0x08000a85   Thumb Code     2  stm32f10x_it.o(i.DMA1_Channel7_IRQHandler)
    DMA2_Channel1_IRQHandler                 0x08000a87   Thumb Code     2  stm32f10x_it.o(i.DMA2_Channel1_IRQHandler)
    DMA2_Channel2_IRQHandler                 0x08000a89   Thumb Code     2  stm32f10x_it.o(i.DMA2_Channel2_IRQHandler)
    DMA2_Channel3_IRQHandler                 0x08000a8b   Thumb Code     2  stm32f10x_it.o(i.DMA2_Channel3_IRQHandler)
    DMA2_Channel4_5_IRQHandler               0x08000a8d   Thumb Code     2  stm32f10x_it.o(i.DMA2_Channel4_5_IRQHandler)
    DebugMon_Handler                         0x08000b49   Thumb Code     0  stm32f10x_it.o(i.DebugMonitor)
    DebugMonitor                             0x08000b49   Thumb Code     2  stm32f10x_it.o(i.DebugMonitor)
    DelayMs                                  0x08000b4d   Thumb Code    14  hw_config.o(i.DelayMs)
    EP1_OUT_Callback                         0x08000b61   Thumb Code     4  usb_endp.o(i.EP1_OUT_Callback)
    EXTI0_IRQHandler                         0x08000b65   Thumb Code     2  stm32f10x_it.o(i.EXTI0_IRQHandler)
    EXTI15_10_IRQHandler                     0x08000b67   Thumb Code     2  stm32f10x_it.o(i.EXTI15_10_IRQHandler)
    EXTI1_IRQHandler                         0x08000b69   Thumb Code     2  stm32f10x_it.o(i.EXTI1_IRQHandler)
    EXTI2_IRQHandler                         0x08000b6b   Thumb Code     2  stm32f10x_it.o(i.EXTI2_IRQHandler)
    EXTI3_IRQHandler                         0x08000b6d   Thumb Code     2  stm32f10x_it.o(i.EXTI3_IRQHandler)
    EXTI4_IRQHandler                         0x08000b6f   Thumb Code     4  stm32f10x_it.o(i.EXTI4_IRQHandler)
    EXTI9_5_IRQHandler                       0x08000b73   Thumb Code     2  stm32f10x_it.o(i.EXTI9_5_IRQHandler)
    EXTI_ClearITPendingBit                   0x08000b75   Thumb Code     6  stm32f10x_exti.o(i.EXTI_ClearITPendingBit)
    EXTI_Init                                0x08000b81   Thumb Code   134  stm32f10x_exti.o(i.EXTI_Init)
    EarseAndResetAll                         0x08000c0d   Thumb Code   118  offlinedownloadctrl.o(i.EarseAndResetAll)
    Enter_LowPowerMode                       0x08000ca1   Thumb Code     8  hw_config.o(i.Enter_LowPowerMode)
    FLASH_ClearFlag                          0x08000cad   Thumb Code     6  stm32f10x_flash.o(i.FLASH_ClearFlag)
    FLASH_Earse                              0x08000cb9   Thumb Code    54  hw_config.o(i.FLASH_Earse)
    FLASH_ErasePage                          0x08000cf1   Thumb Code    60  stm32f10x_flash.o(i.FLASH_ErasePage)
    FLASH_GetStatus                          0x08000d31   Thumb Code    34  stm32f10x_flash.o(i.FLASH_GetStatus)
    FLASH_IRQHandler                         0x08000d59   Thumb Code     2  stm32f10x_it.o(i.FLASH_IRQHandler)
    FLASH_PrefetchBufferCmd                  0x08000d5d   Thumb Code    18  stm32f10x_flash.o(i.FLASH_PrefetchBufferCmd)
    FLASH_Program                            0x08000d75   Thumb Code    62  hw_config.o(i.FLASH_Program)
    FLASH_ProgramWord                        0x08000db5   Thumb Code    64  stm32f10x_flash.o(i.FLASH_ProgramWord)
    FLASH_SetLatency                         0x08000df9   Thumb Code    18  stm32f10x_flash.o(i.FLASH_SetLatency)
    FLASH_Unlock                             0x08000e11   Thumb Code    12  stm32f10x_flash.o(i.FLASH_Unlock)
    FLASH_WaitForLastOperation               0x08000e29   Thumb Code    40  stm32f10x_flash.o(i.FLASH_WaitForLastOperation)
    FSMC_IRQHandler                          0x08000e51   Thumb Code     2  stm32f10x_it.o(i.FSMC_IRQHandler)
    GPIO_Configuration                       0x08000e55   Thumb Code   320  hw_config.o(i.GPIO_Configuration)
    GPIO_EXTILineConfig                      0x08000fa5   Thumb Code    34  stm32f10x_gpio.o(i.GPIO_EXTILineConfig)
    GPIO_Init                                0x08000fcd   Thumb Code   160  stm32f10x_gpio.o(i.GPIO_Init)
    GPIO_ReadInputDataBit                    0x0800106d   Thumb Code    14  stm32f10x_gpio.o(i.GPIO_ReadInputDataBit)
    GPIO_ResetBits                           0x0800107b   Thumb Code     4  stm32f10x_gpio.o(i.GPIO_ResetBits)
    GPIO_SetBits                             0x0800107f   Thumb Code     4  stm32f10x_gpio.o(i.GPIO_SetBits)
    GPIO_WriteBit                            0x08001083   Thumb Code    10  stm32f10x_gpio.o(i.GPIO_WriteBit)
    GetComDogDead                            0x0800108d   Thumb Code    18  hw_config.o(i.GetComDogDead)
    GetEPRxAddr                              0x080010a5   Thumb Code    22  usb_regs.o(i.GetEPRxAddr)
    GetEPTxAddr                              0x080010c5   Thumb Code    20  usb_regs.o(i.GetEPTxAddr)
    GetEPTxStatus                            0x080010e1   Thumb Code    18  usb_regs.o(i.GetEPTxStatus)
    GetKeyDown                               0x080010f9   Thumb Code     6  hw_config.o(i.GetKeyDown)
    GetMCUCFG                                0x08001105   Thumb Code     4  offlinedownloadctrl.o(i.GetMCUCFG)
    GetMaxAuthNum                            0x0800110d   Thumb Code     8  offlinedownloadctrl.o(i.GetMaxAuthNum)
    GetPwdAuthed                             0x08001119   Thumb Code     6  offlinedownloadctrl.o(i.GetPwdAuthed)
    GetPwdValidation                         0x08001125   Thumb Code    16  offlinedownloadctrl.o(i.GetPwdValidation)
    Get_SerialNum                            0x08001139   Thumb Code    82  hw_config.o(i.Get_SerialNum)
    HardFaultException                       0x08001195   Thumb Code     2  stm32f10x_it.o(i.HardFaultException)
    HardFault_Handler                        0x08001195   Thumb Code     0  stm32f10x_it.o(i.HardFaultException)
    I2C1_ER_IRQHandler                       0x08001197   Thumb Code     2  stm32f10x_it.o(i.I2C1_ER_IRQHandler)
    I2C1_EV_IRQHandler                       0x08001199   Thumb Code     2  stm32f10x_it.o(i.I2C1_EV_IRQHandler)
    I2C2_ER_IRQHandler                       0x0800119b   Thumb Code     2  stm32f10x_it.o(i.I2C2_ER_IRQHandler)
    I2C2_EV_IRQHandler                       0x0800119d   Thumb Code     2  stm32f10x_it.o(i.I2C2_EV_IRQHandler)
    In0_Process                              0x080011a1   Thumb Code   248  usb_core.o(i.In0_Process)
    KEY_INT                                  0x08001321   Thumb Code    16  hw_config.o(i.KEY_INT)
    Key_Confirm                              0x08001335   Thumb Code    50  hw_config.o(i.Key_Confirm)
    Leave_LowPowerMode                       0x08001371   Thumb Code    18  hw_config.o(i.Leave_LowPowerMode)
    MemManageException                       0x0800138d   Thumb Code     2  stm32f10x_it.o(i.MemManageException)
    MemManage_Handler                        0x0800138d   Thumb Code     0  stm32f10x_it.o(i.MemManageException)
    NMIException                             0x0800138f   Thumb Code     2  stm32f10x_it.o(i.NMIException)
    NMI_Handler                              0x0800138f   Thumb Code     0  stm32f10x_it.o(i.NMIException)
    NOP_Process                              0x08001391   Thumb Code     2  usb_core.o(i.NOP_Process)
    NVIC_Init                                0x08001393   Thumb Code   116  stm32f10x_nvic.o(i.NVIC_Init)
    NVIC_SETFAULTMASK                        0x08001407   Thumb Code     4  stm32f10x_nvic.o(i.NVIC_SETFAULTMASK)
    NVIC_SetVectorTable                      0x0800140d   Thumb Code    12  stm32f10x_nvic.o(i.NVIC_SetVectorTable)
    OFFLINE_GetChipID                        0x08001421   Thumb Code     8  offlinedownloadctrl.o(i.OFFLINE_GetChipID)
    OFFLINE_GetChipVersion                   0x08001429   Thumb Code     6  offlinedownloadctrl.o(i.OFFLINE_GetChipVersion)
    OFFLINE_GetFlashLockBit                  0x08001431   Thumb Code     8  offlinedownloadctrl.o(i.OFFLINE_GetFlashLockBit)
    OFFLINE_GetPID                           0x0800143d   Thumb Code    16  offlinedownloadctrl.o(i.OFFLINE_GetPID)
    OfflineDownload                          0x08001451   Thumb Code   276  offlinedownloadctrl.o(i.OfflineDownload)
    OfflineDownloadwithSWD                   0x08001575   Thumb Code   168  offlinedownloadctrl.o(i.OfflineDownloadwithSWD)
    OfflineDownloadwithUART                  0x08001629   Thumb Code   264  offlinedownloadctrl.o(i.OfflineDownloadwithUART)
    OfflineEarseMCUFLASH                     0x08001739   Thumb Code    24  offlinedownloadctrl.o(i.OfflineEarseMCUFLASH)
    OfflineEarseMCURAM                       0x0800175d   Thumb Code    24  offlinedownloadctrl.o(i.OfflineEarseMCURAM)
    OfflineInit                              0x08001781   Thumb Code    60  offlinedownloadctrl.o(i.OfflineInit)
    OfflineProgramMCUFLASH                   0x080017cd   Thumb Code    90  offlinedownloadctrl.o(i.OfflineProgramMCUFLASH)
    OfflineProgramMCURAM                     0x08001831   Thumb Code    84  offlinedownloadctrl.o(i.OfflineProgramMCURAM)
    OfflineReadMCUFLASH                      0x0800188d   Thumb Code    22  offlinedownloadctrl.o(i.OfflineReadMCUFLASH)
    OfflineReadMCURAM                        0x080018a9   Thumb Code    22  offlinedownloadctrl.o(i.OfflineReadMCURAM)
    Out0_Process                             0x080018c5   Thumb Code   252  usb_core.o(i.Out0_Process)
    PMAToUserBufferCopy                      0x080019d9   Thumb Code    30  usb_mem.o(i.PMAToUserBufferCopy)
    PVD_IRQHandler                           0x080019fd   Thumb Code     2  stm32f10x_it.o(i.PVD_IRQHandler)
    PendSVC                                  0x080019ff   Thumb Code     2  stm32f10x_it.o(i.PendSVC)
    PendSV_Handler                           0x080019ff   Thumb Code     0  stm32f10x_it.o(i.PendSVC)
    PowerOn                                  0x08001a01   Thumb Code    30  usb_pwr.o(i.PowerOn)
    RCC_APB1PeriphClockCmd                   0x08001a29   Thumb Code    18  stm32f10x_rcc.o(i.RCC_APB1PeriphClockCmd)
    RCC_APB2PeriphClockCmd                   0x08001a41   Thumb Code    18  stm32f10x_rcc.o(i.RCC_APB2PeriphClockCmd)
    RCC_DeInit                               0x08001a59   Thumb Code    48  stm32f10x_rcc.o(i.RCC_DeInit)
    RCC_GetClocksFreq                        0x08001a95   Thumb Code   132  stm32f10x_rcc.o(i.RCC_GetClocksFreq)
    RCC_GetFlagStatus                        0x08001b29   Thumb Code    42  stm32f10x_rcc.o(i.RCC_GetFlagStatus)
    RCC_GetSYSCLKSource                      0x08001b59   Thumb Code    10  stm32f10x_rcc.o(i.RCC_GetSYSCLKSource)
    RCC_HCLKConfig                           0x08001b69   Thumb Code    14  stm32f10x_rcc.o(i.RCC_HCLKConfig)
    RCC_HSEConfig                            0x08001b7d   Thumb Code    48  stm32f10x_rcc.o(i.RCC_HSEConfig)
    RCC_IRQHandler                           0x08001bb1   Thumb Code     2  stm32f10x_it.o(i.RCC_IRQHandler)
    RCC_PCLK1Config                          0x08001bb5   Thumb Code    14  stm32f10x_rcc.o(i.RCC_PCLK1Config)
    RCC_PCLK2Config                          0x08001bc9   Thumb Code    16  stm32f10x_rcc.o(i.RCC_PCLK2Config)
    RCC_PLLCmd                               0x08001bdd   Thumb Code     6  stm32f10x_rcc.o(i.RCC_PLLCmd)
    RCC_PLLConfig                            0x08001be9   Thumb Code    16  stm32f10x_rcc.o(i.RCC_PLLConfig)
    RCC_SYSCLKConfig                         0x08001bfd   Thumb Code    14  stm32f10x_rcc.o(i.RCC_SYSCLKConfig)
    RCC_USBCLKConfig                         0x08001c11   Thumb Code     6  stm32f10x_rcc.o(i.RCC_USBCLKConfig)
    RCC_WaitForHSEStartUp                    0x08001c1d   Thumb Code    46  stm32f10x_rcc.o(i.RCC_WaitForHSEStartUp)
    RQ_CMDProc                               0x08001c51   Thumb Code  2616  blslave.o(i.RQ_CMDProc)
    RQ_Proc                                  0x080026a1   Thumb Code   152  blslave.o(i.RQ_Proc)
    RQ_init                                  0x08002741   Thumb Code    46  blslave.o(i.RQ_init)
    RTCAlarm_IRQHandler                      0x08002775   Thumb Code     2  stm32f10x_it.o(i.RTCAlarm_IRQHandler)
    RTC_IRQHandler                           0x08002777   Thumb Code     2  stm32f10x_it.o(i.RTC_IRQHandler)
    RemovePwd                                0x08002779   Thumb Code    10  offlinedownloadctrl.o(i.RemovePwd)
    Resume                                   0x08002785   Thumb Code   188  usb_pwr.o(i.Resume)
    SDIO_IRQHandler                          0x08002849   Thumb Code     2  stm32f10x_it.o(i.SDIO_IRQHandler)
    SPI1_IRQHandler                          0x0800284b   Thumb Code     2  stm32f10x_it.o(i.SPI1_IRQHandler)
    SPI2_IRQHandler                          0x0800284d   Thumb Code     2  stm32f10x_it.o(i.SPI2_IRQHandler)
    SPI3_IRQHandler                          0x0800284f   Thumb Code     2  stm32f10x_it.o(i.SPI3_IRQHandler)
    SPIConnectionTest                        0x08002851   Thumb Code   268  spi.o(i.SPIConnectionTest)
    SPIPassword_Write                        0x08002969   Thumb Code    92  spi.o(i.SPIPassword_Write)
    SPI_TxRx                                 0x080029cd   Thumb Code   562  spi.o(i.SPI_TxRx)
    STC_AUTHPWD                              0x08002c11   Thumb Code   252  stc.o(i.STC_AUTHPWD)
    STC_BL_Init                              0x08002d15   Thumb Code    10  stc.o(i.STC_BL_Init)
    STC_CheckPWDValid                        0x08002d25   Thumb Code    46  stc.o(i.STC_CheckPWDValid)
    STC_Connect                              0x08002d55   Thumb Code   142  stc.o(i.STC_Connect)
    STC_DisConnect                           0x08002df1   Thumb Code   110  stc.o(i.STC_DisConnect)
    STC_GetChipID                            0x08002e6d   Thumb Code    32  stc.o(i.STC_GetChipID)
    STC_GetChipVersion                       0x08002e8d   Thumb Code    42  stc.o(i.STC_GetChipVersion)
    STC_GetFlashLockBit                      0x08002eb7   Thumb Code    32  stc.o(i.STC_GetFlashLockBit)
    STC_GetMAXAUTHTimes                      0x08002ed7   Thumb Code    98  stc.o(i.STC_GetMAXAUTHTimes)
    STC_GetPID                               0x08002f39   Thumb Code    48  stc.o(i.STC_GetPID)
    STC_GetPwdAuthed                         0x08002f69   Thumb Code     6  stc.o(i.STC_GetPwdAuthed)
    STC_IO_Config_Unused                     0x08002f75   Thumb Code   134  hw_config.o(i.STC_IO_Config_Unused)
    STC_IO_Config_Used_for_STC               0x08003009   Thumb Code   122  hw_config.o(i.STC_IO_Config_Used_for_STC)
    STC_IO_Config_Used_for_SWD               0x0800308d   Thumb Code   126  hw_config.o(i.STC_IO_Config_Used_for_SWD)
    STC_Init                                 0x08003115   Thumb Code   848  stc.o(i.STC_Init)
    STC_MassEraseCmd                         0x08003469   Thumb Code   172  stc.o(i.STC_MassEraseCmd)
    STC_OP                                   0x08003519   Thumb Code  1562  stc.o(i.STC_OP)
    STC_PageErase                            0x08003b39   Thumb Code   218  stc.o(i.STC_PageErase)
    STC_Read                                 0x08003c1d   Thumb Code   220  stc.o(i.STC_Read)
    STC_Read_DWORD                           0x08003d05   Thumb Code  1742  stc.o(i.STC_Read_DWORD)
    STC_RemovePWD                            0x080043e5   Thumb Code    70  stc.o(i.STC_RemovePWD)
    STC_Write                                0x08004435   Thumb Code   300  stc.o(i.STC_Write)
    STC_WritePWD                             0x0800456d   Thumb Code   268  stc.o(i.STC_WritePWD)
    STC_Write_DWORD                          0x08004681   Thumb Code  1632  stc.o(i.STC_Write_DWORD)
    SVCHandler                               0x08004ce5   Thumb Code     2  stm32f10x_it.o(i.SVCHandler)
    SVC_Handler                              0x08004ce5   Thumb Code     0  stm32f10x_it.o(i.SVCHandler)
    SWD_AUTHPWD                              0x08004ce9   Thumb Code    32  swd.o(i.SWD_AUTHPWD)
    SWD_CheckPWDValid                        0x08004d0d   Thumb Code    26  swd.o(i.SWD_CheckPWDValid)
    SWD_Connect                              0x08004d2d   Thumb Code    36  swd.o(i.SWD_Connect)
    SWD_DisConnect                           0x08004d55   Thumb Code    16  swd.o(i.SWD_DisConnect)
    SWD_GetChipID                            0x08004d69   Thumb Code    22  swd.o(i.SWD_GetChipID)
    SWD_GetChipVersion                       0x08004d7f   Thumb Code    32  swd.o(i.SWD_GetChipVersion)
    SWD_GetFlashLockBit                      0x08004d9f   Thumb Code    22  swd.o(i.SWD_GetFlashLockBit)
    SWD_GetMAXAUTHTimes                      0x08004db5   Thumb Code     8  swd.o(i.SWD_GetMAXAUTHTimes)
    SWD_GetPID                               0x08004dbd   Thumb Code    38  swd.o(i.SWD_GetPID)
    SWD_GetPwdAuthed                         0x08004de5   Thumb Code     6  swd.o(i.SWD_GetPwdAuthed)
    SWD_GoUserApp                            0x08004df1   Thumb Code     4  swd.o(i.SWD_GoUserApp)
    SWD_MassEraseCmd                         0x08004df5   Thumb Code    74  swd.o(i.SWD_MassEraseCmd)
    SWD_Read                                 0x08004e51   Thumb Code    20  swd.o(i.SWD_Read)
    SWD_RemovePWD                            0x08004e65   Thumb Code    14  swd.o(i.SWD_RemovePWD)
    SWD_Restore                              0x08004e75   Thumb Code   156  swd.o(i.SWD_Restore)
    SWD_Transfer                             0x08004f29   Thumb Code    14  sw_dp.o(i.SWD_Transfer)
    SWD_TransferFast                         0x08004f3d   Thumb Code   578  sw_dp.o(i.SWD_TransferFast)
    SWD_TransferSlow                         0x08005189   Thumb Code  1094  sw_dp.o(i.SWD_TransferSlow)
    SWD_Write                                0x080055cf   Thumb Code    32  swd.o(i.SWD_Write)
    SWD_WritePWD                             0x080055f1   Thumb Code   168  swd.o(i.SWD_WritePWD)
    SWJ_Sequence                             0x0800569d   Thumb Code    94  sw_dp.o(i.SWJ_Sequence)
    SetBTABLE                                0x08005705   Thumb Code    10  usb_regs.o(i.SetBTABLE)
    SetDeviceAddress                         0x08005715   Thumb Code   144  usb_core.o(i.SetDeviceAddress)
    SetEPRxAddr                              0x080057ad   Thumb Code    24  usb_regs.o(i.SetEPRxAddr)
    SetEPRxCount                             0x080057cd   Thumb Code    60  usb_regs.o(i.SetEPRxCount)
    SetEPRxStatus                            0x08005811   Thumb Code    46  usb_regs.o(i.SetEPRxStatus)
    SetEPRxValid                             0x08005845   Thumb Code    30  usb_regs.o(i.SetEPRxValid)
    SetEPTxAddr                              0x08005869   Thumb Code    22  usb_regs.o(i.SetEPTxAddr)
    SetEPTxCount                             0x08005889   Thumb Code    20  usb_regs.o(i.SetEPTxCount)
    SetEPTxStatus                            0x080058a5   Thumb Code    46  usb_regs.o(i.SetEPTxStatus)
    SetEPTxValid                             0x080058d9   Thumb Code    30  usb_regs.o(i.SetEPTxValid)
    SetEPType                                0x080058fd   Thumb Code    28  usb_regs.o(i.SetEPType)
    SetFlashDone                             0x0800591d   Thumb Code    92  offlinedownloadctrl.o(i.SetFlashDone)
    SetHappyLight                            0x0800598d   Thumb Code    50  hw_config.o(i.SetHappyLight)
    SetPwd                                   0x080059c9   Thumb Code    78  offlinedownloadctrl.o(i.SetPwd)
    SetRamDone                               0x08005a29   Thumb Code    94  offlinedownloadctrl.o(i.SetRamDone)
    Set_System                               0x08005a9d   Thumb Code   274  hw_config.o(i.Set_System)
    Set_USBClock                             0x08005bbd   Thumb Code    20  hw_config.o(i.Set_USBClock)
    Setup0_Process                           0x08005bd1   Thumb Code   978  usb_core.o(i.Setup0_Process)
    Standard_ClearFeature                    0x08005fd5   Thumb Code   242  usb_core.o(i.Standard_ClearFeature)
    Standard_GetConfiguration                0x080060dd   Thumb Code    30  usb_core.o(i.Standard_GetConfiguration)
    Standard_GetDescriptorData               0x08006105   Thumb Code    26  usb_core.o(i.Standard_GetDescriptorData)
    Standard_GetInterface                    0x08006125   Thumb Code    30  usb_core.o(i.Standard_GetInterface)
    Standard_GetStatus                       0x0800614d   Thumb Code   150  usb_core.o(i.Standard_GetStatus)
    Suspend                                  0x080061f5   Thumb Code    26  usb_pwr.o(i.Suspend)
    SysTickHandler                           0x08006215   Thumb Code     4  stm32f10x_it.o(i.SysTickHandler)
    SysTick_Handler                          0x08006215   Thumb Code     0  stm32f10x_it.o(i.SysTickHandler)
    SysTick_CounterCmd                       0x08006219   Thumb Code    36  stm32f10x_systick.o(i.SysTick_CounterCmd)
    SysTick_ITConfig                         0x0800623d   Thumb Code    24  stm32f10x_systick.o(i.SysTick_ITConfig)
    SysTick_SetReload                        0x08006255   Thumb Code     8  stm32f10x_systick.o(i.SysTick_SetReload)
    TAMPER_IRQHandler                        0x0800625d   Thumb Code     2  stm32f10x_it.o(i.TAMPER_IRQHandler)
    TIM1_BRK_IRQHandler                      0x0800625f   Thumb Code     2  stm32f10x_it.o(i.TIM1_BRK_IRQHandler)
    TIM1_CC_IRQHandler                       0x08006261   Thumb Code     2  stm32f10x_it.o(i.TIM1_CC_IRQHandler)
    TIM1_TRG_COM_IRQHandler                  0x08006263   Thumb Code     2  stm32f10x_it.o(i.TIM1_TRG_COM_IRQHandler)
    TIM1_UP_IRQHandler                       0x08006265   Thumb Code     2  stm32f10x_it.o(i.TIM1_UP_IRQHandler)
    TIM2_IRQHandler                          0x08006267   Thumb Code     2  stm32f10x_it.o(i.TIM2_IRQHandler)
    TIM3_IRQHandler                          0x08006269   Thumb Code     2  stm32f10x_it.o(i.TIM3_IRQHandler)
    TIM4_IRQHandler                          0x0800626b   Thumb Code     2  stm32f10x_it.o(i.TIM4_IRQHandler)
    TIM5_IRQHandler                          0x0800626d   Thumb Code     2  stm32f10x_it.o(i.TIM5_IRQHandler)
    TIM6_IRQHandler                          0x0800626f   Thumb Code     2  stm32f10x_it.o(i.TIM6_IRQHandler)
    TIM7_IRQHandler                          0x08006271   Thumb Code     2  stm32f10x_it.o(i.TIM7_IRQHandler)
    TIM8_BRK_IRQHandler                      0x08006273   Thumb Code     2  stm32f10x_it.o(i.TIM8_BRK_IRQHandler)
    TIM8_CC_IRQHandler                       0x08006275   Thumb Code     2  stm32f10x_it.o(i.TIM8_CC_IRQHandler)
    TIM8_TRG_COM_IRQHandler                  0x08006277   Thumb Code     2  stm32f10x_it.o(i.TIM8_TRG_COM_IRQHandler)
    TIM8_UP_IRQHandler                       0x08006279   Thumb Code     2  stm32f10x_it.o(i.TIM8_UP_IRQHandler)
    UART4_IRQHandler                         0x0800627b   Thumb Code     2  stm32f10x_it.o(i.UART4_IRQHandler)
    UART5_IRQHandler                         0x0800627d   Thumb Code     2  stm32f10x_it.o(i.UART5_IRQHandler)
    UART_AUTHPWD                             0x08006281   Thumb Code   110  uart.o(i.UART_AUTHPWD)
    UART_CheckPWDValid                       0x080062f5   Thumb Code    82  uart.o(i.UART_CheckPWDValid)
    UART_Connect                             0x0800634d   Thumb Code    60  uart.o(i.UART_Connect)
    UART_GetChipID                           0x0800638d   Thumb Code    72  uart.o(i.UART_GetChipID)
    UART_GetChipVersion                      0x080063d9   Thumb Code    70  uart.o(i.UART_GetChipVersion)
    UART_GetFlashLockBit                     0x08006425   Thumb Code    72  uart.o(i.UART_GetFlashLockBit)
    UART_GetMAXAUTHTimes                     0x08006471   Thumb Code    70  uart.o(i.UART_GetMAXAUTHTimes)
    UART_GetPID                              0x080064bd   Thumb Code    72  uart.o(i.UART_GetPID)
    UART_GoUserApp                           0x08006509   Thumb Code    62  uart.o(i.UART_GoUserApp)
    UART_MassEraseCmd                        0x0800654d   Thumb Code   104  uart.o(i.UART_MassEraseCmd)
    UART_Read                                0x080065bd   Thumb Code    80  uart.o(i.UART_Read)
    UART_RemovePWD                           0x08006611   Thumb Code   104  uart.o(i.UART_RemovePWD)
    UART_SetTimeOut                          0x08006681   Thumb Code     6  hw_config.o(i.UART_SetTimeOut)
    UART_Write                               0x0800668d   Thumb Code   118  uart.o(i.UART_Write)
    UART_WritePWD                            0x08006709   Thumb Code   134  uart.o(i.UART_WritePWD)
    UART_rev                                 0x08006799   Thumb Code    68  hw_config.o(i.UART_rev)
    UART_send                                0x080067e5   Thumb Code   108  hw_config.o(i.UART_send)
    USART1_IRQHandler                        0x08006859   Thumb Code     2  stm32f10x_it.o(i.USART1_IRQHandler)
    USART2_IRQHandler                        0x0800685b   Thumb Code     2  stm32f10x_it.o(i.USART2_IRQHandler)
    USART3_IRQHandler                        0x0800685d   Thumb Code     2  stm32f10x_it.o(i.USART3_IRQHandler)
    USART_Cmd                                0x0800685f   Thumb Code    20  stm32f10x_usart.o(i.USART_Cmd)
    USART_GetFlagStatus                      0x08006873   Thumb Code    14  stm32f10x_usart.o(i.USART_GetFlagStatus)
    USART_Init                               0x08006881   Thumb Code   130  stm32f10x_usart.o(i.USART_Init)
    USART_ReceiveData                        0x08006909   Thumb Code     8  stm32f10x_usart.o(i.USART_ReceiveData)
    USART_SendData                           0x08006911   Thumb Code     8  stm32f10x_usart.o(i.USART_SendData)
    USBIn                                    0x08006919   Thumb Code   286  blslave.o(i.USBIn)
    USBInit                                  0x08006a41   Thumb Code    18  blslave.o(i.USBInit)
    USBOutCB                                 0x08006a59   Thumb Code   186  blslave.o(i.USBOutCB)
    USBWakeUp_IRQHandler                     0x08006b1d   Thumb Code     2  stm32f10x_it.o(i.USBWakeUp_IRQHandler)
    USB_HP_CAN_TX_IRQHandler                 0x08006b1f   Thumb Code     2  stm32f10x_it.o(i.USB_HP_CAN_TX_IRQHandler)
    USB_Init                                 0x08006b21   Thumb Code    22  usb_init.o(i.USB_Init)
    USB_Interrupts_Config                    0x08006b49   Thumb Code    66  hw_config.o(i.USB_Interrupts_Config)
    USB_Istr                                 0x08006b8d   Thumb Code   194  usb_istr.o(i.USB_Istr)
    USB_LP_CAN_RX0_IRQHandler                0x08006c65   Thumb Code     4  stm32f10x_it.o(i.USB_LP_CAN_RX0_IRQHandler)
    UsageFaultException                      0x08006c69   Thumb Code     2  stm32f10x_it.o(i.UsageFaultException)
    UsageFault_Handler                       0x08006c69   Thumb Code     0  stm32f10x_it.o(i.UsageFaultException)
    UserToPMABufferCopy                      0x08006c6d   Thumb Code    80  usb_mem.o(i.UserToPMABufferCopy)
    WWDG_IRQHandler                          0x08006cc1   Thumb Code     2  stm32f10x_it.o(i.WWDG_IRQHandler)
    checksum                                 0x08006cc3   Thumb Code    72  sw_lib.o(i.checksum)
    main                                     0x08006d0d   Thumb Code    66  main.o(i.main)
    memcmp                                   0x08006d55   Thumb Code    48  sw_lib.o(i.memcmp)
    memcmpfixed                              0x08006d85   Thumb Code    82  sw_lib.o(i.memcmpfixed)
    memcpy                                   0x08006dd7   Thumb Code    52  sw_lib.o(i.memcpy)
    memset                                   0x08006e0b   Thumb Code    32  sw_lib.o(i.memset)
    swd_flash_syscall_exec                   0x08006e2d   Thumb Code   454  swd_host.o(i.swd_flash_syscall_exec)
    swd_read_memory                          0x080070bd   Thumb Code   500  swd_host.o(i.swd_read_memory)
    swd_set_target_state                     0x0800734d   Thumb Code   364  swd_host.o(i.swd_set_target_state)
    swd_write_ap                             0x080074dd   Thumb Code   134  swd_host.o(i.swd_write_ap)
    swd_write_dp                             0x08007671   Thumb Code    84  swd_host.o(i.swd_write_dp)
    swd_write_memory                         0x080076c9   Thumb Code   284  swd_host.o(i.swd_write_memory)
    systick_proc                             0x080077ed   Thumb Code    92  hw_config.o(i.systick_proc)
    target_before_init_debug                 0x08007851   Thumb Code     2  target_reset.o(i.target_before_init_debug)
    target_unlock_sequence                   0x080078c5   Thumb Code     4  target_reset.o(i.target_unlock_sequence)
    _fp_init                                 0x080078c9   Thumb Code    14  fpinit.o(x$fpl$fpinit)
    __fplib_config_pureend_doubles           0x080078d5   Thumb Code     0  fpinit.o(x$fpl$fpinit)
    CustomHID_DeviceDescriptor               0x080078d6   Data          18  usb_desc.o(.constdata)
    CustomHID_ConfigDescriptor               0x080078e8   Data          41  usb_desc.o(.constdata)
    CustomHID_ReportDescriptor               0x08007911   Data          37  usb_desc.o(.constdata)
    CustomHID_StringLangID                   0x08007936   Data           4  usb_desc.o(.constdata)
    CustomHID_StringVendor                   0x0800793a   Data          38  usb_desc.o(.constdata)
    CustomHID_StringProduct                  0x08007960   Data          32  usb_desc.o(.constdata)
    Region$$Table$$Base                      0x08007a80   Number         0  anon$$obj.o(Region$$Table)
    Region$$Table$$Limit                     0x08007aa0   Number         0  anon$$obj.o(Region$$Table)
    HSEStartUpStatus                         0x20008000   Data           1  hw_config.o(.data)
    HappyFlag                                0x20008001   Data           1  hw_config.o(.data)
    Key_OD_Pre                               0x20008002   Data           1  hw_config.o(.data)
    Key_OD_Det                               0x20008003   Data           1  hw_config.o(.data)
    SysTime                                  0x20008004   Data           4  hw_config.o(.data)
    ComDogTime                               0x20008008   Data           4  hw_config.o(.data)
    HappyMode                                0x2000800c   Data           4  hw_config.o(.data)
    Key_Delay                                0x20008010   Data           4  hw_config.o(.data)
    UartTimeOut                              0x20008014   Data           4  hw_config.o(.data)
    CustomHID_StringSerial                   0x20008018   Data          26  usb_desc.o(.data)
    bIntPackSOF                              0x20008032   Data           1  usb_istr.o(.data)
    wIstr                                    0x20008034   Data           2  usb_istr.o(.data)
    pEpInt_IN                                0x20008038   Data          28  usb_istr.o(.data)
    pEpInt_OUT                               0x20008054   Data          28  usb_istr.o(.data)
    Device_Table                             0x20008070   Data           2  usb_prop.o(.data)
    ProtocolValue                            0x20008074   Data           4  usb_prop.o(.data)
    Device_Descriptor                        0x20008078   Data           8  usb_prop.o(.data)
    Config_Descriptor                        0x20008080   Data           8  usb_prop.o(.data)
    CustomHID_Report_Descriptor              0x20008088   Data           8  usb_prop.o(.data)
    CustomHID_Hid_Descriptor                 0x20008090   Data           8  usb_prop.o(.data)
    Device_Property                          0x20008098   Data          48  usb_prop.o(.data)
    String_Descriptor                        0x200080c8   Data          32  usb_prop.o(.data)
    User_Standard_Requests                   0x200080e8   Data          36  usb_prop.o(.data)
    bDeviceState                             0x2000810c   Data           4  usb_pwr.o(.data)
    fSuspendEnabled                          0x20008110   Data           1  usb_pwr.o(.data)
    ResumeS                                  0x20008111   Data           2  usb_pwr.o(.data)
    pwd_authed                               0x20008118   Data           1  offlinedownloadctrl.o(.data)
    pmcu_cfg                                 0x2000811c   Data           4  offlinedownloadctrl.o(.data)
    SaveData                                 0x20008120   Data           1  spi.o(.data)
    STC_pwd_authed                           0x20008121   Data           1  stc.o(.data)
    STCIsConnected                           0x20008122   Data           1  stc.o(.data)
    test_res                                 0x20008123   Data           1  stc.o(.data)
    SWD_pwd_authed                           0x20008124   Data           1  swd.o(.data)
    SWDIsConnected                           0x20008125   Data           1  swd.o(.data)
    Data_Mul_MaxPacketSize                   0x20008126   Data           1  usb_core.o(.data)
    StatusInfo                               0x20008128   Data           2  usb_core.o(.data)
    EPindex                                  0x2000812a   Data           1  usb_init.o(.data)
    pInformation                             0x2000812c   Data           4  usb_init.o(.data)
    pProperty                                0x20008130   Data           4  usb_init.o(.data)
    pUser_Standard_Requests                  0x20008134   Data           4  usb_init.o(.data)
    wInterrupt_Mask                          0x20008138   Data           2  usb_init.o(.data)
    SaveRState                               0x2000813a   Data           2  usb_int.o(.data)
    SaveTState                               0x2000813c   Data           2  usb_int.o(.data)
    BL_Request                               0x20008190   Data        2420  blslave.o(.bss)
    BL_Config                                0x20008b04   Data          16  blslave.o(.bss)
    usbcom                                   0x20008b14   Data         140  blslave.o(.bss)
    mcu_scfg                                 0x20008bc0   Data         272  offlinedownloadctrl.o(.bss)
    RD_Buffer                                0x20008cd0   Data        2048  offlinedownloadctrl.o(.bss)
    ArrayITX                                 0x20009500   Data          64  spi.o(.bss)
    ArrayIRX                                 0x20009540   Data          64  spi.o(.bss)
    control                                  0x20009580   Data          32  stc.o(.bss)
    STCcontrol                               0x200095a0   Data         140  stc.o(.bss)
    controlcnt                               0x2000962c   Data          32  stc.o(.bss)
    DwordCfg                                 0x2000964c   Data          16  stc.o(.bss)
    test_wr                                  0x2000965c   Data        1024  stc.o(.bss)
    test_rd                                  0x20009a5c   Data        1024  stc.o(.bss)
    error_no                                 0x20009e5c   Data         256  stc.o(.bss)
    uart_tx_buf                              0x20009f80   Data          32  uart.o(.bss)
    uart_rx_buf                              0x20009fa0   Data          32  uart.o(.bss)
    Device_Info                              0x20009fc0   Data          28  usb_init.o(.bss)
    DAP_Data                                 0x2000a000   Data          24  dap.o(.bss)
    __libspace_start                         0x2000a018   Data          96  libspace.o(.bss)
    __temporary_stack_top$libspace           0x2000a078   Data           0  libspace.o(.bss)



==============================================================================

Memory Map of the image

  Image Entry point : 0x08000131

  Load Region LR_IROM1 (Base: 0x08000000, Size: 0x00007bf0, Max: 0x00008000, ABSOLUTE, COMPRESSED[0x00007b20])

    Execution Region ER_IROM1 (Base: 0x08000000, Size: 0x00007aa0, Max: 0x00008000, ABSOLUTE)

    Base Addr    Size         Type   Attr      Idx    E Section Name        Object

    0x08000000   0x00000130   Data   RO         2341    RESET               stm32f10x_vector.o
    0x08000130   0x00000008   Code   RO         3840  * !!!main             c_w.l(__main.o)(c_w.l)
    0x08000138   0x00000034   Code   RO         4006    !!!scatter          c_w.l(__scatter.o)(c_w.l)
    0x0800016c   0x0000005a   Code   RO         4004    !!dczerorl2         c_w.l(__dczerorl2.o)(c_w.l)
    0x080001c6   0x00000002   PAD
    0x080001c8   0x0000001c   Code   RO         4008    !!handler_zi        c_w.l(__scatter_zi.o)(c_w.l)
    0x080001e4   0x00000006   Code   RO         3874    .ARM.Collect$$libinit$$00000000  c_w.l(libinit.o)(c_w.l)
    0x080001ea   0x00000000   Code   RO         3882    .ARM.Collect$$libinit$$00000006  c_w.l(libinit2.o)(c_w.l)
    0x080001ea   0x00000000   Code   RO         3884    .ARM.Collect$$libinit$$00000008  c_w.l(libinit2.o)(c_w.l)
    0x080001ea   0x00000000   Code   RO         3886    .ARM.Collect$$libinit$$0000000A  c_w.l(libinit2.o)(c_w.l)
    0x080001ea   0x00000000   Code   RO         3889    .ARM.Collect$$libinit$$0000000D  c_w.l(libinit2.o)(c_w.l)
    0x080001ea   0x00000000   Code   RO         3891    .ARM.Collect$$libinit$$0000000F  c_w.l(libinit2.o)(c_w.l)
    0x080001ea   0x00000000   Code   RO         3893    .ARM.Collect$$libinit$$00000011  c_w.l(libinit2.o)(c_w.l)
    0x080001ea   0x00000000   Code   RO         3895    .ARM.Collect$$libinit$$00000013  c_w.l(libinit2.o)(c_w.l)
    0x080001ea   0x00000000   Code   RO         3897    .ARM.Collect$$libinit$$00000015  c_w.l(libinit2.o)(c_w.l)
    0x080001ea   0x00000000   Code   RO         3899    .ARM.Collect$$libinit$$00000017  c_w.l(libinit2.o)(c_w.l)
    0x080001ea   0x00000000   Code   RO         3901    .ARM.Collect$$libinit$$00000019  c_w.l(libinit2.o)(c_w.l)
    0x080001ea   0x00000000   Code   RO         3903    .ARM.Collect$$libinit$$0000001B  c_w.l(libinit2.o)(c_w.l)
    0x080001ea   0x00000000   Code   RO         3905    .ARM.Collect$$libinit$$0000001D  c_w.l(libinit2.o)(c_w.l)
    0x080001ea   0x00000000   Code   RO         3907    .ARM.Collect$$libinit$$0000001F  c_w.l(libinit2.o)(c_w.l)
    0x080001ea   0x00000000   Code   RO         3909    .ARM.Collect$$libinit$$00000021  c_w.l(libinit2.o)(c_w.l)
    0x080001ea   0x00000000   Code   RO         3913    .ARM.Collect$$libinit$$00000028  c_w.l(libinit2.o)(c_w.l)
    0x080001ea   0x00000000   Code   RO         3915    .ARM.Collect$$libinit$$0000002A  c_w.l(libinit2.o)(c_w.l)
    0x080001ea   0x00000000   Code   RO         3917    .ARM.Collect$$libinit$$0000002C  c_w.l(libinit2.o)(c_w.l)
    0x080001ea   0x00000000   Code   RO         3919    .ARM.Collect$$libinit$$0000002E  c_w.l(libinit2.o)(c_w.l)
    0x080001ea   0x00000002   Code   RO         3920    .ARM.Collect$$libinit$$0000002F  c_w.l(libinit2.o)(c_w.l)
    0x080001ec   0x00000002   Code   RO         3946    .ARM.Collect$$libshutdown$$00000000  c_w.l(libshutdown.o)(c_w.l)
    0x080001ee   0x00000000   Code   RO         3959    .ARM.Collect$$libshutdown$$00000003  c_w.l(libshutdown2.o)(c_w.l)
    0x080001ee   0x00000000   Code   RO         3962    .ARM.Collect$$libshutdown$$00000006  c_w.l(libshutdown2.o)(c_w.l)
    0x080001ee   0x00000000   Code   RO         3965    .ARM.Collect$$libshutdown$$00000009  c_w.l(libshutdown2.o)(c_w.l)
    0x080001ee   0x00000000   Code   RO         3967    .ARM.Collect$$libshutdown$$0000000B  c_w.l(libshutdown2.o)(c_w.l)
    0x080001ee   0x00000000   Code   RO         3970    .ARM.Collect$$libshutdown$$0000000E  c_w.l(libshutdown2.o)(c_w.l)
    0x080001ee   0x00000002   Code   RO         3971    .ARM.Collect$$libshutdown$$0000000F  c_w.l(libshutdown2.o)(c_w.l)
    0x080001f0   0x00000000   Code   RO         3842    .ARM.Collect$$rtentry$$00000000  c_w.l(rtentry.o)(c_w.l)
    0x080001f0   0x00000000   Code   RO         3847    .ARM.Collect$$rtentry$$00000002  c_w.l(rtentry2.o)(c_w.l)
    0x080001f0   0x00000006   Code   RO         3862    .ARM.Collect$$rtentry$$00000004  c_w.l(rtentry4.o)(c_w.l)
    0x080001f6   0x00000000   Code   RO         3849    .ARM.Collect$$rtentry$$00000009  c_w.l(rtentry2.o)(c_w.l)
    0x080001f6   0x00000004   Code   RO         3850    .ARM.Collect$$rtentry$$0000000A  c_w.l(rtentry2.o)(c_w.l)
    0x080001fa   0x00000000   Code   RO         3852    .ARM.Collect$$rtentry$$0000000C  c_w.l(rtentry2.o)(c_w.l)
    0x080001fa   0x00000008   Code   RO         3853    .ARM.Collect$$rtentry$$0000000D  c_w.l(rtentry2.o)(c_w.l)
    0x08000202   0x00000002   Code   RO         3878    .ARM.Collect$$rtexit$$00000000  c_w.l(rtexit.o)(c_w.l)
    0x08000204   0x00000000   Code   RO         3924    .ARM.Collect$$rtexit$$00000002  c_w.l(rtexit2.o)(c_w.l)
    0x08000204   0x00000004   Code   RO         3925    .ARM.Collect$$rtexit$$00000003  c_w.l(rtexit2.o)(c_w.l)
    0x08000208   0x00000006   Code   RO         3926    .ARM.Collect$$rtexit$$00000004  c_w.l(rtexit2.o)(c_w.l)
    0x0800020e   0x00000002   PAD
    0x08000210   0x00000006   Code   RO         1079    .emb_text           blslave.o
    0x08000216   0x00000002   PAD
    0x08000218   0x00000024   Code   RO         2342    .text               stm32f10x_vector.o
    0x0800023c   0x0000007a   Code   RO         3828    .text               STM32F10xR.LIB(cortexm3_macro.o)(STM32F10xR.LIB)
    0x080002b6   0x00000010   Code   RO         3834    .text               c_w.l(aeabi_memset.o)(c_w.l)
    0x080002c6   0x0000004e   Code   RO         3836    .text               c_w.l(rt_memclr_w.o)(c_w.l)
    0x08000314   0x00000006   Code   RO         3838    .text               c_w.l(heapauxi.o)(c_w.l)
    0x0800031a   0x00000044   Code   RO         3844    .text               c_w.l(rt_memclr.o)(c_w.l)
    0x0800035e   0x0000004a   Code   RO         3864    .text               c_w.l(sys_stackheap_outer.o)(c_w.l)
    0x080003a8   0x0000000c   Code   RO         3866    .text               c_w.l(exit.o)(c_w.l)
    0x080003b4   0x00000008   Code   RO         3875    .text               c_w.l(libspace.o)(c_w.l)
    0x080003bc   0x0000000c   Code   RO         3934    .text               c_w.l(rt_fp_status_addr_intlibspace.o)(c_w.l)
    0x080003c8   0x0000000c   Code   RO         3938    .text               c_w.l(sys_exit.o)(c_w.l)
    0x080003d4   0x00000002   Code   RO         3949    .text               c_w.l(use_no_semi.o)(c_w.l)
    0x080003d6   0x00000002   Code   RO          356    i.ADC1_2_IRQHandler  stm32f10x_it.o
    0x080003d8   0x00000002   Code   RO          357    i.ADC3_IRQHandler   stm32f10x_it.o
    0x080003da   0x00000014   Code   RO         2674    i.ADC_SoftwareStartConvCmd  STM32F10xR.LIB(stm32f10x_adc.o)(STM32F10xR.LIB)
    0x080003ee   0x00000002   PAD
    0x080003f0   0x00000100   Code   RO         1158    i.AuthPwd           offlinedownloadctrl.o
    0x080004f0   0x00000002   Code   RO          358    i.BusFaultException  stm32f10x_it.o
    0x080004f2   0x0000000a   Code   RO         1979    i.ByteSwap          usb_regs.o
    0x080004fc   0x00000002   Code   RO          359    i.CAN_RX1_IRQHandler  stm32f10x_it.o
    0x080004fe   0x00000002   Code   RO          360    i.CAN_SCE_IRQHandler  stm32f10x_it.o
    0x08000500   0x000002a8   Code   RO         1932    i.CTR_LP            usb_int.o
    0x080007a8   0x00000030   Code   RO         1980    i.ClearDTOG_RX      usb_regs.o
    0x080007d8   0x00000030   Code   RO         1981    i.ClearDTOG_TX      usb_regs.o
    0x08000808   0x00000010   Code   RO            1    i.ClearKeyDown      hw_config.o
    0x08000818   0x00000020   Code   RO         1986    i.Clear_Status_Out  usb_regs.o
    0x08000838   0x0000000c   Code   RO            2    i.ComDogFeed        hw_config.o
    0x08000844   0x00000058   Code   RO          920    i.CustomHID_Data_Setup  usb_prop.o
    0x0800089c   0x0000000c   Code   RO          921    i.CustomHID_GetConfigDescriptor  usb_prop.o
    0x080008a8   0x0000000c   Code   RO          922    i.CustomHID_GetDeviceDescriptor  usb_prop.o
    0x080008b4   0x0000000c   Code   RO          923    i.CustomHID_GetHIDDescriptor  usb_prop.o
    0x080008c0   0x0000001c   Code   RO          924    i.CustomHID_GetProtocolValue  usb_prop.o
    0x080008dc   0x0000000c   Code   RO          925    i.CustomHID_GetReportDescriptor  usb_prop.o
    0x080008e8   0x00000020   Code   RO          926    i.CustomHID_GetStringDescriptor  usb_prop.o
    0x08000908   0x0000000a   Code   RO          927    i.CustomHID_Get_Interface_Setting  usb_prop.o
    0x08000912   0x00000002   PAD
    0x08000914   0x00000028   Code   RO          928    i.CustomHID_NoData_Setup  usb_prop.o
    0x0800093c   0x000000b4   Code   RO          929    i.CustomHID_Reset   usb_prop.o
    0x080009f0   0x00000028   Code   RO          930    i.CustomHID_SetConfiguration  usb_prop.o
    0x08000a18   0x0000000c   Code   RO          931    i.CustomHID_SetDeviceAddress  usb_prop.o
    0x08000a24   0x00000002   Code   RO          933    i.CustomHID_Status_In  usb_prop.o
    0x08000a26   0x00000002   Code   RO          934    i.CustomHID_Status_Out  usb_prop.o
    0x08000a28   0x00000038   Code   RO          935    i.CustomHID_init    usb_prop.o
    0x08000a60   0x00000018   Code   RO         2348    i.DAP_Setup         dap.o
    0x08000a78   0x00000002   Code   RO          361    i.DMA1_Channel1_IRQHandler  stm32f10x_it.o
    0x08000a7a   0x00000002   Code   RO          362    i.DMA1_Channel2_IRQHandler  stm32f10x_it.o
    0x08000a7c   0x00000002   Code   RO          363    i.DMA1_Channel3_IRQHandler  stm32f10x_it.o
    0x08000a7e   0x00000002   Code   RO          364    i.DMA1_Channel4_IRQHandler  stm32f10x_it.o
    0x08000a80   0x00000002   Code   RO          365    i.DMA1_Channel5_IRQHandler  stm32f10x_it.o
    0x08000a82   0x00000002   Code   RO          366    i.DMA1_Channel6_IRQHandler  stm32f10x_it.o
    0x08000a84   0x00000002   Code   RO          367    i.DMA1_Channel7_IRQHandler  stm32f10x_it.o
    0x08000a86   0x00000002   Code   RO          368    i.DMA2_Channel1_IRQHandler  stm32f10x_it.o
    0x08000a88   0x00000002   Code   RO          369    i.DMA2_Channel2_IRQHandler  stm32f10x_it.o
    0x08000a8a   0x00000002   Code   RO          370    i.DMA2_Channel3_IRQHandler  stm32f10x_it.o
    0x08000a8c   0x00000002   Code   RO          371    i.DMA2_Channel4_5_IRQHandler  stm32f10x_it.o
    0x08000a8e   0x00000002   PAD
    0x08000a90   0x000000b8   Code   RO         1806    i.DataStageIn       usb_core.o
    0x08000b48   0x00000002   Code   RO          372    i.DebugMonitor      stm32f10x_it.o
    0x08000b4a   0x00000002   PAD
    0x08000b4c   0x00000014   Code   RO            3    i.DelayMs           hw_config.o
    0x08000b60   0x00000004   Code   RO          881    i.EP1_OUT_Callback  usb_endp.o
    0x08000b64   0x00000002   Code   RO          373    i.EXTI0_IRQHandler  stm32f10x_it.o
    0x08000b66   0x00000002   Code   RO          374    i.EXTI15_10_IRQHandler  stm32f10x_it.o
    0x08000b68   0x00000002   Code   RO          375    i.EXTI1_IRQHandler  stm32f10x_it.o
    0x08000b6a   0x00000002   Code   RO          376    i.EXTI2_IRQHandler  stm32f10x_it.o
    0x08000b6c   0x00000002   Code   RO          377    i.EXTI3_IRQHandler  stm32f10x_it.o
    0x08000b6e   0x00000004   Code   RO          378    i.EXTI4_IRQHandler  stm32f10x_it.o
    0x08000b72   0x00000002   Code   RO          379    i.EXTI9_5_IRQHandler  stm32f10x_it.o
    0x08000b74   0x0000000c   Code   RO         2912    i.EXTI_ClearITPendingBit  STM32F10xR.LIB(stm32f10x_exti.o)(STM32F10xR.LIB)
    0x08000b80   0x0000008c   Code   RO         2906    i.EXTI_Init         STM32F10xR.LIB(stm32f10x_exti.o)(STM32F10xR.LIB)
    0x08000c0c   0x00000094   Code   RO         1159    i.EarseAndResetAll  offlinedownloadctrl.o
    0x08000ca0   0x0000000c   Code   RO            5    i.Enter_LowPowerMode  hw_config.o
    0x08000cac   0x0000000c   Code   RO         2984    i.FLASH_ClearFlag   STM32F10xR.LIB(stm32f10x_flash.o)(STM32F10xR.LIB)
    0x08000cb8   0x00000036   Code   RO            6    i.FLASH_Earse       hw_config.o
    0x08000cee   0x00000002   PAD
    0x08000cf0   0x00000040   Code   RO         2969    i.FLASH_ErasePage   STM32F10xR.LIB(stm32f10x_flash.o)(STM32F10xR.LIB)
    0x08000d30   0x00000028   Code   RO         2967    i.FLASH_GetStatus   STM32F10xR.LIB(stm32f10x_flash.o)(STM32F10xR.LIB)
    0x08000d58   0x00000002   Code   RO          380    i.FLASH_IRQHandler  stm32f10x_it.o
    0x08000d5a   0x00000002   PAD
    0x08000d5c   0x00000018   Code   RO         2964    i.FLASH_PrefetchBufferCmd  STM32F10xR.LIB(stm32f10x_flash.o)(STM32F10xR.LIB)
    0x08000d74   0x0000003e   Code   RO            7    i.FLASH_Program     hw_config.o
    0x08000db2   0x00000002   PAD
    0x08000db4   0x00000044   Code   RO         2972    i.FLASH_ProgramWord  STM32F10xR.LIB(stm32f10x_flash.o)(STM32F10xR.LIB)
    0x08000df8   0x00000018   Code   RO         2962    i.FLASH_SetLatency  STM32F10xR.LIB(stm32f10x_flash.o)(STM32F10xR.LIB)
    0x08000e10   0x00000018   Code   RO         2965    i.FLASH_Unlock      STM32F10xR.LIB(stm32f10x_flash.o)(STM32F10xR.LIB)
    0x08000e28   0x00000028   Code   RO         2968    i.FLASH_WaitForLastOperation  STM32F10xR.LIB(stm32f10x_flash.o)(STM32F10xR.LIB)
    0x08000e50   0x00000002   Code   RO          381    i.FSMC_IRQHandler   stm32f10x_it.o
    0x08000e52   0x00000002   PAD
    0x08000e54   0x00000150   Code   RO            8    i.GPIO_Configuration  hw_config.o
    0x08000fa4   0x00000028   Code   RO         3127    i.GPIO_EXTILineConfig  STM32F10xR.LIB(stm32f10x_gpio.o)(STM32F10xR.LIB)
    0x08000fcc   0x000000a0   Code   RO         3113    i.GPIO_Init         STM32F10xR.LIB(stm32f10x_gpio.o)(STM32F10xR.LIB)
    0x0800106c   0x0000000e   Code   RO         3115    i.GPIO_ReadInputDataBit  STM32F10xR.LIB(stm32f10x_gpio.o)(STM32F10xR.LIB)
    0x0800107a   0x00000004   Code   RO         3120    i.GPIO_ResetBits    STM32F10xR.LIB(stm32f10x_gpio.o)(STM32F10xR.LIB)
    0x0800107e   0x00000004   Code   RO         3119    i.GPIO_SetBits      STM32F10xR.LIB(stm32f10x_gpio.o)(STM32F10xR.LIB)
    0x08001082   0x0000000a   Code   RO         3121    i.GPIO_WriteBit     STM32F10xR.LIB(stm32f10x_gpio.o)(STM32F10xR.LIB)
    0x0800108c   0x00000018   Code   RO            9    i.GetComDogDead     hw_config.o
    0x080010a4   0x00000020   Code   RO         1998    i.GetEPRxAddr       usb_regs.o
    0x080010c4   0x0000001c   Code   RO         2001    i.GetEPTxAddr       usb_regs.o
    0x080010e0   0x00000018   Code   RO         2003    i.GetEPTxStatus     usb_regs.o
    0x080010f8   0x0000000c   Code   RO           10    i.GetKeyDown        hw_config.o
    0x08001104   0x00000008   Code   RO         1160    i.GetMCUCFG         offlinedownloadctrl.o
    0x0800110c   0x0000000c   Code   RO         1161    i.GetMaxAuthNum     offlinedownloadctrl.o
    0x08001118   0x0000000c   Code   RO         1162    i.GetPwdAuthed      offlinedownloadctrl.o
    0x08001124   0x00000014   Code   RO         1163    i.GetPwdValidation  offlinedownloadctrl.o
    0x08001138   0x0000005c   Code   RO           12    i.Get_SerialNum     hw_config.o
    0x08001194   0x00000002   Code   RO          382    i.HardFaultException  stm32f10x_it.o
    0x08001196   0x00000002   Code   RO          383    i.I2C1_ER_IRQHandler  stm32f10x_it.o
    0x08001198   0x00000002   Code   RO          384    i.I2C1_EV_IRQHandler  stm32f10x_it.o
    0x0800119a   0x00000002   Code   RO          385    i.I2C2_ER_IRQHandler  stm32f10x_it.o
    0x0800119c   0x00000002   Code   RO          386    i.I2C2_EV_IRQHandler  stm32f10x_it.o
    0x0800119e   0x00000002   PAD
    0x080011a0   0x00000118   Code   RO         1807    i.In0_Process       usb_core.o
    0x080012b8   0x00000068   Code   RO         2519    i.JTAG2SWD          swd_host.o
    0x08001320   0x00000014   Code   RO           14    i.KEY_INT           hw_config.o
    0x08001334   0x0000003c   Code   RO           15    i.Key_Confirm       hw_config.o
    0x08001370   0x0000001c   Code   RO           16    i.Leave_LowPowerMode  hw_config.o
    0x0800138c   0x00000002   Code   RO          387    i.MemManageException  stm32f10x_it.o
    0x0800138e   0x00000002   Code   RO          388    i.NMIException      stm32f10x_it.o
    0x08001390   0x00000002   Code   RO         1808    i.NOP_Process       usb_core.o
    0x08001392   0x00000074   Code   RO         3225    i.NVIC_Init         STM32F10xR.LIB(stm32f10x_nvic.o)(STM32F10xR.LIB)
    0x08001406   0x00000004   Code   RO         3229    i.NVIC_SETFAULTMASK  STM32F10xR.LIB(stm32f10x_nvic.o)(STM32F10xR.LIB)
    0x0800140a   0x00000002   PAD
    0x0800140c   0x00000014   Code   RO         3240    i.NVIC_SetVectorTable  STM32F10xR.LIB(stm32f10x_nvic.o)(STM32F10xR.LIB)
    0x08001420   0x00000008   Code   RO         1164    i.OFFLINE_GetChipID  offlinedownloadctrl.o
    0x08001428   0x00000006   Code   RO         1165    i.OFFLINE_GetChipVersion  offlinedownloadctrl.o
    0x0800142e   0x00000002   PAD
    0x08001430   0x0000000c   Code   RO         1166    i.OFFLINE_GetFlashLockBit  offlinedownloadctrl.o
    0x0800143c   0x00000014   Code   RO         1167    i.OFFLINE_GetPID    offlinedownloadctrl.o
    0x08001450   0x00000124   Code   RO         1168    i.OfflineDownload   offlinedownloadctrl.o
    0x08001574   0x000000b4   Code   RO         1170    i.OfflineDownloadwithSWD  offlinedownloadctrl.o
    0x08001628   0x00000110   Code   RO         1171    i.OfflineDownloadwithUART  offlinedownloadctrl.o
    0x08001738   0x00000024   Code   RO         1172    i.OfflineEarseMCUFLASH  offlinedownloadctrl.o
    0x0800175c   0x00000024   Code   RO         1173    i.OfflineEarseMCURAM  offlinedownloadctrl.o
    0x08001780   0x0000004c   Code   RO         1174    i.OfflineInit       offlinedownloadctrl.o
    0x080017cc   0x00000064   Code   RO         1175    i.OfflineProgramMCUFLASH  offlinedownloadctrl.o
    0x08001830   0x0000005c   Code   RO         1176    i.OfflineProgramMCURAM  offlinedownloadctrl.o
    0x0800188c   0x0000001c   Code   RO         1177    i.OfflineReadMCUFLASH  offlinedownloadctrl.o
    0x080018a8   0x0000001c   Code   RO         1178    i.OfflineReadMCURAM  offlinedownloadctrl.o
    0x080018c4   0x00000114   Code   RO         1809    i.Out0_Process      usb_core.o
    0x080019d8   0x00000024   Code   RO         1961    i.PMAToUserBufferCopy  usb_mem.o
    0x080019fc   0x00000002   Code   RO          389    i.PVD_IRQHandler    stm32f10x_it.o
    0x080019fe   0x00000002   Code   RO          390    i.PendSVC           stm32f10x_it.o
    0x08001a00   0x00000028   Code   RO         1036    i.PowerOn           usb_pwr.o
    0x08001a28   0x00000018   Code   RO         3434    i.RCC_APB1PeriphClockCmd  STM32F10xR.LIB(stm32f10x_rcc.o)(STM32F10xR.LIB)
    0x08001a40   0x00000018   Code   RO         3433    i.RCC_APB2PeriphClockCmd  STM32F10xR.LIB(stm32f10x_rcc.o)(STM32F10xR.LIB)
    0x08001a58   0x0000003c   Code   RO         3411    i.RCC_DeInit        STM32F10xR.LIB(stm32f10x_rcc.o)(STM32F10xR.LIB)
    0x08001a94   0x00000094   Code   RO         3431    i.RCC_GetClocksFreq  STM32F10xR.LIB(stm32f10x_rcc.o)(STM32F10xR.LIB)
    0x08001b28   0x00000030   Code   RO         3413    i.RCC_GetFlagStatus  STM32F10xR.LIB(stm32f10x_rcc.o)(STM32F10xR.LIB)
    0x08001b58   0x00000010   Code   RO         3420    i.RCC_GetSYSCLKSource  STM32F10xR.LIB(stm32f10x_rcc.o)(STM32F10xR.LIB)
    0x08001b68   0x00000014   Code   RO         3421    i.RCC_HCLKConfig    STM32F10xR.LIB(stm32f10x_rcc.o)(STM32F10xR.LIB)
    0x08001b7c   0x00000034   Code   RO         3412    i.RCC_HSEConfig     STM32F10xR.LIB(stm32f10x_rcc.o)(STM32F10xR.LIB)
    0x08001bb0   0x00000002   Code   RO          391    i.RCC_IRQHandler    stm32f10x_it.o
    0x08001bb2   0x00000002   PAD
    0x08001bb4   0x00000014   Code   RO         3422    i.RCC_PCLK1Config   STM32F10xR.LIB(stm32f10x_rcc.o)(STM32F10xR.LIB)
    0x08001bc8   0x00000014   Code   RO         3423    i.RCC_PCLK2Config   STM32F10xR.LIB(stm32f10x_rcc.o)(STM32F10xR.LIB)
    0x08001bdc   0x0000000c   Code   RO         3418    i.RCC_PLLCmd        STM32F10xR.LIB(stm32f10x_rcc.o)(STM32F10xR.LIB)
    0x08001be8   0x00000014   Code   RO         3417    i.RCC_PLLConfig     STM32F10xR.LIB(stm32f10x_rcc.o)(STM32F10xR.LIB)
    0x08001bfc   0x00000014   Code   RO         3419    i.RCC_SYSCLKConfig  STM32F10xR.LIB(stm32f10x_rcc.o)(STM32F10xR.LIB)
    0x08001c10   0x0000000c   Code   RO         3425    i.RCC_USBCLKConfig  STM32F10xR.LIB(stm32f10x_rcc.o)(STM32F10xR.LIB)
    0x08001c1c   0x00000034   Code   RO         3414    i.RCC_WaitForHSEStartUp  STM32F10xR.LIB(stm32f10x_rcc.o)(STM32F10xR.LIB)
    0x08001c50   0x00000a50   Code   RO         1081    i.RQ_CMDProc        blslave.o
    0x080026a0   0x000000a0   Code   RO         1082    i.RQ_Proc           blslave.o
    0x08002740   0x00000034   Code   RO         1083    i.RQ_init           blslave.o
    0x08002774   0x00000002   Code   RO          392    i.RTCAlarm_IRQHandler  stm32f10x_it.o
    0x08002776   0x00000002   Code   RO          393    i.RTC_IRQHandler    stm32f10x_it.o
    0x08002778   0x0000000a   Code   RO         1179    i.RemovePwd         offlinedownloadctrl.o
    0x08002782   0x00000002   PAD
    0x08002784   0x000000c4   Code   RO         1037    i.Resume            usb_pwr.o
    0x08002848   0x00000002   Code   RO          394    i.SDIO_IRQHandler   stm32f10x_it.o
    0x0800284a   0x00000002   Code   RO          395    i.SPI1_IRQHandler   stm32f10x_it.o
    0x0800284c   0x00000002   Code   RO          396    i.SPI2_IRQHandler   stm32f10x_it.o
    0x0800284e   0x00000002   Code   RO          397    i.SPI3_IRQHandler   stm32f10x_it.o
    0x08002850   0x00000118   Code   RO         1353    i.SPIConnectionTest  spi.o
    0x08002968   0x00000064   Code   RO         1355    i.SPIPassword_Write  spi.o
    0x080029cc   0x00000244   Code   RO         1357    i.SPI_TxRx          spi.o
    0x08002c10   0x00000104   Code   RO         1399    i.STC_AUTHPWD       stc.o
    0x08002d14   0x00000010   Code   RO         1400    i.STC_BL_Init       stc.o
    0x08002d24   0x0000002e   Code   RO         1401    i.STC_CheckPWDValid  stc.o
    0x08002d52   0x00000002   PAD
    0x08002d54   0x0000009c   Code   RO         1402    i.STC_Connect       stc.o
    0x08002df0   0x0000007c   Code   RO         1403    i.STC_DisConnect    stc.o
    0x08002e6c   0x00000020   Code   RO         1404    i.STC_GetChipID     stc.o
    0x08002e8c   0x0000002a   Code   RO         1405    i.STC_GetChipVersion  stc.o
    0x08002eb6   0x00000020   Code   RO         1406    i.STC_GetFlashLockBit  stc.o
    0x08002ed6   0x00000062   Code   RO         1407    i.STC_GetMAXAUTHTimes  stc.o
    0x08002f38   0x00000030   Code   RO         1408    i.STC_GetPID        stc.o
    0x08002f68   0x0000000c   Code   RO         1409    i.STC_GetPwdAuthed  stc.o
    0x08002f74   0x00000094   Code   RO           17    i.STC_IO_Config_Unused  hw_config.o
    0x08003008   0x00000084   Code   RO           18    i.STC_IO_Config_Used_for_STC  hw_config.o
    0x0800308c   0x00000088   Code   RO           19    i.STC_IO_Config_Used_for_SWD  hw_config.o
    0x08003114   0x00000354   Code   RO         1410    i.STC_Init          stc.o
    0x08003468   0x000000b0   Code   RO         1411    i.STC_MassEraseCmd  stc.o
    0x08003518   0x00000620   Code   RO         1413    i.STC_OP            stc.o
    0x08003b38   0x000000e4   Code   RO         1415    i.STC_PageErase     stc.o
    0x08003c1c   0x000000e8   Code   RO         1416    i.STC_Read          stc.o
    0x08003d04   0x000006e0   Code   RO         1417    i.STC_Read_DWORD    stc.o
    0x080043e4   0x00000050   Code   RO         1419    i.STC_RemovePWD     stc.o
    0x08004434   0x00000138   Code   RO         1422    i.STC_Write         stc.o
    0x0800456c   0x00000114   Code   RO         1423    i.STC_WritePWD      stc.o
    0x08004680   0x00000664   Code   RO         1424    i.STC_Write_DWORD   stc.o
    0x08004ce4   0x00000002   Code   RO          398    i.SVCHandler        stm32f10x_it.o
    0x08004ce6   0x00000002   PAD
    0x08004ce8   0x00000024   Code   RO         1670    i.SWD_AUTHPWD       swd.o
    0x08004d0c   0x00000020   Code   RO         1671    i.SWD_CheckPWDValid  swd.o
    0x08004d2c   0x00000028   Code   RO         1672    i.SWD_Connect       swd.o
    0x08004d54   0x00000014   Code   RO         1673    i.SWD_DisConnect    swd.o
    0x08004d68   0x00000016   Code   RO         1674    i.SWD_GetChipID     swd.o
    0x08004d7e   0x00000020   Code   RO         1675    i.SWD_GetChipVersion  swd.o
    0x08004d9e   0x00000016   Code   RO         1676    i.SWD_GetFlashLockBit  swd.o
    0x08004db4   0x00000008   Code   RO         1677    i.SWD_GetMAXAUTHTimes  swd.o
    0x08004dbc   0x00000026   Code   RO         1678    i.SWD_GetPID        swd.o
    0x08004de2   0x00000002   PAD
    0x08004de4   0x0000000c   Code   RO         1679    i.SWD_GetPwdAuthed  swd.o
    0x08004df0   0x00000004   Code   RO         1680    i.SWD_GoUserApp     swd.o
    0x08004df4   0x0000005c   Code   RO         1681    i.SWD_MassEraseCmd  swd.o
    0x08004e50   0x00000014   Code   RO         1683    i.SWD_Read          swd.o
    0x08004e64   0x0000000e   Code   RO         1684    i.SWD_RemovePWD     swd.o
    0x08004e72   0x00000002   PAD
    0x08004e74   0x000000b4   Code   RO         1685    i.SWD_Restore       swd.o
    0x08004f28   0x00000014   Code   RO         2478    i.SWD_Transfer      sw_dp.o
    0x08004f3c   0x0000024c   Code   RO         2479    i.SWD_TransferFast  sw_dp.o
    0x08005188   0x00000446   Code   RO         2480    i.SWD_TransferSlow  sw_dp.o
    0x080055ce   0x00000020   Code   RO         1686    i.SWD_Write         swd.o
    0x080055ee   0x00000002   PAD
    0x080055f0   0x000000ac   Code   RO         1687    i.SWD_WritePWD      swd.o
    0x0800569c   0x00000068   Code   RO         2481    i.SWJ_Sequence      sw_dp.o
    0x08005704   0x00000010   Code   RO         2009    i.SetBTABLE         usb_regs.o
    0x08005714   0x00000098   Code   RO         1811    i.SetDeviceAddress  usb_core.o
    0x080057ac   0x00000020   Code   RO         2023    i.SetEPRxAddr       usb_regs.o
    0x080057cc   0x00000044   Code   RO         2024    i.SetEPRxCount      usb_regs.o
    0x08005810   0x00000034   Code   RO         2025    i.SetEPRxStatus     usb_regs.o
    0x08005844   0x00000024   Code   RO         2026    i.SetEPRxValid      usb_regs.o
    0x08005868   0x00000020   Code   RO         2027    i.SetEPTxAddr       usb_regs.o
    0x08005888   0x0000001c   Code   RO         2028    i.SetEPTxCount      usb_regs.o
    0x080058a4   0x00000034   Code   RO         2029    i.SetEPTxStatus     usb_regs.o
    0x080058d8   0x00000024   Code   RO         2030    i.SetEPTxValid      usb_regs.o
    0x080058fc   0x00000020   Code   RO         2031    i.SetEPType         usb_regs.o
    0x0800591c   0x00000070   Code   RO         1180    i.SetFlashDone      offlinedownloadctrl.o
    0x0800598c   0x0000003c   Code   RO           21    i.SetHappyLight     hw_config.o
    0x080059c8   0x00000060   Code   RO         1181    i.SetPwd            offlinedownloadctrl.o
    0x08005a28   0x00000074   Code   RO         1182    i.SetRamDone        offlinedownloadctrl.o
    0x08005a9c   0x00000120   Code   RO           22    i.Set_System        hw_config.o
    0x08005bbc   0x00000014   Code   RO           23    i.Set_USBClock      hw_config.o
    0x08005bd0   0x00000404   Code   RO         1812    i.Setup0_Process    usb_core.o
    0x08005fd4   0x00000108   Code   RO         1813    i.Standard_ClearFeature  usb_core.o
    0x080060dc   0x00000028   Code   RO         1814    i.Standard_GetConfiguration  usb_core.o
    0x08006104   0x00000020   Code   RO         1815    i.Standard_GetDescriptorData  usb_core.o
    0x08006124   0x00000028   Code   RO         1816    i.Standard_GetInterface  usb_core.o
    0x0800614c   0x000000a8   Code   RO         1817    i.Standard_GetStatus  usb_core.o
    0x080061f4   0x00000020   Code   RO         1039    i.Suspend           usb_pwr.o
    0x08006214   0x00000004   Code   RO          399    i.SysTickHandler    stm32f10x_it.o
    0x08006218   0x00000024   Code   RO         3614    i.SysTick_CounterCmd  STM32F10xR.LIB(stm32f10x_systick.o)(STM32F10xR.LIB)
    0x0800623c   0x00000018   Code   RO         3615    i.SysTick_ITConfig  STM32F10xR.LIB(stm32f10x_systick.o)(STM32F10xR.LIB)
    0x08006254   0x00000008   Code   RO         3613    i.SysTick_SetReload  STM32F10xR.LIB(stm32f10x_systick.o)(STM32F10xR.LIB)
    0x0800625c   0x00000002   Code   RO          400    i.TAMPER_IRQHandler  stm32f10x_it.o
    0x0800625e   0x00000002   Code   RO          401    i.TIM1_BRK_IRQHandler  stm32f10x_it.o
    0x08006260   0x00000002   Code   RO          402    i.TIM1_CC_IRQHandler  stm32f10x_it.o
    0x08006262   0x00000002   Code   RO          403    i.TIM1_TRG_COM_IRQHandler  stm32f10x_it.o
    0x08006264   0x00000002   Code   RO          404    i.TIM1_UP_IRQHandler  stm32f10x_it.o
    0x08006266   0x00000002   Code   RO          405    i.TIM2_IRQHandler   stm32f10x_it.o
    0x08006268   0x00000002   Code   RO          406    i.TIM3_IRQHandler   stm32f10x_it.o
    0x0800626a   0x00000002   Code   RO          407    i.TIM4_IRQHandler   stm32f10x_it.o
    0x0800626c   0x00000002   Code   RO          408    i.TIM5_IRQHandler   stm32f10x_it.o
    0x0800626e   0x00000002   Code   RO          409    i.TIM6_IRQHandler   stm32f10x_it.o
    0x08006270   0x00000002   Code   RO          410    i.TIM7_IRQHandler   stm32f10x_it.o
    0x08006272   0x00000002   Code   RO          411    i.TIM8_BRK_IRQHandler  stm32f10x_it.o
    0x08006274   0x00000002   Code   RO          412    i.TIM8_CC_IRQHandler  stm32f10x_it.o
    0x08006276   0x00000002   Code   RO          413    i.TIM8_TRG_COM_IRQHandler  stm32f10x_it.o
    0x08006278   0x00000002   Code   RO          414    i.TIM8_UP_IRQHandler  stm32f10x_it.o
    0x0800627a   0x00000002   Code   RO          415    i.UART4_IRQHandler  stm32f10x_it.o
    0x0800627c   0x00000002   Code   RO          416    i.UART5_IRQHandler  stm32f10x_it.o
    0x0800627e   0x00000002   PAD
    0x08006280   0x00000074   Code   RO         1570    i.UART_AUTHPWD      uart.o
    0x080062f4   0x00000058   Code   RO         1571    i.UART_CheckPWDValid  uart.o
    0x0800634c   0x00000040   Code   RO         1572    i.UART_Connect      uart.o
    0x0800638c   0x0000004c   Code   RO         1573    i.UART_GetChipID    uart.o
    0x080063d8   0x0000004c   Code   RO         1574    i.UART_GetChipVersion  uart.o
    0x08006424   0x0000004c   Code   RO         1575    i.UART_GetFlashLockBit  uart.o
    0x08006470   0x0000004c   Code   RO         1576    i.UART_GetMAXAUTHTimes  uart.o
    0x080064bc   0x0000004c   Code   RO         1577    i.UART_GetPID       uart.o
    0x08006508   0x00000044   Code   RO         1578    i.UART_GoUserApp    uart.o
    0x0800654c   0x00000070   Code   RO         1579    i.UART_MassEraseCmd  uart.o
    0x080065bc   0x00000054   Code   RO         1580    i.UART_Read         uart.o
    0x08006610   0x00000070   Code   RO         1581    i.UART_RemovePWD    uart.o
    0x08006680   0x0000000c   Code   RO           25    i.UART_SetTimeOut   hw_config.o
    0x0800668c   0x0000007c   Code   RO         1583    i.UART_Write        uart.o
    0x08006708   0x00000090   Code   RO         1584    i.UART_WritePWD     uart.o
    0x08006798   0x0000004c   Code   RO           26    i.UART_rev          hw_config.o
    0x080067e4   0x00000074   Code   RO           27    i.UART_send         hw_config.o
    0x08006858   0x00000002   Code   RO          417    i.USART1_IRQHandler  stm32f10x_it.o
    0x0800685a   0x00000002   Code   RO          418    i.USART2_IRQHandler  stm32f10x_it.o
    0x0800685c   0x00000002   Code   RO          419    i.USART3_IRQHandler  stm32f10x_it.o
    0x0800685e   0x00000014   Code   RO         3662    i.USART_Cmd         STM32F10xR.LIB(stm32f10x_usart.o)(STM32F10xR.LIB)
    0x08006872   0x0000000e   Code   RO         3680    i.USART_GetFlagStatus  STM32F10xR.LIB(stm32f10x_usart.o)(STM32F10xR.LIB)
    0x08006880   0x00000088   Code   RO         3658    i.USART_Init        STM32F10xR.LIB(stm32f10x_usart.o)(STM32F10xR.LIB)
    0x08006908   0x00000008   Code   RO         3671    i.USART_ReceiveData  STM32F10xR.LIB(stm32f10x_usart.o)(STM32F10xR.LIB)
    0x08006910   0x00000008   Code   RO         3670    i.USART_SendData    STM32F10xR.LIB(stm32f10x_usart.o)(STM32F10xR.LIB)
    0x08006918   0x00000128   Code   RO         1086    i.USBIn             blslave.o
    0x08006a40   0x00000018   Code   RO         1087    i.USBInit           blslave.o
    0x08006a58   0x000000c4   Code   RO         1088    i.USBOutCB          blslave.o
    0x08006b1c   0x00000002   Code   RO          420    i.USBWakeUp_IRQHandler  stm32f10x_it.o
    0x08006b1e   0x00000002   Code   RO          421    i.USB_HP_CAN_TX_IRQHandler  stm32f10x_it.o
    0x08006b20   0x00000028   Code   RO         1905    i.USB_Init          usb_init.o
    0x08006b48   0x00000042   Code   RO           30    i.USB_Interrupts_Config  hw_config.o
    0x08006b8a   0x00000002   PAD
    0x08006b8c   0x000000d8   Code   RO          893    i.USB_Istr          usb_istr.o
    0x08006c64   0x00000004   Code   RO          422    i.USB_LP_CAN_RX0_IRQHandler  stm32f10x_it.o
    0x08006c68   0x00000002   Code   RO          423    i.UsageFaultException  stm32f10x_it.o
    0x08006c6a   0x00000002   PAD
    0x08006c6c   0x00000054   Code   RO         1962    i.UserToPMABufferCopy  usb_mem.o
    0x08006cc0   0x00000002   Code   RO          424    i.WWDG_IRQHandler   stm32f10x_it.o
    0x08006cc2   0x00000048   Code   RO         1317    i.checksum          sw_lib.o
    0x08006d0a   0x00000002   PAD
    0x08006d0c   0x00000048   Code   RO          327    i.main              main.o
    0x08006d54   0x00000030   Code   RO         1318    i.memcmp            sw_lib.o
    0x08006d84   0x00000052   Code   RO         1319    i.memcmpfixed       sw_lib.o
    0x08006dd6   0x00000034   Code   RO         1320    i.memcpy            sw_lib.o
    0x08006e0a   0x00000020   Code   RO         1321    i.memset            sw_lib.o
    0x08006e2a   0x00000002   PAD
    0x08006e2c   0x000001d4   Code   RO         2520    i.swd_flash_syscall_exec  swd_host.o
    0x08007000   0x000000bc   Code   RO         2522    i.swd_init_debug    swd_host.o
    0x080070bc   0x000001fc   Code   RO         2526    i.swd_read_memory   swd_host.o
    0x080072b8   0x00000094   Code   RO         2527    i.swd_read_word     swd_host.o
    0x0800734c   0x00000190   Code   RO         2530    i.swd_set_target_state  swd_host.o
    0x080074dc   0x0000008c   Code   RO         2531    i.swd_write_ap      swd_host.o
    0x08007568   0x00000080   Code   RO         2532    i.swd_write_core_register  swd_host.o
    0x080075e8   0x00000086   Code   RO         2533    i.swd_write_data    swd_host.o
    0x0800766e   0x00000002   PAD
    0x08007670   0x00000058   Code   RO         2534    i.swd_write_dp      swd_host.o
    0x080076c8   0x00000124   Code   RO         2535    i.swd_write_memory  swd_host.o
    0x080077ec   0x00000064   Code   RO           32    i.systick_proc      hw_config.o
    0x08007850   0x00000002   Code   RO         2640    i.target_before_init_debug  target_reset.o
    0x08007852   0x00000002   PAD
    0x08007854   0x00000070   Code   RO         1688    i.target_flash_program_page  swd.o
    0x080078c4   0x00000004   Code   RO         2642    i.target_unlock_sequence  target_reset.o
    0x080078c8   0x0000000e   Code   RO         3921    x$fpl$fpinit        fz_ws.l(fpinit.o)(fz_ws.l)
    0x080078d6   0x00000012   Data   RO          848    .constdata          usb_desc.o
    0x080078e8   0x00000029   Data   RO          849    .constdata          usb_desc.o
    0x08007911   0x00000025   Data   RO          850    .constdata          usb_desc.o
    0x08007936   0x00000004   Data   RO          851    .constdata          usb_desc.o
    0x0800793a   0x00000026   Data   RO          852    .constdata          usb_desc.o
    0x08007960   0x00000020   Data   RO          853    .constdata          usb_desc.o
    0x08007980   0x000000ec   Data   RO         1689    .constdata          swd.o
    0x08007a6c   0x00000014   Data   RO         3444    .constdata          STM32F10xR.LIB(stm32f10x_rcc.o)(STM32F10xR.LIB)
    0x08007a80   0x00000020   Data   RO         4002    Region$$Table       anon$$obj.o


    Execution Region RW_IRAM1 (Base: 0x20008000, Size: 0x00002878, Max: 0x00008000, ABSOLUTE, COMPRESSED[0x00000080])

    Base Addr    Size         Type   Attr      Idx    E Section Name        Object

    0x20008000   0x00000018   Data   RW           34    .data               hw_config.o
    0x20008018   0x0000001a   Data   RW          854    .data               usb_desc.o
    0x20008032   0x00000004   Data   RW          894    .data               usb_istr.o
    0x20008036   0x00000002   PAD
    0x20008038   0x0000001c   Data   RW          895    .data               usb_istr.o
    0x20008054   0x0000001c   Data   RW          896    .data               usb_istr.o
    0x20008070   0x00000002   Data   RW          936    .data               usb_prop.o
    0x20008072   0x00000002   PAD
    0x20008074   0x00000074   Data   RW          937    .data               usb_prop.o
    0x200080e8   0x00000024   Data   RW          938    .data               usb_prop.o
    0x2000810c   0x00000004   Data   RW         1040    .data               usb_pwr.o
    0x20008110   0x00000001   Data   RW         1041    .data               usb_pwr.o
    0x20008111   0x00000002   Data   RW         1042    .data               usb_pwr.o
    0x20008113   0x00000001   PAD
    0x20008114   0x00000004   Data   RW         1090    .data               blslave.o
    0x20008118   0x00000008   Data   RW         1185    .data               offlinedownloadctrl.o
    0x20008120   0x00000001   Data   RW         1363    .data               spi.o
    0x20008121   0x00000003   Data   RW         1429    .data               stc.o
    0x20008124   0x00000002   Data   RW         1690    .data               swd.o
    0x20008126   0x00000004   Data   RW         1822    .data               usb_core.o
    0x2000812a   0x00000001   Data   RW         1907    .data               usb_init.o
    0x2000812b   0x00000001   PAD
    0x2000812c   0x0000000c   Data   RW         1908    .data               usb_init.o
    0x20008138   0x00000002   Data   RW         1910    .data               usb_init.o
    0x2000813a   0x00000004   Data   RW         1933    .data               usb_int.o
    0x2000813e   0x00000002   PAD
    0x20008140   0x00000008   Data   RW         2536    .data               swd_host.o
    0x20008148   0x00000008   Data   RW         3443    .data               STM32F10xR.LIB(stm32f10x_rcc.o)(STM32F10xR.LIB)
    0x20008150   0x00000030   PAD
    0x20008180   0x00000a20   Zero   RW         1089    .bss                blslave.o
    0x20008ba0   0x00000020   PAD
    0x20008bc0   0x00000910   Zero   RW         1183    .bss                offlinedownloadctrl.o
    0x200094d0   0x00000030   PAD
    0x20009500   0x00000080   Zero   RW         1358    .bss                spi.o
    0x20009580   0x000009dc   Zero   RW         1426    .bss                stc.o
    0x20009f5c   0x00000024   PAD
    0x20009f80   0x00000040   Zero   RW         1585    .bss                uart.o
    0x20009fc0   0x0000001c   Zero   RW         1906    .bss                usb_init.o
    0x20009fdc   0x00000024   PAD
    0x2000a000   0x00000018   Zero   RW         2350    .bss                dap.o
    0x2000a018   0x00000060   Zero   RW         3876    .bss                c_w.l(libspace.o)(c_w.l)
    0x2000a078   0x00000400   Zero   RW         2340    HEAP                stm32f10x_vector.o
    0x2000a478   0x00000400   Zero   RW         2339    STACK               stm32f10x_vector.o


==============================================================================

Image component sizes


      Code (inc. data)   RO Data    RW Data    ZI Data      Debug   Object Name

      3374         78          0          4       2592          0   blslave.o
        24          6          0          0         24          0   dap.o
      1902        170          0         24          0          0   hw_config.o
        72          6          0          0          0          0   main.o
      1976        254          0          8       2320          0   offlinedownloadctrl.o
       960         38          0          1        128          0   spi.o
      7986        196          0          3       2524          0   stc.o
       144          0          0          0          0          0   stm32f10x_it.o
        36         22        304          0       2048          0   stm32f10x_vector.o
      1806         34          0          0          0          0   sw_dp.o
       286          0          0          0          0          0   sw_lib.o
       888         82        236          2          0          0   swd.o
      2598        120          0          8          0          0   swd_host.o
         6          0          0          0          0          0   target_reset.o
      1292         82          0          0         64          0   uart.o
      2466        200          0          4          0          0   usb_core.o
         0          0        170         26          0          0   usb_desc.o
         4          0          0          0          0          0   usb_endp.o
        40         18          0         15         28          0   usb_init.o
       680         26          0          4          0          0   usb_int.o
       216         22          0         60          0          0   usb_istr.o
       120         10          0          0          0          0   usb_mem.o
       538        120          0        154          0          0   usb_prop.o
       268         30          0          7          0          0   usb_pwr.o
       606        110          0          0          0          0   usb_regs.o

    ----------------------------------------------------------------------
     28336       1624        742        328       9880          0   Object Totals
         0          0         32          0          0          0   (incl. Generated)
        48          0          0          8        152          0   (incl. Padding)

    ----------------------------------------------------------------------

      Code (inc. data)   RO Data    RW Data    ZI Data      Debug   Library Member Name

       122          0          0          0          0          0   cortexm3_macro.o
        20          0          0          0          0          0   stm32f10x_adc.o
       152         12          0          0          0          0   stm32f10x_exti.o
       296         44          0          0          0          0   stm32f10x_flash.o
       232          6          0          0          0          0   stm32f10x_gpio.o
       140          8          0          0          0          0   stm32f10x_nvic.o
       548        100         20          8          0          0   stm32f10x_rcc.o
        68          0          0          0          0          0   stm32f10x_systick.o
       186          6          0          0          0          0   stm32f10x_usart.o
        90          0          0          0          0          0   __dczerorl2.o
         8          0          0          0          0          0   __main.o
        52          8          0          0          0          0   __scatter.o
        28          0          0          0          0          0   __scatter_zi.o
        16          0          0          0          0          0   aeabi_memset.o
        12          0          0          0          0          0   exit.o
         6          0          0          0          0          0   heapauxi.o
         6          0          0          0          0          0   libinit.o
         2          0          0          0          0          0   libinit2.o
         2          0          0          0          0          0   libshutdown.o
         2          0          0          0          0          0   libshutdown2.o
         8          4          0          0         96          0   libspace.o
        12          4          0          0          0          0   rt_fp_status_addr_intlibspace.o
        68          0          0          0          0          0   rt_memclr.o
        78          0          0          0          0          0   rt_memclr_w.o
         0          0          0          0          0          0   rtentry.o
        12          0          0          0          0          0   rtentry2.o
         6          0          0          0          0          0   rtentry4.o
         2          0          0          0          0          0   rtexit.o
        10          0          0          0          0          0   rtexit2.o
        12          4          0          0          0          0   sys_exit.o
        74          0          0          0          0          0   sys_stackheap_outer.o
         2          0          0          0          0          0   use_no_semi.o
        14          0          0          0          0          0   fpinit.o

    ----------------------------------------------------------------------
      2294        196         20          8        144          0   Library Totals
         8          0          0          0         48          0   (incl. Padding)

    ----------------------------------------------------------------------

      Code (inc. data)   RO Data    RW Data    ZI Data      Debug   Library Name

      1764        176         20          8          0      88884   STM32F10xR.LIB
       508         20          0          0         96        856   c_w.l
        14          0          0          0          0         76   fz_ws.l

    ----------------------------------------------------------------------
      2294        196         20          8        144          0   Library Totals

    ----------------------------------------------------------------------

==============================================================================


      Code (inc. data)   RO Data    RW Data    ZI Data      Debug   

     30630       1820        762        336      10024     310568   Grand Totals
     30630       1820        762        128      10024     310568   ELF Image Totals (compressed)
     30630       1820        762        128          0          0   ROM Totals

==============================================================================

    Total RO  Size (Code + RO Data)                31392 (  30.66kB)
    Total RW  Size (RW Data + ZI Data)             10360 (  10.12kB)
    Total ROM Size (Code + RO Data + RW Data)      31520 (  30.78kB)

==============================================================================

