<html>
<body>
<pre>
<h1>µVision Build Log</h1>
<h2>Project:</h2>
C:\Users\Nicholas\Desktop\project\MagicProgrammer\project\MagicProgrammer.uvproj
Project File Date:  03/07/2016

<h2>Output:</h2>
Build target 'MagicProgrammer'
compiling hw_config.c...
..\source\hw_config.c(495): warning:  #550-D: variable "tmptime" was set but never used
..\source\hw_config.c(542): warning:  #188-D: enumerated type mixed with another type
..\source\hw_config.c(547): warning:  #188-D: enumerated type mixed with another type
compiling main.c...
compiling stm32f10x_it.c...
compiling usb_desc.c...
compiling usb_endp.c...
compiling usb_istr.c...
compiling usb_prop.c...
compiling usb_pwr.c...
compiling BLSlave.c...
compiling OfflineDownloadCtrl.c...
..\source\OfflineDownloadCtrl.c(237): warning:  #177-D: variable "tmp" was declared but never referenced
..\source\OfflineDownloadCtrl.c(313): warning:  #177-D: variable "tmp" was declared but never referenced
compiling sw_lib.c...
compiling SPI.c...
..\source\SPI.c(124): warning:  #177-D: variable "k" was declared but never referenced
..\source\SPI.c(125): warning:  #177-D: variable "PasswordRecord" was declared but never referenced
compiling STC.c...
compiling UART.c...
compiling SWD.c...
..\source\SWD.c(41): warning:  #186-D: pointless comparison of unsigned integer with zero
compiling usb_core.c...
compiling usb_init.c...
compiling usb_int.c...
compiling usb_mem.c...
compiling usb_regs.c...
compiling DAP.c...
compiling SW_DP.c...
compiling swd_host.c...
compiling target_reset.c...
linking...
Program Size: Code=24038 RO-data=526 RW-data=328 ZI-data=9976  
FromELF: creating hex file...
".\Obj\MagicProgrammer.axf" - 0 Error(s), 8 Warning(s).
Build target 'MagicProgrammer'
compiling hw_config.c...
..\source\hw_config.c(495): warning:  #550-D: variable "tmptime" was set but never used
..\source\hw_config.c(542): warning:  #188-D: enumerated type mixed with another type
..\source\hw_config.c(547): warning:  #188-D: enumerated type mixed with another type
compiling main.c...
compiling stm32f10x_it.c...
compiling usb_prop.c...
compiling usb_pwr.c...
compiling BLSlave.c...
compiling OfflineDownloadCtrl.c...
..\source\OfflineDownloadCtrl.c(237): warning:  #177-D: variable "tmp" was declared but never referenced
..\source\OfflineDownloadCtrl.c(313): warning:  #177-D: variable "tmp" was declared but never referenced
compiling SPI.c...
..\source\SPI.c(124): warning:  #177-D: variable "k" was declared but never referenced
..\source\SPI.c(125): warning:  #177-D: variable "PasswordRecord" was declared but never referenced
compiling STC.c...
compiling UART.c...
compiling SWD.c...
..\source\SWD.c(41): warning:  #186-D: pointless comparison of unsigned integer with zero
compiling DAP.c...
compiling SW_DP.c...
compiling swd_host.c...
linking...
Program Size: Code=24038 RO-data=526 RW-data=328 ZI-data=9976  
FromELF: creating hex file...
".\Obj\MagicProgrammer.axf" - 0 Error(s), 8 Warning(s).
Build target 'MagicProgrammer'
compiling hw_config.c...
..\source\hw_config.c(526): warning:  #550-D: variable "tmptime" was set but never used
..\source\hw_config.c(573): warning:  #188-D: enumerated type mixed with another type
..\source\hw_config.c(578): warning:  #188-D: enumerated type mixed with another type
compiling main.c...
compiling stm32f10x_it.c...
compiling usb_prop.c...
compiling usb_pwr.c...
compiling BLSlave.c...
compiling OfflineDownloadCtrl.c...
..\source\OfflineDownloadCtrl.c(237): warning:  #177-D: variable "tmp" was declared but never referenced
..\source\OfflineDownloadCtrl.c(313): warning:  #177-D: variable "tmp" was declared but never referenced
compiling SPI.c...
..\source\SPI.c(124): warning:  #177-D: variable "k" was declared but never referenced
..\source\SPI.c(125): warning:  #177-D: variable "PasswordRecord" was declared but never referenced
compiling STC.c...
compiling UART.c...
compiling SWD.c...
..\source\SWD.c(41): warning:  #186-D: pointless comparison of unsigned integer with zero
compiling DAP.c...
..\Swd\DAP_config.h(349): error:  #20: identifier "PORT_nRESET" is undefined
..\Swd\DAP_config.h(349): error:  #20: identifier "PIN_nRESET" is undefined
..\Swd\DAP_config.h(457): error:  #20: identifier "PIN_nRESET" is undefined
..\Swd\DAP_config.h(460): error:  #20: identifier "PORT_nRESET" is undefined
compiling SW_DP.c...
..\Swd\DAP_config.h(349): error:  #20: identifier "PORT_nRESET" is undefined
..\Swd\DAP_config.h(349): error:  #20: identifier "PIN_nRESET" is undefined
..\Swd\DAP_config.h(457): error:  #20: identifier "PIN_nRESET" is undefined
..\Swd\DAP_config.h(460): error:  #20: identifier "PORT_nRESET" is undefined
compiling swd_host.c...
..\Swd\DAP_config.h(349): error:  #20: identifier "PORT_nRESET" is undefined
..\Swd\DAP_config.h(349): error:  #20: identifier "PIN_nRESET" is undefined
..\Swd\DAP_config.h(457): error:  #20: identifier "PIN_nRESET" is undefined
..\Swd\DAP_config.h(460): error:  #20: identifier "PORT_nRESET" is undefined
Target not created
Build target 'MagicProgrammer'
compiling hw_config.c...
..\source\hw_config.c(527): warning:  #550-D: variable "tmptime" was set but never used
..\source\hw_config.c(574): warning:  #188-D: enumerated type mixed with another type
..\source\hw_config.c(579): warning:  #188-D: enumerated type mixed with another type
compiling main.c...
compiling stm32f10x_it.c...
compiling usb_prop.c...
compiling usb_pwr.c...
compiling BLSlave.c...
compiling OfflineDownloadCtrl.c...
..\source\OfflineDownloadCtrl.c(237): warning:  #177-D: variable "tmp" was declared but never referenced
..\source\OfflineDownloadCtrl.c(313): warning:  #177-D: variable "tmp" was declared but never referenced
compiling SPI.c...
..\source\SPI.c(124): warning:  #177-D: variable "k" was declared but never referenced
..\source\SPI.c(125): warning:  #177-D: variable "PasswordRecord" was declared but never referenced
compiling STC.c...
compiling UART.c...
compiling SWD.c...
..\source\SWD.c(41): warning:  #186-D: pointless comparison of unsigned integer with zero
compiling DAP.c...
..\Swd\DAP_config.h(349): error:  #20: identifier "PORT_nRESET" is undefined
..\Swd\DAP_config.h(349): error:  #20: identifier "PIN_nRESET" is undefined
..\Swd\DAP_config.h(457): error:  #20: identifier "PIN_nRESET" is undefined
..\Swd\DAP_config.h(460): error:  #20: identifier "PORT_nRESET" is undefined
compiling SW_DP.c...
..\Swd\DAP_config.h(349): error:  #20: identifier "PORT_nRESET" is undefined
..\Swd\DAP_config.h(349): error:  #20: identifier "PIN_nRESET" is undefined
..\Swd\DAP_config.h(457): error:  #20: identifier "PIN_nRESET" is undefined
..\Swd\DAP_config.h(460): error:  #20: identifier "PORT_nRESET" is undefined
compiling swd_host.c...
..\Swd\DAP_config.h(349): error:  #20: identifier "PORT_nRESET" is undefined
..\Swd\DAP_config.h(349): error:  #20: identifier "PIN_nRESET" is undefined
..\Swd\DAP_config.h(457): error:  #20: identifier "PIN_nRESET" is undefined
..\Swd\DAP_config.h(460): error:  #20: identifier "PORT_nRESET" is undefined
Target not created
Build target 'MagicProgrammer'
compiling DAP.c...
..\Swd\DAP_config.h(349): error:  #20: identifier "PORT_nRESET" is undefined
..\Swd\DAP_config.h(349): error:  #20: identifier "PIN_nRESET" is undefined
..\Swd\DAP_config.h(434): warning:  #177-D: variable "GPIO_InitStructure" was declared but never referenced
compiling SW_DP.c...
..\Swd\DAP_config.h(349): error:  #20: identifier "PORT_nRESET" is undefined
..\Swd\DAP_config.h(349): error:  #20: identifier "PIN_nRESET" is undefined
..\Swd\DAP_config.h(434): warning:  #177-D: variable "GPIO_InitStructure" was declared but never referenced
compiling swd_host.c...
..\Swd\DAP_config.h(349): error:  #20: identifier "PORT_nRESET" is undefined
..\Swd\DAP_config.h(349): error:  #20: identifier "PIN_nRESET" is undefined
..\Swd\DAP_config.h(434): warning:  #177-D: variable "GPIO_InitStructure" was declared but never referenced
Target not created
Build target 'MagicProgrammer'
compiling DAP.c...
..\Swd\DAP_config.h(435): warning:  #177-D: variable "GPIO_InitStructure" was declared but never referenced
compiling SW_DP.c...
..\Swd\DAP_config.h(435): warning:  #177-D: variable "GPIO_InitStructure" was declared but never referenced
compiling swd_host.c...
..\Swd\DAP_config.h(435): warning:  #177-D: variable "GPIO_InitStructure" was declared but never referenced
linking...
Program Size: Code=24038 RO-data=526 RW-data=328 ZI-data=9976  
FromELF: creating hex file...
".\Obj\MagicProgrammer.axf" - 0 Error(s), 3 Warning(s).
Build target 'MagicProgrammer'
compiling DAP.c...
compiling SW_DP.c...
compiling swd_host.c...
linking...
Program Size: Code=24038 RO-data=526 RW-data=328 ZI-data=9976  
FromELF: creating hex file...
".\Obj\MagicProgrammer.axf" - 0 Error(s), 0 Warning(s).
Build target 'MagicProgrammer'
compiling SWD.c...
..\source\SWD.c(48): warning:  #186-D: pointless comparison of unsigned integer with zero
linking...
Program Size: Code=24038 RO-data=526 RW-data=328 ZI-data=9976  
FromELF: creating hex file...
".\Obj\MagicProgrammer.axf" - 0 Error(s), 1 Warning(s).
Build target 'MagicProgrammer'
compiling SWD.c...
..\source\SWD.c(57): warning:  #186-D: pointless comparison of unsigned integer with zero
linking...
Program Size: Code=24038 RO-data=526 RW-data=328 ZI-data=9976  
FromELF: creating hex file...
".\Obj\MagicProgrammer.axf" - 0 Error(s), 1 Warning(s).
Build target 'MagicProgrammer'
compiling SWD.c...
..\source\SWD.c(60): warning:  #186-D: pointless comparison of unsigned integer with zero
linking...
Program Size: Code=24038 RO-data=526 RW-data=328 ZI-data=9976  
FromELF: creating hex file...
".\Obj\MagicProgrammer.axf" - 0 Error(s), 1 Warning(s).
Build target 'MagicProgrammer'
compiling SPI.c...
..\source\SPI.c(131): error:  #20: identifier "RxPassword" is undefined
..\source\SPI.c(143): error:  #118: a void function may not return a value
..\source\SPI.c(146): error:  #118: a void function may not return a value
..\source\SPI.c(154): warning:  #177-D: variable "k" was declared but never referenced
..\source\SPI.c(155): warning:  #177-D: variable "PasswordRecord" was declared but never referenced
compiling SWD.c...
..\source\SWD.c(63): warning:  #186-D: pointless comparison of unsigned integer with zero
Target not created
Build target 'MagicProgrammer'
compiling SPI.c...
..\source\SPI.c(146): error:  #118: a void function may not return a value
..\source\SPI.c(149): error:  #118: a void function may not return a value
..\source\SPI.c(123): warning:  #177-D: variable "TxPassword" was declared but never referenced
..\source\SPI.c(157): warning:  #177-D: variable "k" was declared but never referenced
..\source\SPI.c(158): warning:  #177-D: variable "PasswordRecord" was declared but never referenced
Target not created
Build target 'MagicProgrammer'
compiling SPI.c...
..\source\SPI.c(123): warning:  #177-D: variable "TxPassword" was declared but never referenced
..\source\SPI.c(157): warning:  #177-D: variable "k" was declared but never referenced
..\source\SPI.c(158): warning:  #177-D: variable "PasswordRecord" was declared but never referenced
linking...
Program Size: Code=24038 RO-data=526 RW-data=328 ZI-data=9976  
FromELF: creating hex file...
".\Obj\MagicProgrammer.axf" - 0 Error(s), 3 Warning(s).
Build target 'MagicProgrammer'
compiling SPI.c...
..\source\SPI.c(123): warning:  #177-D: variable "TxPassword" was declared but never referenced
..\source\SPI.c(152): error:  #147: declaration is incompatible with "void SPIPassword_Write(void)" (declared at line 6 of "..\source\SPI.h")
..\source\SPI.c(221): warning:  #940-D: missing return statement at end of non-void function "SPIPassword_Write"
..\source\SPI.c(156): warning:  #177-D: variable "testPassword1" was declared but never referenced
..\source\SPI.c(156): warning:  #177-D: variable "testPassword2" was declared but never referenced
..\source\SPI.c(157): warning:  #177-D: variable "k" was declared but never referenced
..\source\SPI.c(158): warning:  #177-D: variable "PasswordRecord" was declared but never referenced
Target not created
Build target 'MagicProgrammer'
compiling SPI.c...
..\source\SPI.c(123): warning:  #177-D: variable "TxPassword" was declared but never referenced
..\source\SPI.c(221): warning:  #940-D: missing return statement at end of non-void function "SPIPassword_Write"
..\source\SPI.c(156): warning:  #177-D: variable "testPassword1" was declared but never referenced
..\source\SPI.c(156): warning:  #177-D: variable "testPassword2" was declared but never referenced
..\source\SPI.c(157): warning:  #177-D: variable "k" was declared but never referenced
..\source\SPI.c(158): warning:  #177-D: variable "PasswordRecord" was declared but never referenced
compiling STC.c...
linking...
Program Size: Code=24038 RO-data=526 RW-data=328 ZI-data=9976  
FromELF: creating hex file...
".\Obj\MagicProgrammer.axf" - 0 Error(s), 6 Warning(s).
Build target 'MagicProgrammer'
compiling SPI.c...
..\source\SPI.c(220): warning:  #940-D: missing return statement at end of non-void function "SPIPassword_Write"
..\source\SPI.c(155): warning:  #177-D: variable "testPassword1" was declared but never referenced
..\source\SPI.c(155): warning:  #177-D: variable "testPassword2" was declared but never referenced
..\source\SPI.c(156): warning:  #177-D: variable "k" was declared but never referenced
..\source\SPI.c(157): warning:  #177-D: variable "PasswordRecord" was declared but never referenced
linking...
Program Size: Code=24038 RO-data=526 RW-data=328 ZI-data=9976  
FromELF: creating hex file...
".\Obj\MagicProgrammer.axf" - 0 Error(s), 5 Warning(s).
Build target 'MagicProgrammer'
compiling SPI.c...
..\source\SPI.c(155): warning:  #177-D: variable "testPassword1" was declared but never referenced
..\source\SPI.c(155): warning:  #177-D: variable "testPassword2" was declared but never referenced
..\source\SPI.c(156): warning:  #177-D: variable "k" was declared but never referenced
..\source\SPI.c(157): warning:  #177-D: variable "PasswordRecord" was declared but never referenced
linking...
Program Size: Code=24038 RO-data=526 RW-data=328 ZI-data=9976  
FromELF: creating hex file...
".\Obj\MagicProgrammer.axf" - 0 Error(s), 4 Warning(s).
Build target 'MagicProgrammer'
compiling SPI.c...
..\source\SPI.c(155): warning:  #177-D: variable "k" was declared but never referenced
..\source\SPI.c(156): warning:  #177-D: variable "PasswordRecord" was declared but never referenced
linking...
Program Size: Code=24038 RO-data=526 RW-data=328 ZI-data=9976  
FromELF: creating hex file...
".\Obj\MagicProgrammer.axf" - 0 Error(s), 2 Warning(s).
Build target 'MagicProgrammer'
compiling SPI.c...
..\source\SPI.c(155): warning:  #177-D: variable "k" was declared but never referenced
..\source\SPI.c(156): warning:  #177-D: variable "PasswordRecord" was declared but never referenced
linking...
Program Size: Code=24038 RO-data=526 RW-data=328 ZI-data=9976  
FromELF: creating hex file...
".\Obj\MagicProgrammer.axf" - 0 Error(s), 2 Warning(s).
Build target 'MagicProgrammer'
compiling hw_config.c...
..\source\hw_config.c(528): warning:  #550-D: variable "tmptime" was set but never used
..\source\hw_config.c(575): warning:  #188-D: enumerated type mixed with another type
..\source\hw_config.c(580): warning:  #188-D: enumerated type mixed with another type
compiling SPI.c...
..\source\SPI.c(163): error:  #147-D: declaration is incompatible with "bool SPIPassword_Write(void)" (declared at line 5 of "..\source\SPI.h")
..\source\SPI.c(167): warning:  #177-D: variable "j" was declared but never referenced
..\source\SPI.c(167): warning:  #177-D: variable "k" was declared but never referenced
..\source\SPI.c(168): warning:  #177-D: variable "PasswordRecord" was declared but never referenced
Target not created
Build target 'MagicProgrammer'
compiling SPI.c...
..\source\SPI.h(6): error:  #130: expected a "{"
..\source\SPI.c(15): warning:  #12-D: parsing restarts here after previous syntax error
..\source\SPI.c(15): warning:  #174-D: expression has no effect
..\source\SPI.c(15): error:  #65: expected a ";"
..\source\SPI.c(15): warning:  #940-D: missing return statement at end of non-void function "SPIPassword_Write"
..\source\SPI.c(50): error:  #20: identifier "ArrayITX" is undefined
..\source\SPI.c(66): error:  #20: identifier "ArrayIRX" is undefined
..\source\SPI.c(90): error:  #20: identifier "ArrayIRX" is undefined
..\source\SPI.c(97): error:  #20: identifier "ArrayITX" is undefined
..\source\SPI.c(109): error:  #20: identifier "ArrayITX" is undefined
..\source\SPI.c(163): error:  #247: function "SPIPassword_Write" has already been defined
..\source\SPI.c(167): warning:  #177-D: variable "j" was declared but never referenced
..\source\SPI.c(167): warning:  #177-D: variable "k" was declared but never referenced
..\source\SPI.c(168): warning:  #177-D: variable "PasswordRecord" was declared but never referenced
compiling STC.c...
..\source\spi.h(6): error:  #130: expected a "{"
..\include\OfflineDownloadCtrl.h(29): warning:  #12-D: parsing restarts here after previous syntax error
..\include\OfflineDownloadCtrl.h(42): error:  #101: "pwd" has already been declared in the current scope
..\include\OfflineDownloadCtrl.h(51): warning:  #940-D: missing return statement at end of non-void function "SPIPassword_Write"
..\include\OfflineDownloadCtrl.h(32): warning:  #177-D: variable "flash_map" was declared but never referenced
..\include\OfflineDownloadCtrl.h(33): warning:  #177-D: variable "ram_map" was declared but never referenced
..\include\OfflineDownloadCtrl.h(34): warning:  #177-D: variable "ram_done" was declared but never referenced
..\include\OfflineDownloadCtrl.h(35): warning:  #177-D: variable "flash_done" was declared but never referenced
..\include\OfflineDownloadCtrl.h(36): warning:  #177-D: variable "com_type" was declared but never referenced
..\include\OfflineDownloadCtrl.h(37): warning:  #177-D: variable "MCU_page_size" was declared but never referenced
..\include\OfflineDownloadCtrl.h(38): warning:  #177-D: variable "MCUPID" was declared but never referenced
..\include\OfflineDownloadCtrl.h(39): warning:  #177-D: variable "flash_offset" was declared but never referenced
..\include\OfflineDownloadCtrl.h(40): warning:  #177-D: variable "ram_offset" was declared but never referenced
..\include\OfflineDownloadCtrl.h(41): warning:  #177-D: variable "max_auth_num" was declared but never referenced
..\include\OfflineDownloadCtrl.h(42): warning:  #177-D: variable "pwd" was declared but never referenced
..\include\OfflineDownloadCtrl.h(43): warning:  #177-D: variable "FlashLock" was declared but never referenced
..\include\OfflineDownloadCtrl.h(44): warning:  #177-D: variable "FlashBusKey" was declared but never referenced
..\include\OfflineDownloadCtrl.h(45): warning:  #177-D: variable "FlashBusKeyEn" was declared but never referenced
..\include\OfflineDownloadCtrl.h(46): warning:  #177-D: variable "pwdflag" was declared but never referenced
..\include\OfflineDownloadCtrl.h(47): warning:  #177-D: variable "reserved1" was declared but never referenced
..\include\OfflineDownloadCtrl.h(48): warning:  #177-D: variable "reserved2" was declared but never referenced
..\include\OfflineDownloadCtrl.h(49): warning:  #177-D: variable "flag" was declared but never referenced
..\include\OfflineDownloadCtrl.h(50): warning:  #177-D: variable "checksum" was declared but never referenced
..\include\OfflineDownloadCtrl.h(51): error:  #77-D: this declaration has no storage class or type specifier
..\include\OfflineDownloadCtrl.h(51): error:  #77-D: this declaration has no storage class or type specifier
..\include\OfflineDownloadCtrl.h(53): error:  #757: variable "LPMCU_CFG" is not a type name
..\source\STC.c(149): warning:  #223-D: function "SPI_TxRx" declared implicitly
..\source\STC.c(202): warning:  #223-D: function "SPI_TxRx" declared implicitly
Target not created
Build target 'MagicProgrammer'
compiling SPI.c...
..\source\SPI.c(167): warning:  #177-D: variable "j" was declared but never referenced
..\source\SPI.c(167): warning:  #177-D: variable "k" was declared but never referenced
..\source\SPI.c(168): warning:  #177-D: variable "PasswordRecord" was declared but never referenced
compiling STC.c...
linking...
Program Size: Code=24078 RO-data=526 RW-data=328 ZI-data=9976  
FromELF: creating hex file...
".\Obj\MagicProgrammer.axf" - 0 Error(s), 3 Warning(s).
Build target 'MagicProgrammer'
compiling SPI.c...
..\source\SPI.c(168): warning:  #177-D: variable "PasswordRecord" was declared but never referenced
linking...
Program Size: Code=24078 RO-data=526 RW-data=328 ZI-data=9976  
FromELF: creating hex file...
".\Obj\MagicProgrammer.axf" - 0 Error(s), 1 Warning(s).
Build target 'MagicProgrammer'
compiling SPI.c...
linking...
Program Size: Code=24078 RO-data=526 RW-data=328 ZI-data=9976  
FromELF: creating hex file...
".\Obj\MagicProgrammer.axf" - 0 Error(s), 0 Warning(s).
Build target 'MagicProgrammer'
compiling SPI.c...
linking...
Program Size: Code=24078 RO-data=526 RW-data=328 ZI-data=9976  
FromELF: creating hex file...
".\Obj\MagicProgrammer.axf" - 0 Error(s), 0 Warning(s).
Build target 'MagicProgrammer'
compiling SWD.c...
..\source\SWD.c(47): warning:  #223-D: function "SPIConnectionTest" declared implicitly
..\source\SWD.c(70): warning:  #186-D: pointless comparison of unsigned integer with zero
linking...
Program Size: Code=24078 RO-data=526 RW-data=328 ZI-data=9976  
FromELF: creating hex file...
".\Obj\MagicProgrammer.axf" - 0 Error(s), 2 Warning(s).
Build target 'MagicProgrammer'
compiling SWD.c...
..\source\SWD.c(48): warning:  #223-D: function "SPIConnectionTest" declared implicitly
..\source\SWD.c(71): warning:  #186-D: pointless comparison of unsigned integer with zero
linking...
Program Size: Code=24078 RO-data=526 RW-data=328 ZI-data=9976  
FromELF: creating hex file...
".\Obj\MagicProgrammer.axf" - 0 Error(s), 2 Warning(s).
Build target 'MagicProgrammer'
compiling SPI.c...
compiling STC.c...
compiling SWD.c...
..\source\SWD.c(71): warning:  #186-D: pointless comparison of unsigned integer with zero
linking...
Program Size: Code=24078 RO-data=526 RW-data=328 ZI-data=9976  
FromELF: creating hex file...
".\Obj\MagicProgrammer.axf" - 0 Error(s), 1 Warning(s).
Build target 'MagicProgrammer'
compiling SWD.c...
..\source\SWD.c(60): warning:  #186-D: pointless comparison of unsigned integer with zero
linking...
Program Size: Code=24078 RO-data=526 RW-data=328 ZI-data=9976  
FromELF: creating hex file...
".\Obj\MagicProgrammer.axf" - 0 Error(s), 1 Warning(s).
Build target 'MagicProgrammer'
compiling SWD.c...
..\source\SWD.c(60): warning:  #186-D: pointless comparison of unsigned integer with zero
linking...
Program Size: Code=24078 RO-data=526 RW-data=328 ZI-data=9976  
FromELF: creating hex file...
".\Obj\MagicProgrammer.axf" - 0 Error(s), 1 Warning(s).
Build target 'MagicProgrammer'
compiling SWD.c...
..\source\SWD.c(60): warning:  #186-D: pointless comparison of unsigned integer with zero
linking...
Program Size: Code=24078 RO-data=526 RW-data=328 ZI-data=9976  
FromELF: creating hex file...
".\Obj\MagicProgrammer.axf" - 0 Error(s), 1 Warning(s).
Build target 'MagicProgrammer'
compiling main.c...
compiling usb_endp.c...
compiling BLSlave.c...
compiling OfflineDownloadCtrl.c...
..\source\OfflineDownloadCtrl.c(237): warning:  #177-D: variable "tmp" was declared but never referenced
..\source\OfflineDownloadCtrl.c(313): warning:  #177-D: variable "tmp" was declared but never referenced
compiling SWD.c...
..\source\SWD.c(60): warning:  #186-D: pointless comparison of unsigned integer with zero
linking...
Program Size: Code=24130 RO-data=526 RW-data=328 ZI-data=9976  
FromELF: creating hex file...
".\Obj\MagicProgrammer.axf" - 0 Error(s), 3 Warning(s).
Build target 'MagicProgrammer'
compiling SWD.c...
..\source\SWD.c(62): warning:  #186-D: pointless comparison of unsigned integer with zero
linking...
Program Size: Code=24130 RO-data=526 RW-data=328 ZI-data=9976  
FromELF: creating hex file...
".\Obj\MagicProgrammer.axf" - 0 Error(s), 1 Warning(s).
Build target 'MagicProgrammer'
compiling BLSlave.c...
..\source\BLSlave.c(468): error:  #165: too few arguments in function call
Target not created
Build target 'MagicProgrammer'
compiling BLSlave.c...
linking...
Program Size: Code=30226 RO-data=762 RW-data=336 ZI-data=10024  
FromELF: creating hex file...
".\Obj\MagicProgrammer.axf" - 0 Error(s), 0 Warning(s).
Build target 'MagicProgrammer'
compiling BLSlave.c...
linking...
Program Size: Code=30442 RO-data=762 RW-data=336 ZI-data=10024  
FromELF: creating hex file...
".\Obj\MagicProgrammer.axf" - 0 Error(s), 0 Warning(s).
Build target 'MagicProgrammer'
compiling main.c...
linking...
Program Size: Code=30442 RO-data=762 RW-data=336 ZI-data=10024  
FromELF: creating hex file...
".\Obj\MagicProgrammer.axf" - 0 Error(s), 0 Warning(s).
Build target 'MagicProgrammer'
compiling main.c...
compiling BLSlave.c...
compiling OfflineDownloadCtrl.c...
..\source\OfflineDownloadCtrl.c(237): warning:  #177-D: variable "tmp" was declared but never referenced
..\source\OfflineDownloadCtrl.c(313): warning:  #177-D: variable "tmp" was declared but never referenced
..\source\OfflineDownloadCtrl.c(373): warning:  #177-D: variable "tmp" was declared but never referenced
compiling STC.c...
compiling SWD.c...
..\source\SWD.c(62): warning:  #186-D: pointless comparison of unsigned integer with zero
linking...
Program Size: Code=30594 RO-data=762 RW-data=336 ZI-data=10024  
FromELF: creating hex file...
".\Obj\MagicProgrammer.axf" - 0 Error(s), 4 Warning(s).
Build target 'MagicProgrammer'
compiling OfflineDownloadCtrl.c...
..\source\OfflineDownloadCtrl.c(237): warning:  #177-D: variable "tmp" was declared but never referenced
..\source\OfflineDownloadCtrl.c(313): warning:  #177-D: variable "tmp" was declared but never referenced
..\source\OfflineDownloadCtrl.c(377): warning:  #223-D: function "SWD_Connect" declared implicitly
..\source\OfflineDownloadCtrl.c(386): warning:  #223-D: function "SWD_WritePWD" declared implicitly
..\source\OfflineDownloadCtrl.c(390): warning:  #223-D: function "SWD_RemovePWD" declared implicitly
..\source\OfflineDownloadCtrl.c(398): warning:  #223-D: function "SWD_Write" declared implicitly
..\source\OfflineDownloadCtrl.c(408): warning:  #223-D: function "SWD_Read" declared implicitly
..\source\OfflineDownloadCtrl.c(417): warning:  #223-D: function "SWD_GoUserApp" declared implicitly
..\source\OfflineDownloadCtrl.c(372): warning:  #177-D: variable "tmp" was declared but never referenced
linking...
Program Size: Code=30630 RO-data=762 RW-data=336 ZI-data=10024  
FromELF: creating hex file...
".\Obj\MagicProgrammer.axf" - 0 Error(s), 9 Warning(s).
Build target 'MagicProgrammer'
compiling OfflineDownloadCtrl.c...
..\source\OfflineDownloadCtrl.c(238): warning:  #177-D: variable "tmp" was declared but never referenced
..\source\OfflineDownloadCtrl.c(314): warning:  #177-D: variable "tmp" was declared but never referenced
..\source\OfflineDownloadCtrl.c(373): warning:  #177-D: variable "tmp" was declared but never referenced
linking...
Program Size: Code=30630 RO-data=762 RW-data=336 ZI-data=10024  
FromELF: creating hex file...
".\Obj\MagicProgrammer.axf" - 0 Error(s), 3 Warning(s).
Build target 'MagicProgrammer'
compiling OfflineDownloadCtrl.c...
linking...
Program Size: Code=30630 RO-data=762 RW-data=336 ZI-data=10024  
FromELF: creating hex file...
".\Obj\MagicProgrammer.axf" - 0 Error(s), 0 Warning(s).
Build target 'MagicProgrammer'
linking...
Program Size: Code=30630 RO-data=762 RW-data=336 ZI-data=10024  
FromELF: creating hex file...
".\Obj\MagicProgrammer.axf" - 0 Error(s), 0 Warning(s).
