<html>
<body>
<pre>
<h1>µVision Build Log</h1>
<h2>Project:</h2>
E:\project\SI6600\ÍÑ»úÉÕÂ¼Æ÷\release_20160227\project\MagicProgrammer\project\MagicProgrammer.uvproj
Project File Date:  02/26/2016

<h2>Output:</h2>
Build target 'MagicProgrammer'
compiling OfflineDownloadCtrl.c...
..\source\OfflineDownloadCtrl.c(237): warning:  #177-D: variable "tmp" was declared but never referenced
        u8 tmp[2];
..\source\OfflineDownloadCtrl.c(313): warning:  #177-D: variable "tmp" was declared but never referenced
        u8 tmp[2];
..\source\OfflineDownloadCtrl.c: 2 warnings, 0 errors
compiling STC.c...
compiling UART.c...
linking...
Program Size: Code=23324 RO-data=528 RW-data=328 ZI-data=9800  
FromELF: creating hex file...
".\Obj\MagicProgrammer.axf" - 0 Error(s), 2 Warning(s).
8 RW-data=328 ZI-data=9800  
FromELF: creating hex file...
".\Obj\MagicProgrammer.axf" - 0 Error(s), 3 Warning(s).
: Undefined symbol SsO_SetBits (referred from hw_config.o).
Not enough information to list image symbols.
Finished: 1 information, 0 warning and 1 error messages.
".\Obj\MagicProgrammer.axf" - 1 Error(s), 4 Warning(s).
Target not created
  #177-D: variable "tmp" was declared but never referenced
        u8 tmp[2];
..\source\OfflineDownloadCtrl.c: 2 warnings, 0 errors
compiling sw_lib.c...
compiling SPI.c...
..\source\SPI.c(124): warning:  #177-D: variable "k" was declared but never referenced
        u8 i = 0,j = 0,k = 0;
..\source\SPI.c(125): warning:  #177-D: variable "PasswordRecord" was declared but never referenced
        u8 PasswordRecord[16] = {0};
..\source\SPI.c: 2 warnings, 0 errors
compiling STC.c...
compiling UART.c...
compiling usb_core.c...
compiling usb_init.c...
compiling usb_int.c...
compiling usb_mem.c...
compiling usb_regs.c...
assembling stm32f10x_vector.s...
linking...
Program Size: Code=23240 RO-data=528 RW-data=328 ZI-data=9800  
FromELF: creating hex file...
".\Obj\MagicProgrammer.axf" - 0 Error(s), 7 Warning(s).
